make: Attenzione: il file «view/lbmainwindow.ui» ha un orario di modifica 15391 nel futuro
/usr/lib/qt5/bin/uic view/lbmainwindow.ui -o ui_lbmainwindow.h
/usr/lib/qt5/bin/uic view/info.ui -o ui_info.h
/usr/lib/qt5/bin/uic view/view.ui -o ui_view.h
/usr/lib/qt5/bin/uic view/colors.ui -o ui_colors.h
/usr/lib/qt5/bin/uic view/chart.ui -o ui_chart.h
/usr/lib/qt5/bin/uic view/view2.ui -o ui_view2.h
/usr/lib/qt5/bin/uic view/about.ui -o ui_about.h
/usr/lib/qt5/bin/uic view/particles.ui -o ui_particles.h
/usr/lib/qt5/bin/uic view/results.ui -o ui_results.h
/usr/lib/qt5/bin/uic view/changes.ui -o ui_changes.h
/usr/lib/qt5/bin/uic view/codeeditor.ui -o ui_codeeditor.h
/usr/lib/qt5/bin/uic view/interpolation.ui -o ui_interpolation.h
/usr/lib/qt5/bin/uic view/animation.ui -o ui_animation.h
/usr/lib/qt5/bin/uic view/parameters2.ui -o ui_parameters2.h
/usr/lib/qt5/bin/uic view/painterconfig.ui -o ui_painterconfig.h
/usr/lib/qt5/bin/uic view/mesher.ui -o ui_mesher.h
/usr/lib/qt5/bin/uic view/moreinfo.ui -o ui_moreinfo.h
/usr/lib/qt5/bin/uic view/imageprocessing.ui -o ui_imageprocessing.h
/usr/lib/qt5/bin/uic view/geometry.ui -o ui_geometry.h
/usr/lib/qt5/bin/uic view/immersed.ui -o ui_immersed.h
g++ -c -pipe -fopenmp -O3 -march=native -ffast-math -funroll-loops -fomit-frame-pointer -Wall -Wextra -D_REENTRANT -fPIC -DQWT_DLL -DQT_NO_DEBUG -DQT_OPENGL_LIB -DQT_SVG_LIB -DQT_PRINTSUPPORT_LIB -DQT_WIDGETS_LIB -DQT_GUI_LIB -DQT_XML_LIB -DQT_SCRIPT_LIB -DQT_CONCURRENT_LIB -DQT_CORE_LIB -I. -Iview/util -I/usr/local/qwt-6.2.0-dev/include -I/usr/include/x86_64-linux-gnu/qt5 -I/usr/include/x86_64-linux-gnu/qt5/QtOpenGL -I/usr/include/x86_64-linux-gnu/qt5/QtSvg -I/usr/include/x86_64-linux-gnu/qt5/QtPrintSupport -I/usr/include/x86_64-linux-gnu/qt5/QtWidgets -I/usr/include/x86_64-linux-gnu/qt5/QtGui -I/usr/include/x86_64-linux-gnu/qt5/QtXml -I/usr/include/x86_64-linux-gnu/qt5/QtScript -I/usr/include/x86_64-linux-gnu/qt5/QtConcurrent -I/usr/include/x86_64-linux-gnu/qt5/QtCore -I. -I. -I/usr/lib/x86_64-linux-gnu/qt5/mkspecs/linux-g++ -o lbmain.o lbmain.cpp
g++ -c -pipe -fopenmp -O3 -march=native -ffast-math -funroll-loops -fomit-frame-pointer -Wall -Wextra -D_REENTRANT -fPIC -DQWT_DLL -DQT_NO_DEBUG -DQT_OPENGL_LIB -DQT_SVG_LIB -DQT_PRINTSUPPORT_LIB -DQT_WIDGETS_LIB -DQT_GUI_LIB -DQT_XML_LIB -DQT_SCRIPT_LIB -DQT_CONCURRENT_LIB -DQT_CORE_LIB -I. -Iview/util -I/usr/local/qwt-6.2.0-dev/include -I/usr/include/x86_64-linux-gnu/qt5 -I/usr/include/x86_64-linux-gnu/qt5/QtOpenGL -I/usr/include/x86_64-linux-gnu/qt5/QtSvg -I/usr/include/x86_64-linux-gnu/qt5/QtPrintSupport -I/usr/include/x86_64-linux-gnu/qt5/QtWidgets -I/usr/include/x86_64-linux-gnu/qt5/QtGui -I/usr/include/x86_64-linux-gnu/qt5/QtXml -I/usr/include/x86_64-linux-gnu/qt5/QtScript -I/usr/include/x86_64-linux-gnu/qt5/QtConcurrent -I/usr/include/x86_64-linux-gnu/qt5/QtCore -I. -I. -I/usr/lib/x86_64-linux-gnu/qt5/mkspecs/linux-g++ -o info.o view/info.cpp
g++ -c -pipe -fopenmp -O3 -march=native -ffast-math -funroll-loops -fomit-frame-pointer -Wall -Wextra -D_REENTRANT -fPIC -DQWT_DLL -DQT_NO_DEBUG -DQT_OPENGL_LIB -DQT_SVG_LIB -DQT_PRINTSUPPORT_LIB -DQT_WIDGETS_LIB -DQT_GUI_LIB -DQT_XML_LIB -DQT_SCRIPT_LIB -DQT_CONCURRENT_LIB -DQT_CORE_LIB -I. -Iview/util -I/usr/local/qwt-6.2.0-dev/include -I/usr/include/x86_64-linux-gnu/qt5 -I/usr/include/x86_64-linux-gnu/qt5/QtOpenGL -I/usr/include/x86_64-linux-gnu/qt5/QtSvg -I/usr/include/x86_64-linux-gnu/qt5/QtPrintSupport -I/usr/include/x86_64-linux-gnu/qt5/QtWidgets -I/usr/include/x86_64-linux-gnu/qt5/QtGui -I/usr/include/x86_64-linux-gnu/qt5/QtXml -I/usr/include/x86_64-linux-gnu/qt5/QtScript -I/usr/include/x86_64-linux-gnu/qt5/QtConcurrent -I/usr/include/x86_64-linux-gnu/qt5/QtCore -I. -I. -I/usr/lib/x86_64-linux-gnu/qt5/mkspecs/linux-g++ -o wallcell.o model/latticeboltzmann/boundary/wallcell.cpp
g++ -c -pipe -fopenmp -O3 -march=native -ffast-math -funroll-loops -fomit-frame-pointer -Wall -Wextra -D_REENTRANT -fPIC -DQWT_DLL -DQT_NO_DEBUG -DQT_OPENGL_LIB -DQT_SVG_LIB -DQT_PRINTSUPPORT_LIB -DQT_WIDGETS_LIB -DQT_GUI_LIB -DQT_XML_LIB -DQT_SCRIPT_LIB -DQT_CONCURRENT_LIB -DQT_CORE_LIB -I. -Iview/util -I/usr/local/qwt-6.2.0-dev/include -I/usr/include/x86_64-linux-gnu/qt5 -I/usr/include/x86_64-linux-gnu/qt5/QtOpenGL -I/usr/include/x86_64-linux-gnu/qt5/QtSvg -I/usr/include/x86_64-linux-gnu/qt5/QtPrintSupport -I/usr/include/x86_64-linux-gnu/qt5/QtWidgets -I/usr/include/x86_64-linux-gnu/qt5/QtGui -I/usr/include/x86_64-linux-gnu/qt5/QtXml -I/usr/include/x86_64-linux-gnu/qt5/QtScript -I/usr/include/x86_64-linux-gnu/qt5/QtConcurrent -I/usr/include/x86_64-linux-gnu/qt5/QtCore -I. -I. -I/usr/lib/x86_64-linux-gnu/qt5/mkspecs/linux-g++ -o sourcecell.o model/latticeboltzmann/boundary/sourcecell.cpp
g++ -c -pipe -fopenmp -O3 -march=native -ffast-math -funroll-loops -fomit-frame-pointer -Wall -Wextra -D_REENTRANT -fPIC -DQWT_DLL -DQT_NO_DEBUG -DQT_OPENGL_LIB -DQT_SVG_LIB -DQT_PRINTSUPPORT_LIB -DQT_WIDGETS_LIB -DQT_GUI_LIB -DQT_XML_LIB -DQT_SCRIPT_LIB -DQT_CONCURRENT_LIB -DQT_CORE_LIB -I. -Iview/util -I/usr/local/qwt-6.2.0-dev/include -I/usr/include/x86_64-linux-gnu/qt5 -I/usr/include/x86_64-linux-gnu/qt5/QtOpenGL -I/usr/include/x86_64-linux-gnu/qt5/QtSvg -I/usr/include/x86_64-linux-gnu/qt5/QtPrintSupport -I/usr/include/x86_64-linux-gnu/qt5/QtWidgets -I/usr/include/x86_64-linux-gnu/qt5/QtGui -I/usr/include/x86_64-linux-gnu/qt5/QtXml -I/usr/include/x86_64-linux-gnu/qt5/QtScript -I/usr/include/x86_64-linux-gnu/qt5/QtConcurrent -I/usr/include/x86_64-linux-gnu/qt5/QtCore -I. -I. -I/usr/lib/x86_64-linux-gnu/qt5/mkspecs/linux-g++ -o opencell.o model/latticeboltzmann/boundary/opencell.cpp
g++ -c -pipe -fopenmp -O3 -march=native -ffast-math -funroll-loops -fomit-frame-pointer -Wall -Wextra -D_REENTRANT -fPIC -DQWT_DLL -DQT_NO_DEBUG -DQT_OPENGL_LIB -DQT_SVG_LIB -DQT_PRINTSUPPORT_LIB -DQT_WIDGETS_LIB -DQT_GUI_LIB -DQT_XML_LIB -DQT_SCRIPT_LIB -DQT_CONCURRENT_LIB -DQT_CORE_LIB -I. -Iview/util -I/usr/local/qwt-6.2.0-dev/include -I/usr/include/x86_64-linux-gnu/qt5 -I/usr/include/x86_64-linux-gnu/qt5/QtOpenGL -I/usr/include/x86_64-linux-gnu/qt5/QtSvg -I/usr/include/x86_64-linux-gnu/qt5/QtPrintSupport -I/usr/include/x86_64-linux-gnu/qt5/QtWidgets -I/usr/include/x86_64-linux-gnu/qt5/QtGui -I/usr/include/x86_64-linux-gnu/qt5/QtXml -I/usr/include/x86_64-linux-gnu/qt5/QtScript -I/usr/include/x86_64-linux-gnu/qt5/QtConcurrent -I/usr/include/x86_64-linux-gnu/qt5/QtCore -I. -I. -I/usr/lib/x86_64-linux-gnu/qt5/mkspecs/linux-g++ -o listenerdata.o model/listener/listenerdata.cpp
g++ -c -pipe -fopenmp -O3 -march=native -ffast-math -funroll-loops -fomit-frame-pointer -Wall -Wextra -D_REENTRANT -fPIC -DQWT_DLL -DQT_NO_DEBUG -DQT_OPENGL_LIB -DQT_SVG_LIB -DQT_PRINTSUPPORT_LIB -DQT_WIDGETS_LIB -DQT_GUI_LIB -DQT_XML_LIB -DQT_SCRIPT_LIB -DQT_CONCURRENT_LIB -DQT_CORE_LIB -I. -Iview/util -I/usr/local/qwt-6.2.0-dev/include -I/usr/include/x86_64-linux-gnu/qt5 -I/usr/include/x86_64-linux-gnu/qt5/QtOpenGL -I/usr/include/x86_64-linux-gnu/qt5/QtSvg -I/usr/include/x86_64-linux-gnu/qt5/QtPrintSupport -I/usr/include/x86_64-linux-gnu/qt5/QtWidgets -I/usr/include/x86_64-linux-gnu/qt5/QtGui -I/usr/include/x86_64-linux-gnu/qt5/QtXml -I/usr/include/x86_64-linux-gnu/qt5/QtScript -I/usr/include/x86_64-linux-gnu/qt5/QtConcurrent -I/usr/include/x86_64-linux-gnu/qt5/QtCore -I. -I. -I/usr/lib/x86_64-linux-gnu/qt5/mkspecs/linux-g++ -o lbgrid.o model/latticeboltzmann/lbgrid.cpp
g++ -c -pipe -fopenmp -O3 -march=native -ffast-math -funroll-loops -fomit-frame-pointer -Wall -Wextra -D_REENTRANT -fPIC -DQWT_DLL -DQT_NO_DEBUG -DQT_OPENGL_LIB -DQT_SVG_LIB -DQT_PRINTSUPPORT_LIB -DQT_WIDGETS_LIB -DQT_GUI_LIB -DQT_XML_LIB -DQT_SCRIPT_LIB -DQT_CONCURRENT_LIB -DQT_CORE_LIB -I. -Iview/util -I/usr/local/qwt-6.2.0-dev/include -I/usr/include/x86_64-linux-gnu/qt5 -I/usr/include/x86_64-linux-gnu/qt5/QtOpenGL -I/usr/include/x86_64-linux-gnu/qt5/QtSvg -I/usr/include/x86_64-linux-gnu/qt5/QtPrintSupport -I/usr/include/x86_64-linux-gnu/qt5/QtWidgets -I/usr/include/x86_64-linux-gnu/qt5/QtGui -I/usr/include/x86_64-linux-gnu/qt5/QtXml -I/usr/include/x86_64-linux-gnu/qt5/QtScript -I/usr/include/x86_64-linux-gnu/qt5/QtConcurrent -I/usr/include/x86_64-linux-gnu/qt5/QtCore -I. -I. -I/usr/lib/x86_64-linux-gnu/qt5/mkspecs/linux-g++ -o painter.o view/painter/painter.cpp
g++ -c -pipe -fopenmp -O3 -march=native -ffast-math -funroll-loops -fomit-frame-pointer -Wall -Wextra -D_REENTRANT -fPIC -DQWT_DLL -DQT_NO_DEBUG -DQT_OPENGL_LIB -DQT_SVG_LIB -DQT_PRINTSUPPORT_LIB -DQT_WIDGETS_LIB -DQT_GUI_LIB -DQT_XML_LIB -DQT_SCRIPT_LIB -DQT_CONCURRENT_LIB -DQT_CORE_LIB -I. -Iview/util -I/usr/local/qwt-6.2.0-dev/include -I/usr/include/x86_64-linux-gnu/qt5 -I/usr/include/x86_64-linux-gnu/qt5/QtOpenGL -I/usr/include/x86_64-linux-gnu/qt5/QtSvg -I/usr/include/x86_64-linux-gnu/qt5/QtPrintSupport -I/usr/include/x86_64-linux-gnu/qt5/QtWidgets -I/usr/include/x86_64-linux-gnu/qt5/QtGui -I/usr/include/x86_64-linux-gnu/qt5/QtXml -I/usr/include/x86_64-linux-gnu/qt5/QtScript -I/usr/include/x86_64-linux-gnu/qt5/QtConcurrent -I/usr/include/x86_64-linux-gnu/qt5/QtCore -I. -I. -I/usr/lib/x86_64-linux-gnu/qt5/mkspecs/linux-g++ -o camera.o view/painter/camera.cpp
g++ -c -pipe -fopenmp -O3 -march=native -ffast-math -funroll-loops -fomit-frame-pointer -Wall -Wextra -D_REENTRANT -fPIC -DQWT_DLL -DQT_NO_DEBUG -DQT_OPENGL_LIB -DQT_SVG_LIB -DQT_PRINTSUPPORT_LIB -DQT_WIDGETS_LIB -DQT_GUI_LIB -DQT_XML_LIB -DQT_SCRIPT_LIB -DQT_CONCURRENT_LIB -DQT_CORE_LIB -I. -Iview/util -I/usr/local/qwt-6.2.0-dev/include -I/usr/include/x86_64-linux-gnu/qt5 -I/usr/include/x86_64-linux-gnu/qt5/QtOpenGL -I/usr/include/x86_64-linux-gnu/qt5/QtSvg -I/usr/include/x86_64-linux-gnu/qt5/QtPrintSupport -I/usr/include/x86_64-linux-gnu/qt5/QtWidgets -I/usr/include/x86_64-linux-gnu/qt5/QtGui -I/usr/include/x86_64-linux-gnu/qt5/QtXml -I/usr/include/x86_64-linux-gnu/qt5/QtScript -I/usr/include/x86_64-linux-gnu/qt5/QtConcurrent -I/usr/include/x86_64-linux-gnu/qt5/QtCore -I. -I. -I/usr/lib/x86_64-linux-gnu/qt5/mkspecs/linux-g++ -o loaderfromimage.o model/inputoutput/loaderfromimage.cpp
g++ -c -pipe -fopenmp -O3 -march=native -ffast-math -funroll-loops -fomit-frame-pointer -Wall -Wextra -D_REENTRANT -fPIC -DQWT_DLL -DQT_NO_DEBUG -DQT_OPENGL_LIB -DQT_SVG_LIB -DQT_PRINTSUPPORT_LIB -DQT_WIDGETS_LIB -DQT_GUI_LIB -DQT_XML_LIB -DQT_SCRIPT_LIB -DQT_CONCURRENT_LIB -DQT_CORE_LIB -I. -Iview/util -I/usr/local/qwt-6.2.0-dev/include -I/usr/include/x86_64-linux-gnu/qt5 -I/usr/include/x86_64-linux-gnu/qt5/QtOpenGL -I/usr/include/x86_64-linux-gnu/qt5/QtSvg -I/usr/include/x86_64-linux-gnu/qt5/QtPrintSupport -I/usr/include/x86_64-linux-gnu/qt5/QtWidgets -I/usr/include/x86_64-linux-gnu/qt5/QtGui -I/usr/include/x86_64-linux-gnu/qt5/QtXml -I/usr/include/x86_64-linux-gnu/qt5/QtScript -I/usr/include/x86_64-linux-gnu/qt5/QtConcurrent -I/usr/include/x86_64-linux-gnu/qt5/QtCore -I. -I. -I/usr/lib/x86_64-linux-gnu/qt5/mkspecs/linux-g++ -o loaderfromtext.o model/inputoutput/loaderfromtext.cpp
g++ -c -pipe -fopenmp -O3 -march=native -ffast-math -funroll-loops -fomit-frame-pointer -Wall -Wextra -D_REENTRANT -fPIC -DQWT_DLL -DQT_NO_DEBUG -DQT_OPENGL_LIB -DQT_SVG_LIB -DQT_PRINTSUPPORT_LIB -DQT_WIDGETS_LIB -DQT_GUI_LIB -DQT_XML_LIB -DQT_SCRIPT_LIB -DQT_CONCURRENT_LIB -DQT_CORE_LIB -I. -Iview/util -I/usr/local/qwt-6.2.0-dev/include -I/usr/include/x86_64-linux-gnu/qt5 -I/usr/include/x86_64-linux-gnu/qt5/QtOpenGL -I/usr/include/x86_64-linux-gnu/qt5/QtSvg -I/usr/include/x86_64-linux-gnu/qt5/QtPrintSupport -I/usr/include/x86_64-linux-gnu/qt5/QtWidgets -I/usr/include/x86_64-linux-gnu/qt5/QtGui -I/usr/include/x86_64-linux-gnu/qt5/QtXml -I/usr/include/x86_64-linux-gnu/qt5/QtScript -I/usr/include/x86_64-linux-gnu/qt5/QtConcurrent -I/usr/include/x86_64-linux-gnu/qt5/QtCore -I. -I. -I/usr/lib/x86_64-linux-gnu/qt5/mkspecs/linux-g++ -o view.o view/view.cpp
g++ -c -pipe -fopenmp -O3 -march=native -ffast-math -funroll-loops -fomit-frame-pointer -Wall -Wextra -D_REENTRANT -fPIC -DQWT_DLL -DQT_NO_DEBUG -DQT_OPENGL_LIB -DQT_SVG_LIB -DQT_PRINTSUPPORT_LIB -DQT_WIDGETS_LIB -DQT_GUI_LIB -DQT_XML_LIB -DQT_SCRIPT_LIB -DQT_CONCURRENT_LIB -DQT_CORE_LIB -I. -Iview/util -I/usr/local/qwt-6.2.0-dev/include -I/usr/include/x86_64-linux-gnu/qt5 -I/usr/include/x86_64-linux-gnu/qt5/QtOpenGL -I/usr/include/x86_64-linux-gnu/qt5/QtSvg -I/usr/include/x86_64-linux-gnu/qt5/QtPrintSupport -I/usr/include/x86_64-linux-gnu/qt5/QtWidgets -I/usr/include/x86_64-linux-gnu/qt5/QtGui -I/usr/include/x86_64-linux-gnu/qt5/QtXml -I/usr/include/x86_64-linux-gnu/qt5/QtScript -I/usr/include/x86_64-linux-gnu/qt5/QtConcurrent -I/usr/include/x86_64-linux-gnu/qt5/QtCore -I. -I. -I/usr/lib/x86_64-linux-gnu/qt5/mkspecs/linux-g++ -o scrolldecorator.o view/util/scrolldecorator.cpp
g++ -c -pipe -fopenmp -O3 -march=native -ffast-math -funroll-loops -fomit-frame-pointer -Wall -Wextra -D_REENTRANT -fPIC -DQWT_DLL -DQT_NO_DEBUG -DQT_OPENGL_LIB -DQT_SVG_LIB -DQT_PRINTSUPPORT_LIB -DQT_WIDGETS_LIB -DQT_GUI_LIB -DQT_XML_LIB -DQT_SCRIPT_LIB -DQT_CONCURRENT_LIB -DQT_CORE_LIB -I. -Iview/util -I/usr/local/qwt-6.2.0-dev/include -I/usr/include/x86_64-linux-gnu/qt5 -I/usr/include/x86_64-linux-gnu/qt5/QtOpenGL -I/usr/include/x86_64-linux-gnu/qt5/QtSvg -I/usr/include/x86_64-linux-gnu/qt5/QtPrintSupport -I/usr/include/x86_64-linux-gnu/qt5/QtWidgets -I/usr/include/x86_64-linux-gnu/qt5/QtGui -I/usr/include/x86_64-linux-gnu/qt5/QtXml -I/usr/include/x86_64-linux-gnu/qt5/QtScript -I/usr/include/x86_64-linux-gnu/qt5/QtConcurrent -I/usr/include/x86_64-linux-gnu/qt5/QtCore -I. -I. -I/usr/lib/x86_64-linux-gnu/qt5/mkspecs/linux-g++ -o velocityfield.o model/latticeboltzmann/extra/velocityfield.cpp
g++ -c -pipe -fopenmp -O3 -march=native -ffast-math -funroll-loops -fomit-frame-pointer -Wall -Wextra -D_REENTRANT -fPIC -DQWT_DLL -DQT_NO_DEBUG -DQT_OPENGL_LIB -DQT_SVG_LIB -DQT_PRINTSUPPORT_LIB -DQT_WIDGETS_LIB -DQT_GUI_LIB -DQT_XML_LIB -DQT_SCRIPT_LIB -DQT_CONCURRENT_LIB -DQT_CORE_LIB -I. -Iview/util -I/usr/local/qwt-6.2.0-dev/include -I/usr/include/x86_64-linux-gnu/qt5 -I/usr/include/x86_64-linux-gnu/qt5/QtOpenGL -I/usr/include/x86_64-linux-gnu/qt5/QtSvg -I/usr/include/x86_64-linux-gnu/qt5/QtPrintSupport -I/usr/include/x86_64-linux-gnu/qt5/QtWidgets -I/usr/include/x86_64-linux-gnu/qt5/QtGui -I/usr/include/x86_64-linux-gnu/qt5/QtXml -I/usr/include/x86_64-linux-gnu/qt5/QtScript -I/usr/include/x86_64-linux-gnu/qt5/QtConcurrent -I/usr/include/x86_64-linux-gnu/qt5/QtCore -I. -I. -I/usr/lib/x86_64-linux-gnu/qt5/mkspecs/linux-g++ -o iterationreporter.o model/inputoutput/iterationreporter.cpp
g++ -c -pipe -fopenmp -O3 -march=native -ffast-math -funroll-loops -fomit-frame-pointer -Wall -Wextra -D_REENTRANT -fPIC -DQWT_DLL -DQT_NO_DEBUG -DQT_OPENGL_LIB -DQT_SVG_LIB -DQT_PRINTSUPPORT_LIB -DQT_WIDGETS_LIB -DQT_GUI_LIB -DQT_XML_LIB -DQT_SCRIPT_LIB -DQT_CONCURRENT_LIB -DQT_CORE_LIB -I. -Iview/util -I/usr/local/qwt-6.2.0-dev/include -I/usr/include/x86_64-linux-gnu/qt5 -I/usr/include/x86_64-linux-gnu/qt5/QtOpenGL -I/usr/include/x86_64-linux-gnu/qt5/QtSvg -I/usr/include/x86_64-linux-gnu/qt5/QtPrintSupport -I/usr/include/x86_64-linux-gnu/qt5/QtWidgets -I/usr/include/x86_64-linux-gnu/qt5/QtGui -I/usr/include/x86_64-linux-gnu/qt5/QtXml -I/usr/include/x86_64-linux-gnu/qt5/QtScript -I/usr/include/x86_64-linux-gnu/qt5/QtConcurrent -I/usr/include/x86_64-linux-gnu/qt5/QtCore -I. -I. -I/usr/lib/x86_64-linux-gnu/qt5/mkspecs/linux-g++ -o simulationreporter.o model/inputoutput/simulationreporter.cpp
g++ -c -pipe -fopenmp -O3 -march=native -ffast-math -funroll-loops -fomit-frame-pointer -Wall -Wextra -D_REENTRANT -fPIC -DQWT_DLL -DQT_NO_DEBUG -DQT_OPENGL_LIB -DQT_SVG_LIB -DQT_PRINTSUPPORT_LIB -DQT_WIDGETS_LIB -DQT_GUI_LIB -DQT_XML_LIB -DQT_SCRIPT_LIB -DQT_CONCURRENT_LIB -DQT_CORE_LIB -I. -Iview/util -I/usr/local/qwt-6.2.0-dev/include -I/usr/include/x86_64-linux-gnu/qt5 -I/usr/include/x86_64-linux-gnu/qt5/QtOpenGL -I/usr/include/x86_64-linux-gnu/qt5/QtSvg -I/usr/include/x86_64-linux-gnu/qt5/QtPrintSupport -I/usr/include/x86_64-linux-gnu/qt5/QtWidgets -I/usr/include/x86_64-linux-gnu/qt5/QtGui -I/usr/include/x86_64-linux-gnu/qt5/QtXml -I/usr/include/x86_64-linux-gnu/qt5/QtScript -I/usr/include/x86_64-linux-gnu/qt5/QtConcurrent -I/usr/include/x86_64-linux-gnu/qt5/QtCore -I. -I. -I/usr/lib/x86_64-linux-gnu/qt5/mkspecs/linux-g++ -o zouheboundary.o model/latticeboltzmann/boundary/zouheboundary.cpp
g++ -c -pipe -fopenmp -O3 -march=native -ffast-math -funroll-loops -fomit-frame-pointer -Wall -Wextra -D_REENTRANT -fPIC -DQWT_DLL -DQT_NO_DEBUG -DQT_OPENGL_LIB -DQT_SVG_LIB -DQT_PRINTSUPPORT_LIB -DQT_WIDGETS_LIB -DQT_GUI_LIB -DQT_XML_LIB -DQT_SCRIPT_LIB -DQT_CONCURRENT_LIB -DQT_CORE_LIB -I. -Iview/util -I/usr/local/qwt-6.2.0-dev/include -I/usr/include/x86_64-linux-gnu/qt5 -I/usr/include/x86_64-linux-gnu/qt5/QtOpenGL -I/usr/include/x86_64-linux-gnu/qt5/QtSvg -I/usr/include/x86_64-linux-gnu/qt5/QtPrintSupport -I/usr/include/x86_64-linux-gnu/qt5/QtWidgets -I/usr/include/x86_64-linux-gnu/qt5/QtGui -I/usr/include/x86_64-linux-gnu/qt5/QtXml -I/usr/include/x86_64-linux-gnu/qt5/QtScript -I/usr/include/x86_64-linux-gnu/qt5/QtConcurrent -I/usr/include/x86_64-linux-gnu/qt5/QtCore -I. -I. -I/usr/lib/x86_64-linux-gnu/qt5/mkspecs/linux-g++ -o executor.o view/util/executor.cpp
g++ -c -pipe -fopenmp -O3 -march=native -ffast-math -funroll-loops -fomit-frame-pointer -Wall -Wextra -D_REENTRANT -fPIC -DQWT_DLL -DQT_NO_DEBUG -DQT_OPENGL_LIB -DQT_SVG_LIB -DQT_PRINTSUPPORT_LIB -DQT_WIDGETS_LIB -DQT_GUI_LIB -DQT_XML_LIB -DQT_SCRIPT_LIB -DQT_CONCURRENT_LIB -DQT_CORE_LIB -I. -Iview/util -I/usr/local/qwt-6.2.0-dev/include -I/usr/include/x86_64-linux-gnu/qt5 -I/usr/include/x86_64-linux-gnu/qt5/QtOpenGL -I/usr/include/x86_64-linux-gnu/qt5/QtSvg -I/usr/include/x86_64-linux-gnu/qt5/QtPrintSupport -I/usr/include/x86_64-linux-gnu/qt5/QtWidgets -I/usr/include/x86_64-linux-gnu/qt5/QtGui -I/usr/include/x86_64-linux-gnu/qt5/QtXml -I/usr/include/x86_64-linux-gnu/qt5/QtScript -I/usr/include/x86_64-linux-gnu/qt5/QtConcurrent -I/usr/include/x86_64-linux-gnu/qt5/QtCore -I. -I. -I/usr/lib/x86_64-linux-gnu/qt5/mkspecs/linux-g++ -o mccell.o model/latticeboltzmann/multi/mccell.cpp
g++ -c -pipe -fopenmp -O3 -march=native -ffast-math -funroll-loops -fomit-frame-pointer -Wall -Wextra -D_REENTRANT -fPIC -DQWT_DLL -DQT_NO_DEBUG -DQT_OPENGL_LIB -DQT_SVG_LIB -DQT_PRINTSUPPORT_LIB -DQT_WIDGETS_LIB -DQT_GUI_LIB -DQT_XML_LIB -DQT_SCRIPT_LIB -DQT_CONCURRENT_LIB -DQT_CORE_LIB -I. -Iview/util -I/usr/local/qwt-6.2.0-dev/include -I/usr/include/x86_64-linux-gnu/qt5 -I/usr/include/x86_64-linux-gnu/qt5/QtOpenGL -I/usr/include/x86_64-linux-gnu/qt5/QtSvg -I/usr/include/x86_64-linux-gnu/qt5/QtPrintSupport -I/usr/include/x86_64-linux-gnu/qt5/QtWidgets -I/usr/include/x86_64-linux-gnu/qt5/QtGui -I/usr/include/x86_64-linux-gnu/qt5/QtXml -I/usr/include/x86_64-linux-gnu/qt5/QtScript -I/usr/include/x86_64-linux-gnu/qt5/QtConcurrent -I/usr/include/x86_64-linux-gnu/qt5/QtCore -I. -I. -I/usr/lib/x86_64-linux-gnu/qt5/mkspecs/linux-g++ -o sccell.o model/latticeboltzmann/sccell.cpp
g++ -c -pipe -fopenmp -O3 -march=native -ffast-math -funroll-loops -fomit-frame-pointer -Wall -Wextra -D_REENTRANT -fPIC -DQWT_DLL -DQT_NO_DEBUG -DQT_OPENGL_LIB -DQT_SVG_LIB -DQT_PRINTSUPPORT_LIB -DQT_WIDGETS_LIB -DQT_GUI_LIB -DQT_XML_LIB -DQT_SCRIPT_LIB -DQT_CONCURRENT_LIB -DQT_CORE_LIB -I. -Iview/util -I/usr/local/qwt-6.2.0-dev/include -I/usr/include/x86_64-linux-gnu/qt5 -I/usr/include/x86_64-linux-gnu/qt5/QtOpenGL -I/usr/include/x86_64-linux-gnu/qt5/QtSvg -I/usr/include/x86_64-linux-gnu/qt5/QtPrintSupport -I/usr/include/x86_64-linux-gnu/qt5/QtWidgets -I/usr/include/x86_64-linux-gnu/qt5/QtGui -I/usr/include/x86_64-linux-gnu/qt5/QtXml -I/usr/include/x86_64-linux-gnu/qt5/QtScript -I/usr/include/x86_64-linux-gnu/qt5/QtConcurrent -I/usr/include/x86_64-linux-gnu/qt5/QtCore -I. -I. -I/usr/lib/x86_64-linux-gnu/qt5/mkspecs/linux-g++ -o gravity.o model/latticeboltzmann/force/gravity.cpp
g++ -c -pipe -fopenmp -O3 -march=native -ffast-math -funroll-loops -fomit-frame-pointer -Wall -Wextra -D_REENTRANT -fPIC -DQWT_DLL -DQT_NO_DEBUG -DQT_OPENGL_LIB -DQT_SVG_LIB -DQT_PRINTSUPPORT_LIB -DQT_WIDGETS_LIB -DQT_GUI_LIB -DQT_XML_LIB -DQT_SCRIPT_LIB -DQT_CONCURRENT_LIB -DQT_CORE_LIB -I. -Iview/util -I/usr/local/qwt-6.2.0-dev/include -I/usr/include/x86_64-linux-gnu/qt5 -I/usr/include/x86_64-linux-gnu/qt5/QtOpenGL -I/usr/include/x86_64-linux-gnu/qt5/QtSvg -I/usr/include/x86_64-linux-gnu/qt5/QtPrintSupport -I/usr/include/x86_64-linux-gnu/qt5/QtWidgets -I/usr/include/x86_64-linux-gnu/qt5/QtGui -I/usr/include/x86_64-linux-gnu/qt5/QtXml -I/usr/include/x86_64-linux-gnu/qt5/QtScript -I/usr/include/x86_64-linux-gnu/qt5/QtConcurrent -I/usr/include/x86_64-linux-gnu/qt5/QtCore -I. -I. -I/usr/lib/x86_64-linux-gnu/qt5/mkspecs/linux-g++ -o multiphase.o model/latticeboltzmann/force/multiphase.cpp
g++ -c -pipe -fopenmp -O3 -march=native -ffast-math -funroll-loops -fomit-frame-pointer -Wall -Wextra -D_REENTRANT -fPIC -DQWT_DLL -DQT_NO_DEBUG -DQT_OPENGL_LIB -DQT_SVG_LIB -DQT_PRINTSUPPORT_LIB -DQT_WIDGETS_LIB -DQT_GUI_LIB -DQT_XML_LIB -DQT_SCRIPT_LIB -DQT_CONCURRENT_LIB -DQT_CORE_LIB -I. -Iview/util -I/usr/local/qwt-6.2.0-dev/include -I/usr/include/x86_64-linux-gnu/qt5 -I/usr/include/x86_64-linux-gnu/qt5/QtOpenGL -I/usr/include/x86_64-linux-gnu/qt5/QtSvg -I/usr/include/x86_64-linux-gnu/qt5/QtPrintSupport -I/usr/include/x86_64-linux-gnu/qt5/QtWidgets -I/usr/include/x86_64-linux-gnu/qt5/QtGui -I/usr/include/x86_64-linux-gnu/qt5/QtXml -I/usr/include/x86_64-linux-gnu/qt5/QtScript -I/usr/include/x86_64-linux-gnu/qt5/QtConcurrent -I/usr/include/x86_64-linux-gnu/qt5/QtCore -I. -I. -I/usr/lib/x86_64-linux-gnu/qt5/mkspecs/linux-g++ -o lbutil.o model/latticeboltzmann/lbutil.cpp
g++ -c -pipe -fopenmp -O3 -march=native -ffast-math -funroll-loops -fomit-frame-pointer -Wall -Wextra -D_REENTRANT -fPIC -DQWT_DLL -DQT_NO_DEBUG -DQT_OPENGL_LIB -DQT_SVG_LIB -DQT_PRINTSUPPORT_LIB -DQT_WIDGETS_LIB -DQT_GUI_LIB -DQT_XML_LIB -DQT_SCRIPT_LIB -DQT_CONCURRENT_LIB -DQT_CORE_LIB -I. -Iview/util -I/usr/local/qwt-6.2.0-dev/include -I/usr/include/x86_64-linux-gnu/qt5 -I/usr/include/x86_64-linux-gnu/qt5/QtOpenGL -I/usr/include/x86_64-linux-gnu/qt5/QtSvg -I/usr/include/x86_64-linux-gnu/qt5/QtPrintSupport -I/usr/include/x86_64-linux-gnu/qt5/QtWidgets -I/usr/include/x86_64-linux-gnu/qt5/QtGui -I/usr/include/x86_64-linux-gnu/qt5/QtXml -I/usr/include/x86_64-linux-gnu/qt5/QtScript -I/usr/include/x86_64-linux-gnu/qt5/QtConcurrent -I/usr/include/x86_64-linux-gnu/qt5/QtCore -I. -I. -I/usr/lib/x86_64-linux-gnu/qt5/mkspecs/linux-g++ -o gridconfig.o model/latticeboltzmann/gridconfig.cpp
g++ -c -pipe -fopenmp -O3 -march=native -ffast-math -funroll-loops -fomit-frame-pointer -Wall -Wextra -D_REENTRANT -fPIC -DQWT_DLL -DQT_NO_DEBUG -DQT_OPENGL_LIB -DQT_SVG_LIB -DQT_PRINTSUPPORT_LIB -DQT_WIDGETS_LIB -DQT_GUI_LIB -DQT_XML_LIB -DQT_SCRIPT_LIB -DQT_CONCURRENT_LIB -DQT_CORE_LIB -I. -Iview/util -I/usr/local/qwt-6.2.0-dev/include -I/usr/include/x86_64-linux-gnu/qt5 -I/usr/include/x86_64-linux-gnu/qt5/QtOpenGL -I/usr/include/x86_64-linux-gnu/qt5/QtSvg -I/usr/include/x86_64-linux-gnu/qt5/QtPrintSupport -I/usr/include/x86_64-linux-gnu/qt5/QtWidgets -I/usr/include/x86_64-linux-gnu/qt5/QtGui -I/usr/include/x86_64-linux-gnu/qt5/QtXml -I/usr/include/x86_64-linux-gnu/qt5/QtScript -I/usr/include/x86_64-linux-gnu/qt5/QtConcurrent -I/usr/include/x86_64-linux-gnu/qt5/QtCore -I. -I. -I/usr/lib/x86_64-linux-gnu/qt5/mkspecs/linux-g++ -o colors.o view/colors.cpp
g++ -c -pipe -fopenmp -O3 -march=native -ffast-math -funroll-loops -fomit-frame-pointer -Wall -Wextra -D_REENTRANT -fPIC -DQWT_DLL -DQT_NO_DEBUG -DQT_OPENGL_LIB -DQT_SVG_LIB -DQT_PRINTSUPPORT_LIB -DQT_WIDGETS_LIB -DQT_GUI_LIB -DQT_XML_LIB -DQT_SCRIPT_LIB -DQT_CONCURRENT_LIB -DQT_CORE_LIB -I. -Iview/util -I/usr/local/qwt-6.2.0-dev/include -I/usr/include/x86_64-linux-gnu/qt5 -I/usr/include/x86_64-linux-gnu/qt5/QtOpenGL -I/usr/include/x86_64-linux-gnu/qt5/QtSvg -I/usr/include/x86_64-linux-gnu/qt5/QtPrintSupport -I/usr/include/x86_64-linux-gnu/qt5/QtWidgets -I/usr/include/x86_64-linux-gnu/qt5/QtGui -I/usr/include/x86_64-linux-gnu/qt5/QtXml -I/usr/include/x86_64-linux-gnu/qt5/QtScript -I/usr/include/x86_64-linux-gnu/qt5/QtConcurrent -I/usr/include/x86_64-linux-gnu/qt5/QtCore -I. -I. -I/usr/lib/x86_64-linux-gnu/qt5/mkspecs/linux-g++ -o movingcell.o model/latticeboltzmann/moving/movingcell.cpp
g++ -c -pipe -fopenmp -O3 -march=native -ffast-math -funroll-loops -fomit-frame-pointer -Wall -Wextra -D_REENTRANT -fPIC -DQWT_DLL -DQT_NO_DEBUG -DQT_OPENGL_LIB -DQT_SVG_LIB -DQT_PRINTSUPPORT_LIB -DQT_WIDGETS_LIB -DQT_GUI_LIB -DQT_XML_LIB -DQT_SCRIPT_LIB -DQT_CONCURRENT_LIB -DQT_CORE_LIB -I. -Iview/util -I/usr/local/qwt-6.2.0-dev/include -I/usr/include/x86_64-linux-gnu/qt5 -I/usr/include/x86_64-linux-gnu/qt5/QtOpenGL -I/usr/include/x86_64-linux-gnu/qt5/QtSvg -I/usr/include/x86_64-linux-gnu/qt5/QtPrintSupport -I/usr/include/x86_64-linux-gnu/qt5/QtWidgets -I/usr/include/x86_64-linux-gnu/qt5/QtGui -I/usr/include/x86_64-linux-gnu/qt5/QtXml -I/usr/include/x86_64-linux-gnu/qt5/QtScript -I/usr/include/x86_64-linux-gnu/qt5/QtConcurrent -I/usr/include/x86_64-linux-gnu/qt5/QtCore -I. -I. -I/usr/lib/x86_64-linux-gnu/qt5/mkspecs/linux-g++ -o movingparticle.o model/latticeboltzmann/moving/movingparticle.cpp
g++ -c -pipe -fopenmp -O3 -march=native -ffast-math -funroll-loops -fomit-frame-pointer -Wall -Wextra -D_REENTRANT -fPIC -DQWT_DLL -DQT_NO_DEBUG -DQT_OPENGL_LIB -DQT_SVG_LIB -DQT_PRINTSUPPORT_LIB -DQT_WIDGETS_LIB -DQT_GUI_LIB -DQT_XML_LIB -DQT_SCRIPT_LIB -DQT_CONCURRENT_LIB -DQT_CORE_LIB -I. -Iview/util -I/usr/local/qwt-6.2.0-dev/include -I/usr/include/x86_64-linux-gnu/qt5 -I/usr/include/x86_64-linux-gnu/qt5/QtOpenGL -I/usr/include/x86_64-linux-gnu/qt5/QtSvg -I/usr/include/x86_64-linux-gnu/qt5/QtPrintSupport -I/usr/include/x86_64-linux-gnu/qt5/QtWidgets -I/usr/include/x86_64-linux-gnu/qt5/QtGui -I/usr/include/x86_64-linux-gnu/qt5/QtXml -I/usr/include/x86_64-linux-gnu/qt5/QtScript -I/usr/include/x86_64-linux-gnu/qt5/QtConcurrent -I/usr/include/x86_64-linux-gnu/qt5/QtCore -I. -I. -I/usr/lib/x86_64-linux-gnu/qt5/mkspecs/linux-g++ -o vector3i.o model/math/vector3i.cpp
g++ -c -pipe -fopenmp -O3 -march=native -ffast-math -funroll-loops -fomit-frame-pointer -Wall -Wextra -D_REENTRANT -fPIC -DQWT_DLL -DQT_NO_DEBUG -DQT_OPENGL_LIB -DQT_SVG_LIB -DQT_PRINTSUPPORT_LIB -DQT_WIDGETS_LIB -DQT_GUI_LIB -DQT_XML_LIB -DQT_SCRIPT_LIB -DQT_CONCURRENT_LIB -DQT_CORE_LIB -I. -Iview/util -I/usr/local/qwt-6.2.0-dev/include -I/usr/include/x86_64-linux-gnu/qt5 -I/usr/include/x86_64-linux-gnu/qt5/QtOpenGL -I/usr/include/x86_64-linux-gnu/qt5/QtSvg -I/usr/include/x86_64-linux-gnu/qt5/QtPrintSupport -I/usr/include/x86_64-linux-gnu/qt5/QtWidgets -I/usr/include/x86_64-linux-gnu/qt5/QtGui -I/usr/include/x86_64-linux-gnu/qt5/QtXml -I/usr/include/x86_64-linux-gnu/qt5/QtScript -I/usr/include/x86_64-linux-gnu/qt5/QtConcurrent -I/usr/include/x86_64-linux-gnu/qt5/QtCore -I. -I. -I/usr/lib/x86_64-linux-gnu/qt5/mkspecs/linux-g++ -o particlemanager.o model/latticeboltzmann/moving/particlemanager.cpp
g++ -c -pipe -fopenmp -O3 -march=native -ffast-math -funroll-loops -fomit-frame-pointer -Wall -Wextra -D_REENTRANT -fPIC -DQWT_DLL -DQT_NO_DEBUG -DQT_OPENGL_LIB -DQT_SVG_LIB -DQT_PRINTSUPPORT_LIB -DQT_WIDGETS_LIB -DQT_GUI_LIB -DQT_XML_LIB -DQT_SCRIPT_LIB -DQT_CONCURRENT_LIB -DQT_CORE_LIB -I. -Iview/util -I/usr/local/qwt-6.2.0-dev/include -I/usr/include/x86_64-linux-gnu/qt5 -I/usr/include/x86_64-linux-gnu/qt5/QtOpenGL -I/usr/include/x86_64-linux-gnu/qt5/QtSvg -I/usr/include/x86_64-linux-gnu/qt5/QtPrintSupport -I/usr/include/x86_64-linux-gnu/qt5/QtWidgets -I/usr/include/x86_64-linux-gnu/qt5/QtGui -I/usr/include/x86_64-linux-gnu/qt5/QtXml -I/usr/include/x86_64-linux-gnu/qt5/QtScript -I/usr/include/x86_64-linux-gnu/qt5/QtConcurrent -I/usr/include/x86_64-linux-gnu/qt5/QtCore -I. -I. -I/usr/lib/x86_64-linux-gnu/qt5/mkspecs/linux-g++ -o gridsimulation.o model/latticeboltzmann/gridsimulation.cpp
g++ -c -pipe -fopenmp -O3 -march=native -ffast-math -funroll-loops -fomit-frame-pointer -Wall -Wextra -D_REENTRANT -fPIC -DQWT_DLL -DQT_NO_DEBUG -DQT_OPENGL_LIB -DQT_SVG_LIB -DQT_PRINTSUPPORT_LIB -DQT_WIDGETS_LIB -DQT_GUI_LIB -DQT_XML_LIB -DQT_SCRIPT_LIB -DQT_CONCURRENT_LIB -DQT_CORE_LIB -I. -Iview/util -I/usr/local/qwt-6.2.0-dev/include -I/usr/include/x86_64-linux-gnu/qt5 -I/usr/include/x86_64-linux-gnu/qt5/QtOpenGL -I/usr/include/x86_64-linux-gnu/qt5/QtSvg -I/usr/include/x86_64-linux-gnu/qt5/QtPrintSupport -I/usr/include/x86_64-linux-gnu/qt5/QtWidgets -I/usr/include/x86_64-linux-gnu/qt5/QtGui -I/usr/include/x86_64-linux-gnu/qt5/QtXml -I/usr/include/x86_64-linux-gnu/qt5/QtScript -I/usr/include/x86_64-linux-gnu/qt5/QtConcurrent -I/usr/include/x86_64-linux-gnu/qt5/QtCore -I. -I. -I/usr/lib/x86_64-linux-gnu/qt5/mkspecs/linux-g++ -o gridchange.o model/latticeboltzmann/moving/gridchange.cpp
g++ -c -pipe -fopenmp -O3 -march=native -ffast-math -funroll-loops -fomit-frame-pointer -Wall -Wextra -D_REENTRANT -fPIC -DQWT_DLL -DQT_NO_DEBUG -DQT_OPENGL_LIB -DQT_SVG_LIB -DQT_PRINTSUPPORT_LIB -DQT_WIDGETS_LIB -DQT_GUI_LIB -DQT_XML_LIB -DQT_SCRIPT_LIB -DQT_CONCURRENT_LIB -DQT_CORE_LIB -I. -Iview/util -I/usr/local/qwt-6.2.0-dev/include -I/usr/include/x86_64-linux-gnu/qt5 -I/usr/include/x86_64-linux-gnu/qt5/QtOpenGL -I/usr/include/x86_64-linux-gnu/qt5/QtSvg -I/usr/include/x86_64-linux-gnu/qt5/QtPrintSupport -I/usr/include/x86_64-linux-gnu/qt5/QtWidgets -I/usr/include/x86_64-linux-gnu/qt5/QtGui -I/usr/include/x86_64-linux-gnu/qt5/QtXml -I/usr/include/x86_64-linux-gnu/qt5/QtScript -I/usr/include/x86_64-linux-gnu/qt5/QtConcurrent -I/usr/include/x86_64-linux-gnu/qt5/QtCore -I. -I. -I/usr/lib/x86_64-linux-gnu/qt5/mkspecs/linux-g++ -o chart.o view/chart.cpp
g++ -c -pipe -fopenmp -O3 -march=native -ffast-math -funroll-loops -fomit-frame-pointer -Wall -Wextra -D_REENTRANT -fPIC -DQWT_DLL -DQT_NO_DEBUG -DQT_OPENGL_LIB -DQT_SVG_LIB -DQT_PRINTSUPPORT_LIB -DQT_WIDGETS_LIB -DQT_GUI_LIB -DQT_XML_LIB -DQT_SCRIPT_LIB -DQT_CONCURRENT_LIB -DQT_CORE_LIB -I. -Iview/util -I/usr/local/qwt-6.2.0-dev/include -I/usr/include/x86_64-linux-gnu/qt5 -I/usr/include/x86_64-linux-gnu/qt5/QtOpenGL -I/usr/include/x86_64-linux-gnu/qt5/QtSvg -I/usr/include/x86_64-linux-gnu/qt5/QtPrintSupport -I/usr/include/x86_64-linux-gnu/qt5/QtWidgets -I/usr/include/x86_64-linux-gnu/qt5/QtGui -I/usr/include/x86_64-linux-gnu/qt5/QtXml -I/usr/include/x86_64-linux-gnu/qt5/QtScript -I/usr/include/x86_64-linux-gnu/qt5/QtConcurrent -I/usr/include/x86_64-linux-gnu/qt5/QtCore -I. -I. -I/usr/lib/x86_64-linux-gnu/qt5/mkspecs/linux-g++ -o xypoint.o view/util/xypoint.cpp
g++ -c -pipe -fopenmp -O3 -march=native -ffast-math -funroll-loops -fomit-frame-pointer -Wall -Wextra -D_REENTRANT -fPIC -DQWT_DLL -DQT_NO_DEBUG -DQT_OPENGL_LIB -DQT_SVG_LIB -DQT_PRINTSUPPORT_LIB -DQT_WIDGETS_LIB -DQT_GUI_LIB -DQT_XML_LIB -DQT_SCRIPT_LIB -DQT_CONCURRENT_LIB -DQT_CORE_LIB -I. -Iview/util -I/usr/local/qwt-6.2.0-dev/include -I/usr/include/x86_64-linux-gnu/qt5 -I/usr/include/x86_64-linux-gnu/qt5/QtOpenGL -I/usr/include/x86_64-linux-gnu/qt5/QtSvg -I/usr/include/x86_64-linux-gnu/qt5/QtPrintSupport -I/usr/include/x86_64-linux-gnu/qt5/QtWidgets -I/usr/include/x86_64-linux-gnu/qt5/QtGui -I/usr/include/x86_64-linux-gnu/qt5/QtXml -I/usr/include/x86_64-linux-gnu/qt5/QtScript -I/usr/include/x86_64-linux-gnu/qt5/QtConcurrent -I/usr/include/x86_64-linux-gnu/qt5/QtCore -I. -I. -I/usr/lib/x86_64-linux-gnu/qt5/mkspecs/linux-g++ -o equilibriumboundary.o model/latticeboltzmann/boundary/equilibriumboundary.cpp
g++ -c -pipe -fopenmp -O3 -march=native -ffast-math -funroll-loops -fomit-frame-pointer -Wall -Wextra -D_REENTRANT -fPIC -DQWT_DLL -DQT_NO_DEBUG -DQT_OPENGL_LIB -DQT_SVG_LIB -DQT_PRINTSUPPORT_LIB -DQT_WIDGETS_LIB -DQT_GUI_LIB -DQT_XML_LIB -DQT_SCRIPT_LIB -DQT_CONCURRENT_LIB -DQT_CORE_LIB -I. -Iview/util -I/usr/local/qwt-6.2.0-dev/include -I/usr/include/x86_64-linux-gnu/qt5 -I/usr/include/x86_64-linux-gnu/qt5/QtOpenGL -I/usr/include/x86_64-linux-gnu/qt5/QtSvg -I/usr/include/x86_64-linux-gnu/qt5/QtPrintSupport -I/usr/include/x86_64-linux-gnu/qt5/QtWidgets -I/usr/include/x86_64-linux-gnu/qt5/QtGui -I/usr/include/x86_64-linux-gnu/qt5/QtXml -I/usr/include/x86_64-linux-gnu/qt5/QtScript -I/usr/include/x86_64-linux-gnu/qt5/QtConcurrent -I/usr/include/x86_64-linux-gnu/qt5/QtCore -I. -I. -I/usr/lib/x86_64-linux-gnu/qt5/mkspecs/linux-g++ -o particle.o model/latticeboltzmann/extra/particle.cpp
g++ -c -pipe -fopenmp -O3 -march=native -ffast-math -funroll-loops -fomit-frame-pointer -Wall -Wextra -D_REENTRANT -fPIC -DQWT_DLL -DQT_NO_DEBUG -DQT_OPENGL_LIB -DQT_SVG_LIB -DQT_PRINTSUPPORT_LIB -DQT_WIDGETS_LIB -DQT_GUI_LIB -DQT_XML_LIB -DQT_SCRIPT_LIB -DQT_CONCURRENT_LIB -DQT_CORE_LIB -I. -Iview/util -I/usr/local/qwt-6.2.0-dev/include -I/usr/include/x86_64-linux-gnu/qt5 -I/usr/include/x86_64-linux-gnu/qt5/QtOpenGL -I/usr/include/x86_64-linux-gnu/qt5/QtSvg -I/usr/include/x86_64-linux-gnu/qt5/QtPrintSupport -I/usr/include/x86_64-linux-gnu/qt5/QtWidgets -I/usr/include/x86_64-linux-gnu/qt5/QtGui -I/usr/include/x86_64-linux-gnu/qt5/QtXml -I/usr/include/x86_64-linux-gnu/qt5/QtScript -I/usr/include/x86_64-linux-gnu/qt5/QtConcurrent -I/usr/include/x86_64-linux-gnu/qt5/QtCore -I. -I. -I/usr/lib/x86_64-linux-gnu/qt5/mkspecs/linux-g++ -o parameters.o model/latticeboltzmann/physical/parameters.cpp
g++ -c -pipe -fopenmp -O3 -march=native -ffast-math -funroll-loops -fomit-frame-pointer -Wall -Wextra -D_REENTRANT -fPIC -DQWT_DLL -DQT_NO_DEBUG -DQT_OPENGL_LIB -DQT_SVG_LIB -DQT_PRINTSUPPORT_LIB -DQT_WIDGETS_LIB -DQT_GUI_LIB -DQT_XML_LIB -DQT_SCRIPT_LIB -DQT_CONCURRENT_LIB -DQT_CORE_LIB -I. -Iview/util -I/usr/local/qwt-6.2.0-dev/include -I/usr/include/x86_64-linux-gnu/qt5 -I/usr/include/x86_64-linux-gnu/qt5/QtOpenGL -I/usr/include/x86_64-linux-gnu/qt5/QtSvg -I/usr/include/x86_64-linux-gnu/qt5/QtPrintSupport -I/usr/include/x86_64-linux-gnu/qt5/QtWidgets -I/usr/include/x86_64-linux-gnu/qt5/QtGui -I/usr/include/x86_64-linux-gnu/qt5/QtXml -I/usr/include/x86_64-linux-gnu/qt5/QtScript -I/usr/include/x86_64-linux-gnu/qt5/QtConcurrent -I/usr/include/x86_64-linux-gnu/qt5/QtCore -I. -I. -I/usr/lib/x86_64-linux-gnu/qt5/mkspecs/linux-g++ -o view2.o view/view2.cpp
g++ -c -pipe -fopenmp -O3 -march=native -ffast-math -funroll-loops -fomit-frame-pointer -Wall -Wextra -D_REENTRANT -fPIC -DQWT_DLL -DQT_NO_DEBUG -DQT_OPENGL_LIB -DQT_SVG_LIB -DQT_PRINTSUPPORT_LIB -DQT_WIDGETS_LIB -DQT_GUI_LIB -DQT_XML_LIB -DQT_SCRIPT_LIB -DQT_CONCURRENT_LIB -DQT_CORE_LIB -I. -Iview/util -I/usr/local/qwt-6.2.0-dev/include -I/usr/include/x86_64-linux-gnu/qt5 -I/usr/include/x86_64-linux-gnu/qt5/QtOpenGL -I/usr/include/x86_64-linux-gnu/qt5/QtSvg -I/usr/include/x86_64-linux-gnu/qt5/QtPrintSupport -I/usr/include/x86_64-linux-gnu/qt5/QtWidgets -I/usr/include/x86_64-linux-gnu/qt5/QtGui -I/usr/include/x86_64-linux-gnu/qt5/QtXml -I/usr/include/x86_64-linux-gnu/qt5/QtScript -I/usr/include/x86_64-linux-gnu/qt5/QtConcurrent -I/usr/include/x86_64-linux-gnu/qt5/QtCore -I. -I. -I/usr/lib/x86_64-linux-gnu/qt5/mkspecs/linux-g++ -o improvedlineedit.o view/util/improvedlineedit.cpp
g++ -c -pipe -fopenmp -O3 -march=native -ffast-math -funroll-loops -fomit-frame-pointer -Wall -Wextra -D_REENTRANT -fPIC -DQWT_DLL -DQT_NO_DEBUG -DQT_OPENGL_LIB -DQT_SVG_LIB -DQT_PRINTSUPPORT_LIB -DQT_WIDGETS_LIB -DQT_GUI_LIB -DQT_XML_LIB -DQT_SCRIPT_LIB -DQT_CONCURRENT_LIB -DQT_CORE_LIB -I. -Iview/util -I/usr/local/qwt-6.2.0-dev/include -I/usr/include/x86_64-linux-gnu/qt5 -I/usr/include/x86_64-linux-gnu/qt5/QtOpenGL -I/usr/include/x86_64-linux-gnu/qt5/QtSvg -I/usr/include/x86_64-linux-gnu/qt5/QtPrintSupport -I/usr/include/x86_64-linux-gnu/qt5/QtWidgets -I/usr/include/x86_64-linux-gnu/qt5/QtGui -I/usr/include/x86_64-linux-gnu/qt5/QtXml -I/usr/include/x86_64-linux-gnu/qt5/QtScript -I/usr/include/x86_64-linux-gnu/qt5/QtConcurrent -I/usr/include/x86_64-linux-gnu/qt5/QtCore -I. -I. -I/usr/lib/x86_64-linux-gnu/qt5/mkspecs/linux-g++ -o multicomponent.o model/latticeboltzmann/force/multicomponent.cpp
g++ -c -pipe -fopenmp -O3 -march=native -ffast-math -funroll-loops -fomit-frame-pointer -Wall -Wextra -D_REENTRANT -fPIC -DQWT_DLL -DQT_NO_DEBUG -DQT_OPENGL_LIB -DQT_SVG_LIB -DQT_PRINTSUPPORT_LIB -DQT_WIDGETS_LIB -DQT_GUI_LIB -DQT_XML_LIB -DQT_SCRIPT_LIB -DQT_CONCURRENT_LIB -DQT_CORE_LIB -I. -Iview/util -I/usr/local/qwt-6.2.0-dev/include -I/usr/include/x86_64-linux-gnu/qt5 -I/usr/include/x86_64-linux-gnu/qt5/QtOpenGL -I/usr/include/x86_64-linux-gnu/qt5/QtSvg -I/usr/include/x86_64-linux-gnu/qt5/QtPrintSupport -I/usr/include/x86_64-linux-gnu/qt5/QtWidgets -I/usr/include/x86_64-linux-gnu/qt5/QtGui -I/usr/include/x86_64-linux-gnu/qt5/QtXml -I/usr/include/x86_64-linux-gnu/qt5/QtScript -I/usr/include/x86_64-linux-gnu/qt5/QtConcurrent -I/usr/include/x86_64-linux-gnu/qt5/QtCore -I. -I. -I/usr/lib/x86_64-linux-gnu/qt5/mkspecs/linux-g++ -o about.o view/about.cpp
g++ -c -pipe -fopenmp -O3 -march=native -ffast-math -funroll-loops -fomit-frame-pointer -Wall -Wextra -D_REENTRANT -fPIC -DQWT_DLL -DQT_NO_DEBUG -DQT_OPENGL_LIB -DQT_SVG_LIB -DQT_PRINTSUPPORT_LIB -DQT_WIDGETS_LIB -DQT_GUI_LIB -DQT_XML_LIB -DQT_SCRIPT_LIB -DQT_CONCURRENT_LIB -DQT_CORE_LIB -I. -Iview/util -I/usr/local/qwt-6.2.0-dev/include -I/usr/include/x86_64-linux-gnu/qt5 -I/usr/include/x86_64-linux-gnu/qt5/QtOpenGL -I/usr/include/x86_64-linux-gnu/qt5/QtSvg -I/usr/include/x86_64-linux-gnu/qt5/QtPrintSupport -I/usr/include/x86_64-linux-gnu/qt5/QtWidgets -I/usr/include/x86_64-linux-gnu/qt5/QtGui -I/usr/include/x86_64-linux-gnu/qt5/QtXml -I/usr/include/x86_64-linux-gnu/qt5/QtScript -I/usr/include/x86_64-linux-gnu/qt5/QtConcurrent -I/usr/include/x86_64-linux-gnu/qt5/QtCore -I. -I. -I/usr/lib/x86_64-linux-gnu/qt5/mkspecs/linux-g++ -o particles.o view/particles.cpp
g++ -c -pipe -fopenmp -O3 -march=native -ffast-math -funroll-loops -fomit-frame-pointer -Wall -Wextra -D_REENTRANT -fPIC -DQWT_DLL -DQT_NO_DEBUG -DQT_OPENGL_LIB -DQT_SVG_LIB -DQT_PRINTSUPPORT_LIB -DQT_WIDGETS_LIB -DQT_GUI_LIB -DQT_XML_LIB -DQT_SCRIPT_LIB -DQT_CONCURRENT_LIB -DQT_CORE_LIB -I. -Iview/util -I/usr/local/qwt-6.2.0-dev/include -I/usr/include/x86_64-linux-gnu/qt5 -I/usr/include/x86_64-linux-gnu/qt5/QtOpenGL -I/usr/include/x86_64-linux-gnu/qt5/QtSvg -I/usr/include/x86_64-linux-gnu/qt5/QtPrintSupport -I/usr/include/x86_64-linux-gnu/qt5/QtWidgets -I/usr/include/x86_64-linux-gnu/qt5/QtGui -I/usr/include/x86_64-linux-gnu/qt5/QtXml -I/usr/include/x86_64-linux-gnu/qt5/QtScript -I/usr/include/x86_64-linux-gnu/qt5/QtConcurrent -I/usr/include/x86_64-linux-gnu/qt5/QtCore -I. -I. -I/usr/lib/x86_64-linux-gnu/qt5/mkspecs/linux-g++ -o startingparticle.o model/latticeboltzmann/extra/startingparticle.cpp
g++ -c -pipe -fopenmp -O3 -march=native -ffast-math -funroll-loops -fomit-frame-pointer -Wall -Wextra -D_REENTRANT -fPIC -DQWT_DLL -DQT_NO_DEBUG -DQT_OPENGL_LIB -DQT_SVG_LIB -DQT_PRINTSUPPORT_LIB -DQT_WIDGETS_LIB -DQT_GUI_LIB -DQT_XML_LIB -DQT_SCRIPT_LIB -DQT_CONCURRENT_LIB -DQT_CORE_LIB -I. -Iview/util -I/usr/local/qwt-6.2.0-dev/include -I/usr/include/x86_64-linux-gnu/qt5 -I/usr/include/x86_64-linux-gnu/qt5/QtOpenGL -I/usr/include/x86_64-linux-gnu/qt5/QtSvg -I/usr/include/x86_64-linux-gnu/qt5/QtPrintSupport -I/usr/include/x86_64-linux-gnu/qt5/QtWidgets -I/usr/include/x86_64-linux-gnu/qt5/QtGui -I/usr/include/x86_64-linux-gnu/qt5/QtXml -I/usr/include/x86_64-linux-gnu/qt5/QtScript -I/usr/include/x86_64-linux-gnu/qt5/QtConcurrent -I/usr/include/x86_64-linux-gnu/qt5/QtCore -I. -I. -I/usr/lib/x86_64-linux-gnu/qt5/mkspecs/linux-g++ -o fixedboundary.o model/latticeboltzmann/boundary/fixedboundary.cpp
g++ -c -pipe -fopenmp -O3 -march=native -ffast-math -funroll-loops -fomit-frame-pointer -Wall -Wextra -D_REENTRANT -fPIC -DQWT_DLL -DQT_NO_DEBUG -DQT_OPENGL_LIB -DQT_SVG_LIB -DQT_PRINTSUPPORT_LIB -DQT_WIDGETS_LIB -DQT_GUI_LIB -DQT_XML_LIB -DQT_SCRIPT_LIB -DQT_CONCURRENT_LIB -DQT_CORE_LIB -I. -Iview/util -I/usr/local/qwt-6.2.0-dev/include -I/usr/include/x86_64-linux-gnu/qt5 -I/usr/include/x86_64-linux-gnu/qt5/QtOpenGL -I/usr/include/x86_64-linux-gnu/qt5/QtSvg -I/usr/include/x86_64-linux-gnu/qt5/QtPrintSupport -I/usr/include/x86_64-linux-gnu/qt5/QtWidgets -I/usr/include/x86_64-linux-gnu/qt5/QtGui -I/usr/include/x86_64-linux-gnu/qt5/QtXml -I/usr/include/x86_64-linux-gnu/qt5/QtScript -I/usr/include/x86_64-linux-gnu/qt5/QtConcurrent -I/usr/include/x86_64-linux-gnu/qt5/QtCore -I. -I. -I/usr/lib/x86_64-linux-gnu/qt5/mkspecs/linux-g++ -o extrapolationboundary.o model/latticeboltzmann/boundary/extrapolationboundary.cpp
g++ -c -pipe -fopenmp -O3 -march=native -ffast-math -funroll-loops -fomit-frame-pointer -Wall -Wextra -D_REENTRANT -fPIC -DQWT_DLL -DQT_NO_DEBUG -DQT_OPENGL_LIB -DQT_SVG_LIB -DQT_PRINTSUPPORT_LIB -DQT_WIDGETS_LIB -DQT_GUI_LIB -DQT_XML_LIB -DQT_SCRIPT_LIB -DQT_CONCURRENT_LIB -DQT_CORE_LIB -I. -Iview/util -I/usr/local/qwt-6.2.0-dev/include -I/usr/include/x86_64-linux-gnu/qt5 -I/usr/include/x86_64-linux-gnu/qt5/QtOpenGL -I/usr/include/x86_64-linux-gnu/qt5/QtSvg -I/usr/include/x86_64-linux-gnu/qt5/QtPrintSupport -I/usr/include/x86_64-linux-gnu/qt5/QtWidgets -I/usr/include/x86_64-linux-gnu/qt5/QtGui -I/usr/include/x86_64-linux-gnu/qt5/QtXml -I/usr/include/x86_64-linux-gnu/qt5/QtScript -I/usr/include/x86_64-linux-gnu/qt5/QtConcurrent -I/usr/include/x86_64-linux-gnu/qt5/QtCore -I. -I. -I/usr/lib/x86_64-linux-gnu/qt5/mkspecs/linux-g++ -o movingwall.o model/latticeboltzmann/moving/movingwall.cpp
g++ -c -pipe -fopenmp -O3 -march=native -ffast-math -funroll-loops -fomit-frame-pointer -Wall -Wextra -D_REENTRANT -fPIC -DQWT_DLL -DQT_NO_DEBUG -DQT_OPENGL_LIB -DQT_SVG_LIB -DQT_PRINTSUPPORT_LIB -DQT_WIDGETS_LIB -DQT_GUI_LIB -DQT_XML_LIB -DQT_SCRIPT_LIB -DQT_CONCURRENT_LIB -DQT_CORE_LIB -I. -Iview/util -I/usr/local/qwt-6.2.0-dev/include -I/usr/include/x86_64-linux-gnu/qt5 -I/usr/include/x86_64-linux-gnu/qt5/QtOpenGL -I/usr/include/x86_64-linux-gnu/qt5/QtSvg -I/usr/include/x86_64-linux-gnu/qt5/QtPrintSupport -I/usr/include/x86_64-linux-gnu/qt5/QtWidgets -I/usr/include/x86_64-linux-gnu/qt5/QtGui -I/usr/include/x86_64-linux-gnu/qt5/QtXml -I/usr/include/x86_64-linux-gnu/qt5/QtScript -I/usr/include/x86_64-linux-gnu/qt5/QtConcurrent -I/usr/include/x86_64-linux-gnu/qt5/QtCore -I. -I. -I/usr/lib/x86_64-linux-gnu/qt5/mkspecs/linux-g++ -o forcelist.o model/latticeboltzmann/force/forcelist.cpp
g++ -c -pipe -fopenmp -O3 -march=native -ffast-math -funroll-loops -fomit-frame-pointer -Wall -Wextra -D_REENTRANT -fPIC -DQWT_DLL -DQT_NO_DEBUG -DQT_OPENGL_LIB -DQT_SVG_LIB -DQT_PRINTSUPPORT_LIB -DQT_WIDGETS_LIB -DQT_GUI_LIB -DQT_XML_LIB -DQT_SCRIPT_LIB -DQT_CONCURRENT_LIB -DQT_CORE_LIB -I. -Iview/util -I/usr/local/qwt-6.2.0-dev/include -I/usr/include/x86_64-linux-gnu/qt5 -I/usr/include/x86_64-linux-gnu/qt5/QtOpenGL -I/usr/include/x86_64-linux-gnu/qt5/QtSvg -I/usr/include/x86_64-linux-gnu/qt5/QtPrintSupport -I/usr/include/x86_64-linux-gnu/qt5/QtWidgets -I/usr/include/x86_64-linux-gnu/qt5/QtGui -I/usr/include/x86_64-linux-gnu/qt5/QtXml -I/usr/include/x86_64-linux-gnu/qt5/QtScript -I/usr/include/x86_64-linux-gnu/qt5/QtConcurrent -I/usr/include/x86_64-linux-gnu/qt5/QtCore -I. -I. -I/usr/lib/x86_64-linux-gnu/qt5/mkspecs/linux-g++ -o porouscell.o model/latticeboltzmann/porouscell.cpp
g++ -c -pipe -fopenmp -O3 -march=native -ffast-math -funroll-loops -fomit-frame-pointer -Wall -Wextra -D_REENTRANT -fPIC -DQWT_DLL -DQT_NO_DEBUG -DQT_OPENGL_LIB -DQT_SVG_LIB -DQT_PRINTSUPPORT_LIB -DQT_WIDGETS_LIB -DQT_GUI_LIB -DQT_XML_LIB -DQT_SCRIPT_LIB -DQT_CONCURRENT_LIB -DQT_CORE_LIB -I. -Iview/util -I/usr/local/qwt-6.2.0-dev/include -I/usr/include/x86_64-linux-gnu/qt5 -I/usr/include/x86_64-linux-gnu/qt5/QtOpenGL -I/usr/include/x86_64-linux-gnu/qt5/QtSvg -I/usr/include/x86_64-linux-gnu/qt5/QtPrintSupport -I/usr/include/x86_64-linux-gnu/qt5/QtWidgets -I/usr/include/x86_64-linux-gnu/qt5/QtGui -I/usr/include/x86_64-linux-gnu/qt5/QtXml -I/usr/include/x86_64-linux-gnu/qt5/QtScript -I/usr/include/x86_64-linux-gnu/qt5/QtConcurrent -I/usr/include/x86_64-linux-gnu/qt5/QtCore -I. -I. -I/usr/lib/x86_64-linux-gnu/qt5/mkspecs/linux-g++ -o rkcell.o model/latticeboltzmann/multi/rkcell.cpp
g++ -c -pipe -fopenmp -O3 -march=native -ffast-math -funroll-loops -fomit-frame-pointer -Wall -Wextra -D_REENTRANT -fPIC -DQWT_DLL -DQT_NO_DEBUG -DQT_OPENGL_LIB -DQT_SVG_LIB -DQT_PRINTSUPPORT_LIB -DQT_WIDGETS_LIB -DQT_GUI_LIB -DQT_XML_LIB -DQT_SCRIPT_LIB -DQT_CONCURRENT_LIB -DQT_CORE_LIB -I. -Iview/util -I/usr/local/qwt-6.2.0-dev/include -I/usr/include/x86_64-linux-gnu/qt5 -I/usr/include/x86_64-linux-gnu/qt5/QtOpenGL -I/usr/include/x86_64-linux-gnu/qt5/QtSvg -I/usr/include/x86_64-linux-gnu/qt5/QtPrintSupport -I/usr/include/x86_64-linux-gnu/qt5/QtWidgets -I/usr/include/x86_64-linux-gnu/qt5/QtGui -I/usr/include/x86_64-linux-gnu/qt5/QtXml -I/usr/include/x86_64-linux-gnu/qt5/QtScript -I/usr/include/x86_64-linux-gnu/qt5/QtConcurrent -I/usr/include/x86_64-linux-gnu/qt5/QtCore -I. -I. -I/usr/lib/x86_64-linux-gnu/qt5/mkspecs/linux-g++ -o shallowcell.o model/latticeboltzmann/shallow/shallowcell.cpp
g++ -c -pipe -fopenmp -O3 -march=native -ffast-math -funroll-loops -fomit-frame-pointer -Wall -Wextra -D_REENTRANT -fPIC -DQWT_DLL -DQT_NO_DEBUG -DQT_OPENGL_LIB -DQT_SVG_LIB -DQT_PRINTSUPPORT_LIB -DQT_WIDGETS_LIB -DQT_GUI_LIB -DQT_XML_LIB -DQT_SCRIPT_LIB -DQT_CONCURRENT_LIB -DQT_CORE_LIB -I. -Iview/util -I/usr/local/qwt-6.2.0-dev/include -I/usr/include/x86_64-linux-gnu/qt5 -I/usr/include/x86_64-linux-gnu/qt5/QtOpenGL -I/usr/include/x86_64-linux-gnu/qt5/QtSvg -I/usr/include/x86_64-linux-gnu/qt5/QtPrintSupport -I/usr/include/x86_64-linux-gnu/qt5/QtWidgets -I/usr/include/x86_64-linux-gnu/qt5/QtGui -I/usr/include/x86_64-linux-gnu/qt5/QtXml -I/usr/include/x86_64-linux-gnu/qt5/QtScript -I/usr/include/x86_64-linux-gnu/qt5/QtConcurrent -I/usr/include/x86_64-linux-gnu/qt5/QtCore -I. -I. -I/usr/lib/x86_64-linux-gnu/qt5/mkspecs/linux-g++ -o singleton.o view/util/singleton.cpp
g++ -c -pipe -fopenmp -O3 -march=native -ffast-math -funroll-loops -fomit-frame-pointer -Wall -Wextra -D_REENTRANT -fPIC -DQWT_DLL -DQT_NO_DEBUG -DQT_OPENGL_LIB -DQT_SVG_LIB -DQT_PRINTSUPPORT_LIB -DQT_WIDGETS_LIB -DQT_GUI_LIB -DQT_XML_LIB -DQT_SCRIPT_LIB -DQT_CONCURRENT_LIB -DQT_CORE_LIB -I. -Iview/util -I/usr/local/qwt-6.2.0-dev/include -I/usr/include/x86_64-linux-gnu/qt5 -I/usr/include/x86_64-linux-gnu/qt5/QtOpenGL -I/usr/include/x86_64-linux-gnu/qt5/QtSvg -I/usr/include/x86_64-linux-gnu/qt5/QtPrintSupport -I/usr/include/x86_64-linux-gnu/qt5/QtWidgets -I/usr/include/x86_64-linux-gnu/qt5/QtGui -I/usr/include/x86_64-linux-gnu/qt5/QtXml -I/usr/include/x86_64-linux-gnu/qt5/QtScript -I/usr/include/x86_64-linux-gnu/qt5/QtConcurrent -I/usr/include/x86_64-linux-gnu/qt5/QtCore -I. -I. -I/usr/lib/x86_64-linux-gnu/qt5/mkspecs/linux-g++ -o historylineedit.o view/util/historylineedit.cpp
g++ -c -pipe -fopenmp -O3 -march=native -ffast-math -funroll-loops -fomit-frame-pointer -Wall -Wextra -D_REENTRANT -fPIC -DQWT_DLL -DQT_NO_DEBUG -DQT_OPENGL_LIB -DQT_SVG_LIB -DQT_PRINTSUPPORT_LIB -DQT_WIDGETS_LIB -DQT_GUI_LIB -DQT_XML_LIB -DQT_SCRIPT_LIB -DQT_CONCURRENT_LIB -DQT_CORE_LIB -I. -Iview/util -I/usr/local/qwt-6.2.0-dev/include -I/usr/include/x86_64-linux-gnu/qt5 -I/usr/include/x86_64-linux-gnu/qt5/QtOpenGL -I/usr/include/x86_64-linux-gnu/qt5/QtSvg -I/usr/include/x86_64-linux-gnu/qt5/QtPrintSupport -I/usr/include/x86_64-linux-gnu/qt5/QtWidgets -I/usr/include/x86_64-linux-gnu/qt5/QtGui -I/usr/include/x86_64-linux-gnu/qt5/QtXml -I/usr/include/x86_64-linux-gnu/qt5/QtScript -I/usr/include/x86_64-linux-gnu/qt5/QtConcurrent -I/usr/include/x86_64-linux-gnu/qt5/QtCore -I. -I. -I/usr/lib/x86_64-linux-gnu/qt5/mkspecs/linux-g++ -o fecell.o model/latticeboltzmann/multi/fecell.cpp
g++ -c -pipe -fopenmp -O3 -march=native -ffast-math -funroll-loops -fomit-frame-pointer -Wall -Wextra -D_REENTRANT -fPIC -DQWT_DLL -DQT_NO_DEBUG -DQT_OPENGL_LIB -DQT_SVG_LIB -DQT_PRINTSUPPORT_LIB -DQT_WIDGETS_LIB -DQT_GUI_LIB -DQT_XML_LIB -DQT_SCRIPT_LIB -DQT_CONCURRENT_LIB -DQT_CORE_LIB -I. -Iview/util -I/usr/local/qwt-6.2.0-dev/include -I/usr/include/x86_64-linux-gnu/qt5 -I/usr/include/x86_64-linux-gnu/qt5/QtOpenGL -I/usr/include/x86_64-linux-gnu/qt5/QtSvg -I/usr/include/x86_64-linux-gnu/qt5/QtPrintSupport -I/usr/include/x86_64-linux-gnu/qt5/QtWidgets -I/usr/include/x86_64-linux-gnu/qt5/QtGui -I/usr/include/x86_64-linux-gnu/qt5/QtXml -I/usr/include/x86_64-linux-gnu/qt5/QtScript -I/usr/include/x86_64-linux-gnu/qt5/QtConcurrent -I/usr/include/x86_64-linux-gnu/qt5/QtCore -I. -I. -I/usr/lib/x86_64-linux-gnu/qt5/mkspecs/linux-g++ -o nullcell.o model/latticeboltzmann/nullcell.cpp
g++ -c -pipe -fopenmp -O3 -march=native -ffast-math -funroll-loops -fomit-frame-pointer -Wall -Wextra -D_REENTRANT -fPIC -DQWT_DLL -DQT_NO_DEBUG -DQT_OPENGL_LIB -DQT_SVG_LIB -DQT_PRINTSUPPORT_LIB -DQT_WIDGETS_LIB -DQT_GUI_LIB -DQT_XML_LIB -DQT_SCRIPT_LIB -DQT_CONCURRENT_LIB -DQT_CORE_LIB -I. -Iview/util -I/usr/local/qwt-6.2.0-dev/include -I/usr/include/x86_64-linux-gnu/qt5 -I/usr/include/x86_64-linux-gnu/qt5/QtOpenGL -I/usr/include/x86_64-linux-gnu/qt5/QtSvg -I/usr/include/x86_64-linux-gnu/qt5/QtPrintSupport -I/usr/include/x86_64-linux-gnu/qt5/QtWidgets -I/usr/include/x86_64-linux-gnu/qt5/QtGui -I/usr/include/x86_64-linux-gnu/qt5/QtXml -I/usr/include/x86_64-linux-gnu/qt5/QtScript -I/usr/include/x86_64-linux-gnu/qt5/QtConcurrent -I/usr/include/x86_64-linux-gnu/qt5/QtCore -I. -I. -I/usr/lib/x86_64-linux-gnu/qt5/mkspecs/linux-g++ -o pointboundary.o model/latticeboltzmann/boundary/pointboundary.cpp
g++ -c -pipe -fopenmp -O3 -march=native -ffast-math -funroll-loops -fomit-frame-pointer -Wall -Wextra -D_REENTRANT -fPIC -DQWT_DLL -DQT_NO_DEBUG -DQT_OPENGL_LIB -DQT_SVG_LIB -DQT_PRINTSUPPORT_LIB -DQT_WIDGETS_LIB -DQT_GUI_LIB -DQT_XML_LIB -DQT_SCRIPT_LIB -DQT_CONCURRENT_LIB -DQT_CORE_LIB -I. -Iview/util -I/usr/local/qwt-6.2.0-dev/include -I/usr/include/x86_64-linux-gnu/qt5 -I/usr/include/x86_64-linux-gnu/qt5/QtOpenGL -I/usr/include/x86_64-linux-gnu/qt5/QtSvg -I/usr/include/x86_64-linux-gnu/qt5/QtPrintSupport -I/usr/include/x86_64-linux-gnu/qt5/QtWidgets -I/usr/include/x86_64-linux-gnu/qt5/QtGui -I/usr/include/x86_64-linux-gnu/qt5/QtXml -I/usr/include/x86_64-linux-gnu/qt5/QtScript -I/usr/include/x86_64-linux-gnu/qt5/QtConcurrent -I/usr/include/x86_64-linux-gnu/qt5/QtCore -I. -I. -I/usr/lib/x86_64-linux-gnu/qt5/mkspecs/linux-g++ -o passivescalar.o model/latticeboltzmann/thermal/passivescalar.cpp
g++ -c -pipe -fopenmp -O3 -march=native -ffast-math -funroll-loops -fomit-frame-pointer -Wall -Wextra -D_REENTRANT -fPIC -DQWT_DLL -DQT_NO_DEBUG -DQT_OPENGL_LIB -DQT_SVG_LIB -DQT_PRINTSUPPORT_LIB -DQT_WIDGETS_LIB -DQT_GUI_LIB -DQT_XML_LIB -DQT_SCRIPT_LIB -DQT_CONCURRENT_LIB -DQT_CORE_LIB -I. -Iview/util -I/usr/local/qwt-6.2.0-dev/include -I/usr/include/x86_64-linux-gnu/qt5 -I/usr/include/x86_64-linux-gnu/qt5/QtOpenGL -I/usr/include/x86_64-linux-gnu/qt5/QtSvg -I/usr/include/x86_64-linux-gnu/qt5/QtPrintSupport -I/usr/include/x86_64-linux-gnu/qt5/QtWidgets -I/usr/include/x86_64-linux-gnu/qt5/QtGui -I/usr/include/x86_64-linux-gnu/qt5/QtXml -I/usr/include/x86_64-linux-gnu/qt5/QtScript -I/usr/include/x86_64-linux-gnu/qt5/QtConcurrent -I/usr/include/x86_64-linux-gnu/qt5/QtCore -I. -I. -I/usr/lib/x86_64-linux-gnu/qt5/mkspecs/linux-g++ -o thermalwall.o model/latticeboltzmann/thermal/thermalwall.cpp
g++ -c -pipe -fopenmp -O3 -march=native -ffast-math -funroll-loops -fomit-frame-pointer -Wall -Wextra -D_REENTRANT -fPIC -DQWT_DLL -DQT_NO_DEBUG -DQT_OPENGL_LIB -DQT_SVG_LIB -DQT_PRINTSUPPORT_LIB -DQT_WIDGETS_LIB -DQT_GUI_LIB -DQT_XML_LIB -DQT_SCRIPT_LIB -DQT_CONCURRENT_LIB -DQT_CORE_LIB -I. -Iview/util -I/usr/local/qwt-6.2.0-dev/include -I/usr/include/x86_64-linux-gnu/qt5 -I/usr/include/x86_64-linux-gnu/qt5/QtOpenGL -I/usr/include/x86_64-linux-gnu/qt5/QtSvg -I/usr/include/x86_64-linux-gnu/qt5/QtPrintSupport -I/usr/include/x86_64-linux-gnu/qt5/QtWidgets -I/usr/include/x86_64-linux-gnu/qt5/QtGui -I/usr/include/x86_64-linux-gnu/qt5/QtXml -I/usr/include/x86_64-linux-gnu/qt5/QtScript -I/usr/include/x86_64-linux-gnu/qt5/QtConcurrent -I/usr/include/x86_64-linux-gnu/qt5/QtCore -I. -I. -I/usr/lib/x86_64-linux-gnu/qt5/mkspecs/linux-g++ -o matlabreporter.o model/inputoutput/matlabreporter.cpp
g++ -c -pipe -fopenmp -O3 -march=native -ffast-math -funroll-loops -fomit-frame-pointer -Wall -Wextra -D_REENTRANT -fPIC -DQWT_DLL -DQT_NO_DEBUG -DQT_OPENGL_LIB -DQT_SVG_LIB -DQT_PRINTSUPPORT_LIB -DQT_WIDGETS_LIB -DQT_GUI_LIB -DQT_XML_LIB -DQT_SCRIPT_LIB -DQT_CONCURRENT_LIB -DQT_CORE_LIB -I. -Iview/util -I/usr/local/qwt-6.2.0-dev/include -I/usr/include/x86_64-linux-gnu/qt5 -I/usr/include/x86_64-linux-gnu/qt5/QtOpenGL -I/usr/include/x86_64-linux-gnu/qt5/QtSvg -I/usr/include/x86_64-linux-gnu/qt5/QtPrintSupport -I/usr/include/x86_64-linux-gnu/qt5/QtWidgets -I/usr/include/x86_64-linux-gnu/qt5/QtGui -I/usr/include/x86_64-linux-gnu/qt5/QtXml -I/usr/include/x86_64-linux-gnu/qt5/QtScript -I/usr/include/x86_64-linux-gnu/qt5/QtConcurrent -I/usr/include/x86_64-linux-gnu/qt5/QtCore -I. -I. -I/usr/lib/x86_64-linux-gnu/qt5/mkspecs/linux-g++ -o results.o view/results.cpp
g++ -c -pipe -fopenmp -O3 -march=native -ffast-math -funroll-loops -fomit-frame-pointer -Wall -Wextra -D_REENTRANT -fPIC -DQWT_DLL -DQT_NO_DEBUG -DQT_OPENGL_LIB -DQT_SVG_LIB -DQT_PRINTSUPPORT_LIB -DQT_WIDGETS_LIB -DQT_GUI_LIB -DQT_XML_LIB -DQT_SCRIPT_LIB -DQT_CONCURRENT_LIB -DQT_CORE_LIB -I. -Iview/util -I/usr/local/qwt-6.2.0-dev/include -I/usr/include/x86_64-linux-gnu/qt5 -I/usr/include/x86_64-linux-gnu/qt5/QtOpenGL -I/usr/include/x86_64-linux-gnu/qt5/QtSvg -I/usr/include/x86_64-linux-gnu/qt5/QtPrintSupport -I/usr/include/x86_64-linux-gnu/qt5/QtWidgets -I/usr/include/x86_64-linux-gnu/qt5/QtGui -I/usr/include/x86_64-linux-gnu/qt5/QtXml -I/usr/include/x86_64-linux-gnu/qt5/QtScript -I/usr/include/x86_64-linux-gnu/qt5/QtConcurrent -I/usr/include/x86_64-linux-gnu/qt5/QtCore -I. -I. -I/usr/lib/x86_64-linux-gnu/qt5/mkspecs/linux-g++ -o dragwallcell.o model/latticeboltzmann/boundary/dragwallcell.cpp
g++ -c -pipe -fopenmp -O3 -march=native -ffast-math -funroll-loops -fomit-frame-pointer -Wall -Wextra -D_REENTRANT -fPIC -DQWT_DLL -DQT_NO_DEBUG -DQT_OPENGL_LIB -DQT_SVG_LIB -DQT_PRINTSUPPORT_LIB -DQT_WIDGETS_LIB -DQT_GUI_LIB -DQT_XML_LIB -DQT_SCRIPT_LIB -DQT_CONCURRENT_LIB -DQT_CORE_LIB -I. -Iview/util -I/usr/local/qwt-6.2.0-dev/include -I/usr/include/x86_64-linux-gnu/qt5 -I/usr/include/x86_64-linux-gnu/qt5/QtOpenGL -I/usr/include/x86_64-linux-gnu/qt5/QtSvg -I/usr/include/x86_64-linux-gnu/qt5/QtPrintSupport -I/usr/include/x86_64-linux-gnu/qt5/QtWidgets -I/usr/include/x86_64-linux-gnu/qt5/QtGui -I/usr/include/x86_64-linux-gnu/qt5/QtXml -I/usr/include/x86_64-linux-gnu/qt5/QtScript -I/usr/include/x86_64-linux-gnu/qt5/QtConcurrent -I/usr/include/x86_64-linux-gnu/qt5/QtCore -I. -I. -I/usr/lib/x86_64-linux-gnu/qt5/mkspecs/linux-g++ -o partialslipboundary.o model/latticeboltzmann/boundary/partialslipboundary.cpp
g++ -c -pipe -fopenmp -O3 -march=native -ffast-math -funroll-loops -fomit-frame-pointer -Wall -Wextra -D_REENTRANT -fPIC -DQWT_DLL -DQT_NO_DEBUG -DQT_OPENGL_LIB -DQT_SVG_LIB -DQT_PRINTSUPPORT_LIB -DQT_WIDGETS_LIB -DQT_GUI_LIB -DQT_XML_LIB -DQT_SCRIPT_LIB -DQT_CONCURRENT_LIB -DQT_CORE_LIB -I. -Iview/util -I/usr/local/qwt-6.2.0-dev/include -I/usr/include/x86_64-linux-gnu/qt5 -I/usr/include/x86_64-linux-gnu/qt5/QtOpenGL -I/usr/include/x86_64-linux-gnu/qt5/QtSvg -I/usr/include/x86_64-linux-gnu/qt5/QtPrintSupport -I/usr/include/x86_64-linux-gnu/qt5/QtWidgets -I/usr/include/x86_64-linux-gnu/qt5/QtGui -I/usr/include/x86_64-linux-gnu/qt5/QtXml -I/usr/include/x86_64-linux-gnu/qt5/QtScript -I/usr/include/x86_64-linux-gnu/qt5/QtConcurrent -I/usr/include/x86_64-linux-gnu/qt5/QtCore -I. -I. -I/usr/lib/x86_64-linux-gnu/qt5/mkspecs/linux-g++ -o myvector3d.o model/math/myvector3d.cpp
g++ -c -pipe -fopenmp -O3 -march=native -ffast-math -funroll-loops -fomit-frame-pointer -Wall -Wextra -D_REENTRANT -fPIC -DQWT_DLL -DQT_NO_DEBUG -DQT_OPENGL_LIB -DQT_SVG_LIB -DQT_PRINTSUPPORT_LIB -DQT_WIDGETS_LIB -DQT_GUI_LIB -DQT_XML_LIB -DQT_SCRIPT_LIB -DQT_CONCURRENT_LIB -DQT_CORE_LIB -I. -Iview/util -I/usr/local/qwt-6.2.0-dev/include -I/usr/include/x86_64-linux-gnu/qt5 -I/usr/include/x86_64-linux-gnu/qt5/QtOpenGL -I/usr/include/x86_64-linux-gnu/qt5/QtSvg -I/usr/include/x86_64-linux-gnu/qt5/QtPrintSupport -I/usr/include/x86_64-linux-gnu/qt5/QtWidgets -I/usr/include/x86_64-linux-gnu/qt5/QtGui -I/usr/include/x86_64-linux-gnu/qt5/QtXml -I/usr/include/x86_64-linux-gnu/qt5/QtScript -I/usr/include/x86_64-linux-gnu/qt5/QtConcurrent -I/usr/include/x86_64-linux-gnu/qt5/QtCore -I. -I. -I/usr/lib/x86_64-linux-gnu/qt5/mkspecs/linux-g++ -o myquaternion.o model/math/myquaternion.cpp
g++ -c -pipe -fopenmp -O3 -march=native -ffast-math -funroll-loops -fomit-frame-pointer -Wall -Wextra -D_REENTRANT -fPIC -DQWT_DLL -DQT_NO_DEBUG -DQT_OPENGL_LIB -DQT_SVG_LIB -DQT_PRINTSUPPORT_LIB -DQT_WIDGETS_LIB -DQT_GUI_LIB -DQT_XML_LIB -DQT_SCRIPT_LIB -DQT_CONCURRENT_LIB -DQT_CORE_LIB -I. -Iview/util -I/usr/local/qwt-6.2.0-dev/include -I/usr/include/x86_64-linux-gnu/qt5 -I/usr/include/x86_64-linux-gnu/qt5/QtOpenGL -I/usr/include/x86_64-linux-gnu/qt5/QtSvg -I/usr/include/x86_64-linux-gnu/qt5/QtPrintSupport -I/usr/include/x86_64-linux-gnu/qt5/QtWidgets -I/usr/include/x86_64-linux-gnu/qt5/QtGui -I/usr/include/x86_64-linux-gnu/qt5/QtXml -I/usr/include/x86_64-linux-gnu/qt5/QtScript -I/usr/include/x86_64-linux-gnu/qt5/QtConcurrent -I/usr/include/x86_64-linux-gnu/qt5/QtCore -I. -I. -I/usr/lib/x86_64-linux-gnu/qt5/mkspecs/linux-g++ -o basecell.o model/latticeboltzmann/basecell.cpp
g++ -c -pipe -fopenmp -O3 -march=native -ffast-math -funroll-loops -fomit-frame-pointer -Wall -Wextra -D_REENTRANT -fPIC -DQWT_DLL -DQT_NO_DEBUG -DQT_OPENGL_LIB -DQT_SVG_LIB -DQT_PRINTSUPPORT_LIB -DQT_WIDGETS_LIB -DQT_GUI_LIB -DQT_XML_LIB -DQT_SCRIPT_LIB -DQT_CONCURRENT_LIB -DQT_CORE_LIB -I. -Iview/util -I/usr/local/qwt-6.2.0-dev/include -I/usr/include/x86_64-linux-gnu/qt5 -I/usr/include/x86_64-linux-gnu/qt5/QtOpenGL -I/usr/include/x86_64-linux-gnu/qt5/QtSvg -I/usr/include/x86_64-linux-gnu/qt5/QtPrintSupport -I/usr/include/x86_64-linux-gnu/qt5/QtWidgets -I/usr/include/x86_64-linux-gnu/qt5/QtGui -I/usr/include/x86_64-linux-gnu/qt5/QtXml -I/usr/include/x86_64-linux-gnu/qt5/QtScript -I/usr/include/x86_64-linux-gnu/qt5/QtConcurrent -I/usr/include/x86_64-linux-gnu/qt5/QtCore -I. -I. -I/usr/lib/x86_64-linux-gnu/qt5/mkspecs/linux-g++ -o changes.o view/changes.cpp
g++ -c -pipe -fopenmp -O3 -march=native -ffast-math -funroll-loops -fomit-frame-pointer -Wall -Wextra -D_REENTRANT -fPIC -DQWT_DLL -DQT_NO_DEBUG -DQT_OPENGL_LIB -DQT_SVG_LIB -DQT_PRINTSUPPORT_LIB -DQT_WIDGETS_LIB -DQT_GUI_LIB -DQT_XML_LIB -DQT_SCRIPT_LIB -DQT_CONCURRENT_LIB -DQT_CORE_LIB -I. -Iview/util -I/usr/local/qwt-6.2.0-dev/include -I/usr/include/x86_64-linux-gnu/qt5 -I/usr/include/x86_64-linux-gnu/qt5/QtOpenGL -I/usr/include/x86_64-linux-gnu/qt5/QtSvg -I/usr/include/x86_64-linux-gnu/qt5/QtPrintSupport -I/usr/include/x86_64-linux-gnu/qt5/QtWidgets -I/usr/include/x86_64-linux-gnu/qt5/QtGui -I/usr/include/x86_64-linux-gnu/qt5/QtXml -I/usr/include/x86_64-linux-gnu/qt5/QtScript -I/usr/include/x86_64-linux-gnu/qt5/QtConcurrent -I/usr/include/x86_64-linux-gnu/qt5/QtCore -I. -I. -I/usr/lib/x86_64-linux-gnu/qt5/mkspecs/linux-g++ -o codeeditor.o view/codeeditor.cpp
g++ -c -pipe -fopenmp -O3 -march=native -ffast-math -funroll-loops -fomit-frame-pointer -Wall -Wextra -D_REENTRANT -fPIC -DQWT_DLL -DQT_NO_DEBUG -DQT_OPENGL_LIB -DQT_SVG_LIB -DQT_PRINTSUPPORT_LIB -DQT_WIDGETS_LIB -DQT_GUI_LIB -DQT_XML_LIB -DQT_SCRIPT_LIB -DQT_CONCURRENT_LIB -DQT_CORE_LIB -I. -Iview/util -I/usr/local/qwt-6.2.0-dev/include -I/usr/include/x86_64-linux-gnu/qt5 -I/usr/include/x86_64-linux-gnu/qt5/QtOpenGL -I/usr/include/x86_64-linux-gnu/qt5/QtSvg -I/usr/include/x86_64-linux-gnu/qt5/QtPrintSupport -I/usr/include/x86_64-linux-gnu/qt5/QtWidgets -I/usr/include/x86_64-linux-gnu/qt5/QtGui -I/usr/include/x86_64-linux-gnu/qt5/QtXml -I/usr/include/x86_64-linux-gnu/qt5/QtScript -I/usr/include/x86_64-linux-gnu/qt5/QtConcurrent -I/usr/include/x86_64-linux-gnu/qt5/QtCore -I. -I. -I/usr/lib/x86_64-linux-gnu/qt5/mkspecs/linux-g++ -o depositioncell.o model/latticeboltzmann/deposition/depositioncell.cpp
g++ -c -pipe -fopenmp -O3 -march=native -ffast-math -funroll-loops -fomit-frame-pointer -Wall -Wextra -D_REENTRANT -fPIC -DQWT_DLL -DQT_NO_DEBUG -DQT_OPENGL_LIB -DQT_SVG_LIB -DQT_PRINTSUPPORT_LIB -DQT_WIDGETS_LIB -DQT_GUI_LIB -DQT_XML_LIB -DQT_SCRIPT_LIB -DQT_CONCURRENT_LIB -DQT_CORE_LIB -I. -Iview/util -I/usr/local/qwt-6.2.0-dev/include -I/usr/include/x86_64-linux-gnu/qt5 -I/usr/include/x86_64-linux-gnu/qt5/QtOpenGL -I/usr/include/x86_64-linux-gnu/qt5/QtSvg -I/usr/include/x86_64-linux-gnu/qt5/QtPrintSupport -I/usr/include/x86_64-linux-gnu/qt5/QtWidgets -I/usr/include/x86_64-linux-gnu/qt5/QtGui -I/usr/include/x86_64-linux-gnu/qt5/QtXml -I/usr/include/x86_64-linux-gnu/qt5/QtScript -I/usr/include/x86_64-linux-gnu/qt5/QtConcurrent -I/usr/include/x86_64-linux-gnu/qt5/QtCore -I. -I. -I/usr/lib/x86_64-linux-gnu/qt5/mkspecs/linux-g++ -o depositionwall.o model/latticeboltzmann/deposition/depositionwall.cpp
g++ -c -pipe -fopenmp -O3 -march=native -ffast-math -funroll-loops -fomit-frame-pointer -Wall -Wextra -D_REENTRANT -fPIC -DQWT_DLL -DQT_NO_DEBUG -DQT_OPENGL_LIB -DQT_SVG_LIB -DQT_PRINTSUPPORT_LIB -DQT_WIDGETS_LIB -DQT_GUI_LIB -DQT_XML_LIB -DQT_SCRIPT_LIB -DQT_CONCURRENT_LIB -DQT_CORE_LIB -I. -Iview/util -I/usr/local/qwt-6.2.0-dev/include -I/usr/include/x86_64-linux-gnu/qt5 -I/usr/include/x86_64-linux-gnu/qt5/QtOpenGL -I/usr/include/x86_64-linux-gnu/qt5/QtSvg -I/usr/include/x86_64-linux-gnu/qt5/QtPrintSupport -I/usr/include/x86_64-linux-gnu/qt5/QtWidgets -I/usr/include/x86_64-linux-gnu/qt5/QtGui -I/usr/include/x86_64-linux-gnu/qt5/QtXml -I/usr/include/x86_64-linux-gnu/qt5/QtScript -I/usr/include/x86_64-linux-gnu/qt5/QtConcurrent -I/usr/include/x86_64-linux-gnu/qt5/QtCore -I. -I. -I/usr/lib/x86_64-linux-gnu/qt5/mkspecs/linux-g++ -o interpolation.o view/interpolation.cpp
g++ -c -pipe -fopenmp -O3 -march=native -ffast-math -funroll-loops -fomit-frame-pointer -Wall -Wextra -D_REENTRANT -fPIC -DQWT_DLL -DQT_NO_DEBUG -DQT_OPENGL_LIB -DQT_SVG_LIB -DQT_PRINTSUPPORT_LIB -DQT_WIDGETS_LIB -DQT_GUI_LIB -DQT_XML_LIB -DQT_SCRIPT_LIB -DQT_CONCURRENT_LIB -DQT_CORE_LIB -I. -Iview/util -I/usr/local/qwt-6.2.0-dev/include -I/usr/include/x86_64-linux-gnu/qt5 -I/usr/include/x86_64-linux-gnu/qt5/QtOpenGL -I/usr/include/x86_64-linux-gnu/qt5/QtSvg -I/usr/include/x86_64-linux-gnu/qt5/QtPrintSupport -I/usr/include/x86_64-linux-gnu/qt5/QtWidgets -I/usr/include/x86_64-linux-gnu/qt5/QtGui -I/usr/include/x86_64-linux-gnu/qt5/QtXml -I/usr/include/x86_64-linux-gnu/qt5/QtScript -I/usr/include/x86_64-linux-gnu/qt5/QtConcurrent -I/usr/include/x86_64-linux-gnu/qt5/QtCore -I. -I. -I/usr/lib/x86_64-linux-gnu/qt5/mkspecs/linux-g++ -o interpolationcell.o model/latticeboltzmann/interpolation/interpolationcell.cpp
g++ -c -pipe -fopenmp -O3 -march=native -ffast-math -funroll-loops -fomit-frame-pointer -Wall -Wextra -D_REENTRANT -fPIC -DQWT_DLL -DQT_NO_DEBUG -DQT_OPENGL_LIB -DQT_SVG_LIB -DQT_PRINTSUPPORT_LIB -DQT_WIDGETS_LIB -DQT_GUI_LIB -DQT_XML_LIB -DQT_SCRIPT_LIB -DQT_CONCURRENT_LIB -DQT_CORE_LIB -I. -Iview/util -I/usr/local/qwt-6.2.0-dev/include -I/usr/include/x86_64-linux-gnu/qt5 -I/usr/include/x86_64-linux-gnu/qt5/QtOpenGL -I/usr/include/x86_64-linux-gnu/qt5/QtSvg -I/usr/include/x86_64-linux-gnu/qt5/QtPrintSupport -I/usr/include/x86_64-linux-gnu/qt5/QtWidgets -I/usr/include/x86_64-linux-gnu/qt5/QtGui -I/usr/include/x86_64-linux-gnu/qt5/QtXml -I/usr/include/x86_64-linux-gnu/qt5/QtScript -I/usr/include/x86_64-linux-gnu/qt5/QtConcurrent -I/usr/include/x86_64-linux-gnu/qt5/QtCore -I. -I. -I/usr/lib/x86_64-linux-gnu/qt5/mkspecs/linux-g++ -o shared.o model/util/shared.cpp
g++ -c -pipe -fopenmp -O3 -march=native -ffast-math -funroll-loops -fomit-frame-pointer -Wall -Wextra -D_REENTRANT -fPIC -DQWT_DLL -DQT_NO_DEBUG -DQT_OPENGL_LIB -DQT_SVG_LIB -DQT_PRINTSUPPORT_LIB -DQT_WIDGETS_LIB -DQT_GUI_LIB -DQT_XML_LIB -DQT_SCRIPT_LIB -DQT_CONCURRENT_LIB -DQT_CORE_LIB -I. -Iview/util -I/usr/local/qwt-6.2.0-dev/include -I/usr/include/x86_64-linux-gnu/qt5 -I/usr/include/x86_64-linux-gnu/qt5/QtOpenGL -I/usr/include/x86_64-linux-gnu/qt5/QtSvg -I/usr/include/x86_64-linux-gnu/qt5/QtPrintSupport -I/usr/include/x86_64-linux-gnu/qt5/QtWidgets -I/usr/include/x86_64-linux-gnu/qt5/QtGui -I/usr/include/x86_64-linux-gnu/qt5/QtXml -I/usr/include/x86_64-linux-gnu/qt5/QtScript -I/usr/include/x86_64-linux-gnu/qt5/QtConcurrent -I/usr/include/x86_64-linux-gnu/qt5/QtCore -I. -I. -I/usr/lib/x86_64-linux-gnu/qt5/mkspecs/linux-g++ -o animation.o view/animation.cpp
g++ -c -pipe -fopenmp -O3 -march=native -ffast-math -funroll-loops -fomit-frame-pointer -Wall -Wextra -D_REENTRANT -fPIC -DQWT_DLL -DQT_NO_DEBUG -DQT_OPENGL_LIB -DQT_SVG_LIB -DQT_PRINTSUPPORT_LIB -DQT_WIDGETS_LIB -DQT_GUI_LIB -DQT_XML_LIB -DQT_SCRIPT_LIB -DQT_CONCURRENT_LIB -DQT_CORE_LIB -I. -Iview/util -I/usr/local/qwt-6.2.0-dev/include -I/usr/include/x86_64-linux-gnu/qt5 -I/usr/include/x86_64-linux-gnu/qt5/QtOpenGL -I/usr/include/x86_64-linux-gnu/qt5/QtSvg -I/usr/include/x86_64-linux-gnu/qt5/QtPrintSupport -I/usr/include/x86_64-linux-gnu/qt5/QtWidgets -I/usr/include/x86_64-linux-gnu/qt5/QtGui -I/usr/include/x86_64-linux-gnu/qt5/QtXml -I/usr/include/x86_64-linux-gnu/qt5/QtScript -I/usr/include/x86_64-linux-gnu/qt5/QtConcurrent -I/usr/include/x86_64-linux-gnu/qt5/QtCore -I. -I. -I/usr/lib/x86_64-linux-gnu/qt5/mkspecs/linux-g++ -o paintercell.o view/painter/paintercell.cpp
g++ -c -pipe -fopenmp -O3 -march=native -ffast-math -funroll-loops -fomit-frame-pointer -Wall -Wextra -D_REENTRANT -fPIC -DQWT_DLL -DQT_NO_DEBUG -DQT_OPENGL_LIB -DQT_SVG_LIB -DQT_PRINTSUPPORT_LIB -DQT_WIDGETS_LIB -DQT_GUI_LIB -DQT_XML_LIB -DQT_SCRIPT_LIB -DQT_CONCURRENT_LIB -DQT_CORE_LIB -I. -Iview/util -I/usr/local/qwt-6.2.0-dev/include -I/usr/include/x86_64-linux-gnu/qt5 -I/usr/include/x86_64-linux-gnu/qt5/QtOpenGL -I/usr/include/x86_64-linux-gnu/qt5/QtSvg -I/usr/include/x86_64-linux-gnu/qt5/QtPrintSupport -I/usr/include/x86_64-linux-gnu/qt5/QtWidgets -I/usr/include/x86_64-linux-gnu/qt5/QtGui -I/usr/include/x86_64-linux-gnu/qt5/QtXml -I/usr/include/x86_64-linux-gnu/qt5/QtScript -I/usr/include/x86_64-linux-gnu/qt5/QtConcurrent -I/usr/include/x86_64-linux-gnu/qt5/QtCore -I. -I. -I/usr/lib/x86_64-linux-gnu/qt5/mkspecs/linux-g++ -o initialparticle.o model/latticeboltzmann/extra/initialparticle.cpp
g++ -c -pipe -fopenmp -O3 -march=native -ffast-math -funroll-loops -fomit-frame-pointer -Wall -Wextra -D_REENTRANT -fPIC -DQWT_DLL -DQT_NO_DEBUG -DQT_OPENGL_LIB -DQT_SVG_LIB -DQT_PRINTSUPPORT_LIB -DQT_WIDGETS_LIB -DQT_GUI_LIB -DQT_XML_LIB -DQT_SCRIPT_LIB -DQT_CONCURRENT_LIB -DQT_CORE_LIB -I. -Iview/util -I/usr/local/qwt-6.2.0-dev/include -I/usr/include/x86_64-linux-gnu/qt5 -I/usr/include/x86_64-linux-gnu/qt5/QtOpenGL -I/usr/include/x86_64-linux-gnu/qt5/QtSvg -I/usr/include/x86_64-linux-gnu/qt5/QtPrintSupport -I/usr/include/x86_64-linux-gnu/qt5/QtWidgets -I/usr/include/x86_64-linux-gnu/qt5/QtGui -I/usr/include/x86_64-linux-gnu/qt5/QtXml -I/usr/include/x86_64-linux-gnu/qt5/QtScript -I/usr/include/x86_64-linux-gnu/qt5/QtConcurrent -I/usr/include/x86_64-linux-gnu/qt5/QtCore -I. -I. -I/usr/lib/x86_64-linux-gnu/qt5/mkspecs/linux-g++ -o passivescalarcell.o model/latticeboltzmann/passivescalar/passivescalarcell.cpp
g++ -c -pipe -fopenmp -O3 -march=native -ffast-math -funroll-loops -fomit-frame-pointer -Wall -Wextra -D_REENTRANT -fPIC -DQWT_DLL -DQT_NO_DEBUG -DQT_OPENGL_LIB -DQT_SVG_LIB -DQT_PRINTSUPPORT_LIB -DQT_WIDGETS_LIB -DQT_GUI_LIB -DQT_XML_LIB -DQT_SCRIPT_LIB -DQT_CONCURRENT_LIB -DQT_CORE_LIB -I. -Iview/util -I/usr/local/qwt-6.2.0-dev/include -I/usr/include/x86_64-linux-gnu/qt5 -I/usr/include/x86_64-linux-gnu/qt5/QtOpenGL -I/usr/include/x86_64-linux-gnu/qt5/QtSvg -I/usr/include/x86_64-linux-gnu/qt5/QtPrintSupport -I/usr/include/x86_64-linux-gnu/qt5/QtWidgets -I/usr/include/x86_64-linux-gnu/qt5/QtGui -I/usr/include/x86_64-linux-gnu/qt5/QtXml -I/usr/include/x86_64-linux-gnu/qt5/QtScript -I/usr/include/x86_64-linux-gnu/qt5/QtConcurrent -I/usr/include/x86_64-linux-gnu/qt5/QtCore -I. -I. -I/usr/lib/x86_64-linux-gnu/qt5/mkspecs/linux-g++ -o passivescalarsingleton.o model/latticeboltzmann/passivescalar/passivescalarsingleton.cpp
g++ -c -pipe -fopenmp -O3 -march=native -ffast-math -funroll-loops -fomit-frame-pointer -Wall -Wextra -D_REENTRANT -fPIC -DQWT_DLL -DQT_NO_DEBUG -DQT_OPENGL_LIB -DQT_SVG_LIB -DQT_PRINTSUPPORT_LIB -DQT_WIDGETS_LIB -DQT_GUI_LIB -DQT_XML_LIB -DQT_SCRIPT_LIB -DQT_CONCURRENT_LIB -DQT_CORE_LIB -I. -Iview/util -I/usr/local/qwt-6.2.0-dev/include -I/usr/include/x86_64-linux-gnu/qt5 -I/usr/include/x86_64-linux-gnu/qt5/QtOpenGL -I/usr/include/x86_64-linux-gnu/qt5/QtSvg -I/usr/include/x86_64-linux-gnu/qt5/QtPrintSupport -I/usr/include/x86_64-linux-gnu/qt5/QtWidgets -I/usr/include/x86_64-linux-gnu/qt5/QtGui -I/usr/include/x86_64-linux-gnu/qt5/QtXml -I/usr/include/x86_64-linux-gnu/qt5/QtScript -I/usr/include/x86_64-linux-gnu/qt5/QtConcurrent -I/usr/include/x86_64-linux-gnu/qt5/QtCore -I. -I. -I/usr/lib/x86_64-linux-gnu/qt5/mkspecs/linux-g++ -o configuration.o model/latticeboltzmann/passivescalar/configuration.cpp
g++ -c -pipe -fopenmp -O3 -march=native -ffast-math -funroll-loops -fomit-frame-pointer -Wall -Wextra -D_REENTRANT -fPIC -DQWT_DLL -DQT_NO_DEBUG -DQT_OPENGL_LIB -DQT_SVG_LIB -DQT_PRINTSUPPORT_LIB -DQT_WIDGETS_LIB -DQT_GUI_LIB -DQT_XML_LIB -DQT_SCRIPT_LIB -DQT_CONCURRENT_LIB -DQT_CORE_LIB -I. -Iview/util -I/usr/local/qwt-6.2.0-dev/include -I/usr/include/x86_64-linux-gnu/qt5 -I/usr/include/x86_64-linux-gnu/qt5/QtOpenGL -I/usr/include/x86_64-linux-gnu/qt5/QtSvg -I/usr/include/x86_64-linux-gnu/qt5/QtPrintSupport -I/usr/include/x86_64-linux-gnu/qt5/QtWidgets -I/usr/include/x86_64-linux-gnu/qt5/QtGui -I/usr/include/x86_64-linux-gnu/qt5/QtXml -I/usr/include/x86_64-linux-gnu/qt5/QtScript -I/usr/include/x86_64-linux-gnu/qt5/QtConcurrent -I/usr/include/x86_64-linux-gnu/qt5/QtCore -I. -I. -I/usr/lib/x86_64-linux-gnu/qt5/mkspecs/linux-g++ -o parameters2.o view/parameters2.cpp
g++ -c -pipe -fopenmp -O3 -march=native -ffast-math -funroll-loops -fomit-frame-pointer -Wall -Wextra -D_REENTRANT -fPIC -DQWT_DLL -DQT_NO_DEBUG -DQT_OPENGL_LIB -DQT_SVG_LIB -DQT_PRINTSUPPORT_LIB -DQT_WIDGETS_LIB -DQT_GUI_LIB -DQT_XML_LIB -DQT_SCRIPT_LIB -DQT_CONCURRENT_LIB -DQT_CORE_LIB -I. -Iview/util -I/usr/local/qwt-6.2.0-dev/include -I/usr/include/x86_64-linux-gnu/qt5 -I/usr/include/x86_64-linux-gnu/qt5/QtOpenGL -I/usr/include/x86_64-linux-gnu/qt5/QtSvg -I/usr/include/x86_64-linux-gnu/qt5/QtPrintSupport -I/usr/include/x86_64-linux-gnu/qt5/QtWidgets -I/usr/include/x86_64-linux-gnu/qt5/QtGui -I/usr/include/x86_64-linux-gnu/qt5/QtXml -I/usr/include/x86_64-linux-gnu/qt5/QtScript -I/usr/include/x86_64-linux-gnu/qt5/QtConcurrent -I/usr/include/x86_64-linux-gnu/qt5/QtCore -I. -I. -I/usr/lib/x86_64-linux-gnu/qt5/mkspecs/linux-g++ -o reflectwithfactorcell.o model/latticeboltzmann/boundary/reflectwithfactorcell.cpp
g++ -c -pipe -fopenmp -O3 -march=native -ffast-math -funroll-loops -fomit-frame-pointer -Wall -Wextra -D_REENTRANT -fPIC -DQWT_DLL -DQT_NO_DEBUG -DQT_OPENGL_LIB -DQT_SVG_LIB -DQT_PRINTSUPPORT_LIB -DQT_WIDGETS_LIB -DQT_GUI_LIB -DQT_XML_LIB -DQT_SCRIPT_LIB -DQT_CONCURRENT_LIB -DQT_CORE_LIB -I. -Iview/util -I/usr/local/qwt-6.2.0-dev/include -I/usr/include/x86_64-linux-gnu/qt5 -I/usr/include/x86_64-linux-gnu/qt5/QtOpenGL -I/usr/include/x86_64-linux-gnu/qt5/QtSvg -I/usr/include/x86_64-linux-gnu/qt5/QtPrintSupport -I/usr/include/x86_64-linux-gnu/qt5/QtWidgets -I/usr/include/x86_64-linux-gnu/qt5/QtGui -I/usr/include/x86_64-linux-gnu/qt5/QtXml -I/usr/include/x86_64-linux-gnu/qt5/QtScript -I/usr/include/x86_64-linux-gnu/qt5/QtConcurrent -I/usr/include/x86_64-linux-gnu/qt5/QtCore -I. -I. -I/usr/lib/x86_64-linux-gnu/qt5/mkspecs/linux-g++ -o vtkreporter.o model/inputoutput/vtkreporter.cpp
g++ -c -pipe -fopenmp -O3 -march=native -ffast-math -funroll-loops -fomit-frame-pointer -Wall -Wextra -D_REENTRANT -fPIC -DQWT_DLL -DQT_NO_DEBUG -DQT_OPENGL_LIB -DQT_SVG_LIB -DQT_PRINTSUPPORT_LIB -DQT_WIDGETS_LIB -DQT_GUI_LIB -DQT_XML_LIB -DQT_SCRIPT_LIB -DQT_CONCURRENT_LIB -DQT_CORE_LIB -I. -Iview/util -I/usr/local/qwt-6.2.0-dev/include -I/usr/include/x86_64-linux-gnu/qt5 -I/usr/include/x86_64-linux-gnu/qt5/QtOpenGL -I/usr/include/x86_64-linux-gnu/qt5/QtSvg -I/usr/include/x86_64-linux-gnu/qt5/QtPrintSupport -I/usr/include/x86_64-linux-gnu/qt5/QtWidgets -I/usr/include/x86_64-linux-gnu/qt5/QtGui -I/usr/include/x86_64-linux-gnu/qt5/QtXml -I/usr/include/x86_64-linux-gnu/qt5/QtScript -I/usr/include/x86_64-linux-gnu/qt5/QtConcurrent -I/usr/include/x86_64-linux-gnu/qt5/QtCore -I. -I. -I/usr/lib/x86_64-linux-gnu/qt5/mkspecs/linux-g++ -o streamlinecurve.o model/latticeboltzmann/streamline/streamlinecurve.cpp
g++ -c -pipe -fopenmp -O3 -march=native -ffast-math -funroll-loops -fomit-frame-pointer -Wall -Wextra -D_REENTRANT -fPIC -DQWT_DLL -DQT_NO_DEBUG -DQT_OPENGL_LIB -DQT_SVG_LIB -DQT_PRINTSUPPORT_LIB -DQT_WIDGETS_LIB -DQT_GUI_LIB -DQT_XML_LIB -DQT_SCRIPT_LIB -DQT_CONCURRENT_LIB -DQT_CORE_LIB -I. -Iview/util -I/usr/local/qwt-6.2.0-dev/include -I/usr/include/x86_64-linux-gnu/qt5 -I/usr/include/x86_64-linux-gnu/qt5/QtOpenGL -I/usr/include/x86_64-linux-gnu/qt5/QtSvg -I/usr/include/x86_64-linux-gnu/qt5/QtPrintSupport -I/usr/include/x86_64-linux-gnu/qt5/QtWidgets -I/usr/include/x86_64-linux-gnu/qt5/QtGui -I/usr/include/x86_64-linux-gnu/qt5/QtXml -I/usr/include/x86_64-linux-gnu/qt5/QtScript -I/usr/include/x86_64-linux-gnu/qt5/QtConcurrent -I/usr/include/x86_64-linux-gnu/qt5/QtCore -I. -I. -I/usr/lib/x86_64-linux-gnu/qt5/mkspecs/linux-g++ -o streamlinegenerator.o model/latticeboltzmann/streamline/streamlinegenerator.cpp
g++ -c -pipe -fopenmp -O3 -march=native -ffast-math -funroll-loops -fomit-frame-pointer -Wall -Wextra -D_REENTRANT -fPIC -DQWT_DLL -DQT_NO_DEBUG -DQT_OPENGL_LIB -DQT_SVG_LIB -DQT_PRINTSUPPORT_LIB -DQT_WIDGETS_LIB -DQT_GUI_LIB -DQT_XML_LIB -DQT_SCRIPT_LIB -DQT_CONCURRENT_LIB -DQT_CORE_LIB -I. -Iview/util -I/usr/local/qwt-6.2.0-dev/include -I/usr/include/x86_64-linux-gnu/qt5 -I/usr/include/x86_64-linux-gnu/qt5/QtOpenGL -I/usr/include/x86_64-linux-gnu/qt5/QtSvg -I/usr/include/x86_64-linux-gnu/qt5/QtPrintSupport -I/usr/include/x86_64-linux-gnu/qt5/QtWidgets -I/usr/include/x86_64-linux-gnu/qt5/QtGui -I/usr/include/x86_64-linux-gnu/qt5/QtXml -I/usr/include/x86_64-linux-gnu/qt5/QtScript -I/usr/include/x86_64-linux-gnu/qt5/QtConcurrent -I/usr/include/x86_64-linux-gnu/qt5/QtCore -I. -I. -I/usr/lib/x86_64-linux-gnu/qt5/mkspecs/linux-g++ -o painterconfig.o view/painterconfig.cpp
g++ -c -pipe -fopenmp -O3 -march=native -ffast-math -funroll-loops -fomit-frame-pointer -Wall -Wextra -D_REENTRANT -fPIC -DQWT_DLL -DQT_NO_DEBUG -DQT_OPENGL_LIB -DQT_SVG_LIB -DQT_PRINTSUPPORT_LIB -DQT_WIDGETS_LIB -DQT_GUI_LIB -DQT_XML_LIB -DQT_SCRIPT_LIB -DQT_CONCURRENT_LIB -DQT_CORE_LIB -I. -Iview/util -I/usr/local/qwt-6.2.0-dev/include -I/usr/include/x86_64-linux-gnu/qt5 -I/usr/include/x86_64-linux-gnu/qt5/QtOpenGL -I/usr/include/x86_64-linux-gnu/qt5/QtSvg -I/usr/include/x86_64-linux-gnu/qt5/QtPrintSupport -I/usr/include/x86_64-linux-gnu/qt5/QtWidgets -I/usr/include/x86_64-linux-gnu/qt5/QtGui -I/usr/include/x86_64-linux-gnu/qt5/QtXml -I/usr/include/x86_64-linux-gnu/qt5/QtScript -I/usr/include/x86_64-linux-gnu/qt5/QtConcurrent -I/usr/include/x86_64-linux-gnu/qt5/QtCore -I. -I. -I/usr/lib/x86_64-linux-gnu/qt5/mkspecs/linux-g++ -o streamlinealgorithm.o model/latticeboltzmann/streamline/streamlinealgorithm.cpp
g++ -c -pipe -fopenmp -O3 -march=native -ffast-math -funroll-loops -fomit-frame-pointer -Wall -Wextra -D_REENTRANT -fPIC -DQWT_DLL -DQT_NO_DEBUG -DQT_OPENGL_LIB -DQT_SVG_LIB -DQT_PRINTSUPPORT_LIB -DQT_WIDGETS_LIB -DQT_GUI_LIB -DQT_XML_LIB -DQT_SCRIPT_LIB -DQT_CONCURRENT_LIB -DQT_CORE_LIB -I. -Iview/util -I/usr/local/qwt-6.2.0-dev/include -I/usr/include/x86_64-linux-gnu/qt5 -I/usr/include/x86_64-linux-gnu/qt5/QtOpenGL -I/usr/include/x86_64-linux-gnu/qt5/QtSvg -I/usr/include/x86_64-linux-gnu/qt5/QtPrintSupport -I/usr/include/x86_64-linux-gnu/qt5/QtWidgets -I/usr/include/x86_64-linux-gnu/qt5/QtGui -I/usr/include/x86_64-linux-gnu/qt5/QtXml -I/usr/include/x86_64-linux-gnu/qt5/QtScript -I/usr/include/x86_64-linux-gnu/qt5/QtConcurrent -I/usr/include/x86_64-linux-gnu/qt5/QtCore -I. -I. -I/usr/lib/x86_64-linux-gnu/qt5/mkspecs/linux-g++ -o euler.o model/latticeboltzmann/streamline/euler.cpp
g++ -c -pipe -fopenmp -O3 -march=native -ffast-math -funroll-loops -fomit-frame-pointer -Wall -Wextra -D_REENTRANT -fPIC -DQWT_DLL -DQT_NO_DEBUG -DQT_OPENGL_LIB -DQT_SVG_LIB -DQT_PRINTSUPPORT_LIB -DQT_WIDGETS_LIB -DQT_GUI_LIB -DQT_XML_LIB -DQT_SCRIPT_LIB -DQT_CONCURRENT_LIB -DQT_CORE_LIB -I. -Iview/util -I/usr/local/qwt-6.2.0-dev/include -I/usr/include/x86_64-linux-gnu/qt5 -I/usr/include/x86_64-linux-gnu/qt5/QtOpenGL -I/usr/include/x86_64-linux-gnu/qt5/QtSvg -I/usr/include/x86_64-linux-gnu/qt5/QtPrintSupport -I/usr/include/x86_64-linux-gnu/qt5/QtWidgets -I/usr/include/x86_64-linux-gnu/qt5/QtGui -I/usr/include/x86_64-linux-gnu/qt5/QtXml -I/usr/include/x86_64-linux-gnu/qt5/QtScript -I/usr/include/x86_64-linux-gnu/qt5/QtConcurrent -I/usr/include/x86_64-linux-gnu/qt5/QtCore -I. -I. -I/usr/lib/x86_64-linux-gnu/qt5/mkspecs/linux-g++ -o velocityevaluator.o model/latticeboltzmann/streamline/velocityevaluator.cpp
g++ -c -pipe -fopenmp -O3 -march=native -ffast-math -funroll-loops -fomit-frame-pointer -Wall -Wextra -D_REENTRANT -fPIC -DQWT_DLL -DQT_NO_DEBUG -DQT_OPENGL_LIB -DQT_SVG_LIB -DQT_PRINTSUPPORT_LIB -DQT_WIDGETS_LIB -DQT_GUI_LIB -DQT_XML_LIB -DQT_SCRIPT_LIB -DQT_CONCURRENT_LIB -DQT_CORE_LIB -I. -Iview/util -I/usr/local/qwt-6.2.0-dev/include -I/usr/include/x86_64-linux-gnu/qt5 -I/usr/include/x86_64-linux-gnu/qt5/QtOpenGL -I/usr/include/x86_64-linux-gnu/qt5/QtSvg -I/usr/include/x86_64-linux-gnu/qt5/QtPrintSupport -I/usr/include/x86_64-linux-gnu/qt5/QtWidgets -I/usr/include/x86_64-linux-gnu/qt5/QtGui -I/usr/include/x86_64-linux-gnu/qt5/QtXml -I/usr/include/x86_64-linux-gnu/qt5/QtScript -I/usr/include/x86_64-linux-gnu/qt5/QtConcurrent -I/usr/include/x86_64-linux-gnu/qt5/QtCore -I. -I. -I/usr/lib/x86_64-linux-gnu/qt5/mkspecs/linux-g++ -o velocitylinearinterpolator.o model/latticeboltzmann/streamline/velocitylinearinterpolator.cpp
g++ -c -pipe -fopenmp -O3 -march=native -ffast-math -funroll-loops -fomit-frame-pointer -Wall -Wextra -D_REENTRANT -fPIC -DQWT_DLL -DQT_NO_DEBUG -DQT_OPENGL_LIB -DQT_SVG_LIB -DQT_PRINTSUPPORT_LIB -DQT_WIDGETS_LIB -DQT_GUI_LIB -DQT_XML_LIB -DQT_SCRIPT_LIB -DQT_CONCURRENT_LIB -DQT_CORE_LIB -I. -Iview/util -I/usr/local/qwt-6.2.0-dev/include -I/usr/include/x86_64-linux-gnu/qt5 -I/usr/include/x86_64-linux-gnu/qt5/QtOpenGL -I/usr/include/x86_64-linux-gnu/qt5/QtSvg -I/usr/include/x86_64-linux-gnu/qt5/QtPrintSupport -I/usr/include/x86_64-linux-gnu/qt5/QtWidgets -I/usr/include/x86_64-linux-gnu/qt5/QtGui -I/usr/include/x86_64-linux-gnu/qt5/QtXml -I/usr/include/x86_64-linux-gnu/qt5/QtScript -I/usr/include/x86_64-linux-gnu/qt5/QtConcurrent -I/usr/include/x86_64-linux-gnu/qt5/QtCore -I. -I. -I/usr/lib/x86_64-linux-gnu/qt5/mkspecs/linux-g++ -o nearestpointvelocityevaluator.o model/latticeboltzmann/streamline/nearestpointvelocityevaluator.cpp
g++ -c -pipe -fopenmp -O3 -march=native -ffast-math -funroll-loops -fomit-frame-pointer -Wall -Wextra -D_REENTRANT -fPIC -DQWT_DLL -DQT_NO_DEBUG -DQT_OPENGL_LIB -DQT_SVG_LIB -DQT_PRINTSUPPORT_LIB -DQT_WIDGETS_LIB -DQT_GUI_LIB -DQT_XML_LIB -DQT_SCRIPT_LIB -DQT_CONCURRENT_LIB -DQT_CORE_LIB -I. -Iview/util -I/usr/local/qwt-6.2.0-dev/include -I/usr/include/x86_64-linux-gnu/qt5 -I/usr/include/x86_64-linux-gnu/qt5/QtOpenGL -I/usr/include/x86_64-linux-gnu/qt5/QtSvg -I/usr/include/x86_64-linux-gnu/qt5/QtPrintSupport -I/usr/include/x86_64-linux-gnu/qt5/QtWidgets -I/usr/include/x86_64-linux-gnu/qt5/QtGui -I/usr/include/x86_64-linux-gnu/qt5/QtXml -I/usr/include/x86_64-linux-gnu/qt5/QtScript -I/usr/include/x86_64-linux-gnu/qt5/QtConcurrent -I/usr/include/x86_64-linux-gnu/qt5/QtCore -I. -I. -I/usr/lib/x86_64-linux-gnu/qt5/mkspecs/linux-g++ -o seedgenerator.o model/latticeboltzmann/streamline/seedgenerator.cpp
g++ -c -pipe -fopenmp -O3 -march=native -ffast-math -funroll-loops -fomit-frame-pointer -Wall -Wextra -D_REENTRANT -fPIC -DQWT_DLL -DQT_NO_DEBUG -DQT_OPENGL_LIB -DQT_SVG_LIB -DQT_PRINTSUPPORT_LIB -DQT_WIDGETS_LIB -DQT_GUI_LIB -DQT_XML_LIB -DQT_SCRIPT_LIB -DQT_CONCURRENT_LIB -DQT_CORE_LIB -I. -Iview/util -I/usr/local/qwt-6.2.0-dev/include -I/usr/include/x86_64-linux-gnu/qt5 -I/usr/include/x86_64-linux-gnu/qt5/QtOpenGL -I/usr/include/x86_64-linux-gnu/qt5/QtSvg -I/usr/include/x86_64-linux-gnu/qt5/QtPrintSupport -I/usr/include/x86_64-linux-gnu/qt5/QtWidgets -I/usr/include/x86_64-linux-gnu/qt5/QtGui -I/usr/include/x86_64-linux-gnu/qt5/QtXml -I/usr/include/x86_64-linux-gnu/qt5/QtScript -I/usr/include/x86_64-linux-gnu/qt5/QtConcurrent -I/usr/include/x86_64-linux-gnu/qt5/QtCore -I. -I. -I/usr/lib/x86_64-linux-gnu/qt5/mkspecs/linux-g++ -o nextcellevalutor.o model/latticeboltzmann/streamline/nextcellevalutor.cpp
g++ -c -pipe -fopenmp -O3 -march=native -ffast-math -funroll-loops -fomit-frame-pointer -Wall -Wextra -D_REENTRANT -fPIC -DQWT_DLL -DQT_NO_DEBUG -DQT_OPENGL_LIB -DQT_SVG_LIB -DQT_PRINTSUPPORT_LIB -DQT_WIDGETS_LIB -DQT_GUI_LIB -DQT_XML_LIB -DQT_SCRIPT_LIB -DQT_CONCURRENT_LIB -DQT_CORE_LIB -I. -Iview/util -I/usr/local/qwt-6.2.0-dev/include -I/usr/include/x86_64-linux-gnu/qt5 -I/usr/include/x86_64-linux-gnu/qt5/QtOpenGL -I/usr/include/x86_64-linux-gnu/qt5/QtSvg -I/usr/include/x86_64-linux-gnu/qt5/QtPrintSupport -I/usr/include/x86_64-linux-gnu/qt5/QtWidgets -I/usr/include/x86_64-linux-gnu/qt5/QtGui -I/usr/include/x86_64-linux-gnu/qt5/QtXml -I/usr/include/x86_64-linux-gnu/qt5/QtScript -I/usr/include/x86_64-linux-gnu/qt5/QtConcurrent -I/usr/include/x86_64-linux-gnu/qt5/QtCore -I. -I. -I/usr/lib/x86_64-linux-gnu/qt5/mkspecs/linux-g++ -o isolineseeder.o view/painter/isolineseeder.cpp
g++ -c -pipe -fopenmp -O3 -march=native -ffast-math -funroll-loops -fomit-frame-pointer -Wall -Wextra -D_REENTRANT -fPIC -DQWT_DLL -DQT_NO_DEBUG -DQT_OPENGL_LIB -DQT_SVG_LIB -DQT_PRINTSUPPORT_LIB -DQT_WIDGETS_LIB -DQT_GUI_LIB -DQT_XML_LIB -DQT_SCRIPT_LIB -DQT_CONCURRENT_LIB -DQT_CORE_LIB -I. -Iview/util -I/usr/local/qwt-6.2.0-dev/include -I/usr/include/x86_64-linux-gnu/qt5 -I/usr/include/x86_64-linux-gnu/qt5/QtOpenGL -I/usr/include/x86_64-linux-gnu/qt5/QtSvg -I/usr/include/x86_64-linux-gnu/qt5/QtPrintSupport -I/usr/include/x86_64-linux-gnu/qt5/QtWidgets -I/usr/include/x86_64-linux-gnu/qt5/QtGui -I/usr/include/x86_64-linux-gnu/qt5/QtXml -I/usr/include/x86_64-linux-gnu/qt5/QtScript -I/usr/include/x86_64-linux-gnu/qt5/QtConcurrent -I/usr/include/x86_64-linux-gnu/qt5/QtCore -I. -I. -I/usr/lib/x86_64-linux-gnu/qt5/mkspecs/linux-g++ -o equallyspacedseeder.o view/painter/equallyspacedseeder.cpp
g++ -c -pipe -fopenmp -O3 -march=native -ffast-math -funroll-loops -fomit-frame-pointer -Wall -Wextra -D_REENTRANT -fPIC -DQWT_DLL -DQT_NO_DEBUG -DQT_OPENGL_LIB -DQT_SVG_LIB -DQT_PRINTSUPPORT_LIB -DQT_WIDGETS_LIB -DQT_GUI_LIB -DQT_XML_LIB -DQT_SCRIPT_LIB -DQT_CONCURRENT_LIB -DQT_CORE_LIB -I. -Iview/util -I/usr/local/qwt-6.2.0-dev/include -I/usr/include/x86_64-linux-gnu/qt5 -I/usr/include/x86_64-linux-gnu/qt5/QtOpenGL -I/usr/include/x86_64-linux-gnu/qt5/QtSvg -I/usr/include/x86_64-linux-gnu/qt5/QtPrintSupport -I/usr/include/x86_64-linux-gnu/qt5/QtWidgets -I/usr/include/x86_64-linux-gnu/qt5/QtGui -I/usr/include/x86_64-linux-gnu/qt5/QtXml -I/usr/include/x86_64-linux-gnu/qt5/QtScript -I/usr/include/x86_64-linux-gnu/qt5/QtConcurrent -I/usr/include/x86_64-linux-gnu/qt5/QtCore -I. -I. -I/usr/lib/x86_64-linux-gnu/qt5/mkspecs/linux-g++ -o customseeder.o view/painter/customseeder.cpp
g++ -c -pipe -fopenmp -O3 -march=native -ffast-math -funroll-loops -fomit-frame-pointer -Wall -Wextra -D_REENTRANT -fPIC -DQWT_DLL -DQT_NO_DEBUG -DQT_OPENGL_LIB -DQT_SVG_LIB -DQT_PRINTSUPPORT_LIB -DQT_WIDGETS_LIB -DQT_GUI_LIB -DQT_XML_LIB -DQT_SCRIPT_LIB -DQT_CONCURRENT_LIB -DQT_CORE_LIB -I. -Iview/util -I/usr/local/qwt-6.2.0-dev/include -I/usr/include/x86_64-linux-gnu/qt5 -I/usr/include/x86_64-linux-gnu/qt5/QtOpenGL -I/usr/include/x86_64-linux-gnu/qt5/QtSvg -I/usr/include/x86_64-linux-gnu/qt5/QtPrintSupport -I/usr/include/x86_64-linux-gnu/qt5/QtWidgets -I/usr/include/x86_64-linux-gnu/qt5/QtGui -I/usr/include/x86_64-linux-gnu/qt5/QtXml -I/usr/include/x86_64-linux-gnu/qt5/QtScript -I/usr/include/x86_64-linux-gnu/qt5/QtConcurrent -I/usr/include/x86_64-linux-gnu/qt5/QtCore -I. -I. -I/usr/lib/x86_64-linux-gnu/qt5/mkspecs/linux-g++ -o util.o model/math/util.cpp
g++ -c -pipe -fopenmp -O3 -march=native -ffast-math -funroll-loops -fomit-frame-pointer -Wall -Wextra -D_REENTRANT -fPIC -DQWT_DLL -DQT_NO_DEBUG -DQT_OPENGL_LIB -DQT_SVG_LIB -DQT_PRINTSUPPORT_LIB -DQT_WIDGETS_LIB -DQT_GUI_LIB -DQT_XML_LIB -DQT_SCRIPT_LIB -DQT_CONCURRENT_LIB -DQT_CORE_LIB -I. -Iview/util -I/usr/local/qwt-6.2.0-dev/include -I/usr/include/x86_64-linux-gnu/qt5 -I/usr/include/x86_64-linux-gnu/qt5/QtOpenGL -I/usr/include/x86_64-linux-gnu/qt5/QtSvg -I/usr/include/x86_64-linux-gnu/qt5/QtPrintSupport -I/usr/include/x86_64-linux-gnu/qt5/QtWidgets -I/usr/include/x86_64-linux-gnu/qt5/QtGui -I/usr/include/x86_64-linux-gnu/qt5/QtXml -I/usr/include/x86_64-linux-gnu/qt5/QtScript -I/usr/include/x86_64-linux-gnu/qt5/QtConcurrent -I/usr/include/x86_64-linux-gnu/qt5/QtCore -I. -I. -I/usr/lib/x86_64-linux-gnu/qt5/mkspecs/linux-g++ -o isosurfacehelper.o view/painter/isosurfacehelper.cpp
g++ -c -pipe -fopenmp -O3 -march=native -ffast-math -funroll-loops -fomit-frame-pointer -Wall -Wextra -D_REENTRANT -fPIC -DQWT_DLL -DQT_NO_DEBUG -DQT_OPENGL_LIB -DQT_SVG_LIB -DQT_PRINTSUPPORT_LIB -DQT_WIDGETS_LIB -DQT_GUI_LIB -DQT_XML_LIB -DQT_SCRIPT_LIB -DQT_CONCURRENT_LIB -DQT_CORE_LIB -I. -Iview/util -I/usr/local/qwt-6.2.0-dev/include -I/usr/include/x86_64-linux-gnu/qt5 -I/usr/include/x86_64-linux-gnu/qt5/QtOpenGL -I/usr/include/x86_64-linux-gnu/qt5/QtSvg -I/usr/include/x86_64-linux-gnu/qt5/QtPrintSupport -I/usr/include/x86_64-linux-gnu/qt5/QtWidgets -I/usr/include/x86_64-linux-gnu/qt5/QtGui -I/usr/include/x86_64-linux-gnu/qt5/QtXml -I/usr/include/x86_64-linux-gnu/qt5/QtScript -I/usr/include/x86_64-linux-gnu/qt5/QtConcurrent -I/usr/include/x86_64-linux-gnu/qt5/QtCore -I. -I. -I/usr/lib/x86_64-linux-gnu/qt5/mkspecs/linux-g++ -o passivescalarforce.o model/latticeboltzmann/force/passivescalarforce.cpp
g++ -c -pipe -fopenmp -O3 -march=native -ffast-math -funroll-loops -fomit-frame-pointer -Wall -Wextra -D_REENTRANT -fPIC -DQWT_DLL -DQT_NO_DEBUG -DQT_OPENGL_LIB -DQT_SVG_LIB -DQT_PRINTSUPPORT_LIB -DQT_WIDGETS_LIB -DQT_GUI_LIB -DQT_XML_LIB -DQT_SCRIPT_LIB -DQT_CONCURRENT_LIB -DQT_CORE_LIB -I. -Iview/util -I/usr/local/qwt-6.2.0-dev/include -I/usr/include/x86_64-linux-gnu/qt5 -I/usr/include/x86_64-linux-gnu/qt5/QtOpenGL -I/usr/include/x86_64-linux-gnu/qt5/QtSvg -I/usr/include/x86_64-linux-gnu/qt5/QtPrintSupport -I/usr/include/x86_64-linux-gnu/qt5/QtWidgets -I/usr/include/x86_64-linux-gnu/qt5/QtGui -I/usr/include/x86_64-linux-gnu/qt5/QtXml -I/usr/include/x86_64-linux-gnu/qt5/QtScript -I/usr/include/x86_64-linux-gnu/qt5/QtConcurrent -I/usr/include/x86_64-linux-gnu/qt5/QtCore -I. -I. -I/usr/lib/x86_64-linux-gnu/qt5/mkspecs/linux-g++ -o mesher.o view/mesher.cpp
g++ -c -pipe -fopenmp -O3 -march=native -ffast-math -funroll-loops -fomit-frame-pointer -Wall -Wextra -D_REENTRANT -fPIC -DQWT_DLL -DQT_NO_DEBUG -DQT_OPENGL_LIB -DQT_SVG_LIB -DQT_PRINTSUPPORT_LIB -DQT_WIDGETS_LIB -DQT_GUI_LIB -DQT_XML_LIB -DQT_SCRIPT_LIB -DQT_CONCURRENT_LIB -DQT_CORE_LIB -I. -Iview/util -I/usr/local/qwt-6.2.0-dev/include -I/usr/include/x86_64-linux-gnu/qt5 -I/usr/include/x86_64-linux-gnu/qt5/QtOpenGL -I/usr/include/x86_64-linux-gnu/qt5/QtSvg -I/usr/include/x86_64-linux-gnu/qt5/QtPrintSupport -I/usr/include/x86_64-linux-gnu/qt5/QtWidgets -I/usr/include/x86_64-linux-gnu/qt5/QtGui -I/usr/include/x86_64-linux-gnu/qt5/QtXml -I/usr/include/x86_64-linux-gnu/qt5/QtScript -I/usr/include/x86_64-linux-gnu/qt5/QtConcurrent -I/usr/include/x86_64-linux-gnu/qt5/QtCore -I. -I. -I/usr/lib/x86_64-linux-gnu/qt5/mkspecs/linux-g++ -o moreinfo.o view/moreinfo.cpp
g++ -c -pipe -fopenmp -O3 -march=native -ffast-math -funroll-loops -fomit-frame-pointer -Wall -Wextra -D_REENTRANT -fPIC -DQWT_DLL -DQT_NO_DEBUG -DQT_OPENGL_LIB -DQT_SVG_LIB -DQT_PRINTSUPPORT_LIB -DQT_WIDGETS_LIB -DQT_GUI_LIB -DQT_XML_LIB -DQT_SCRIPT_LIB -DQT_CONCURRENT_LIB -DQT_CORE_LIB -I. -Iview/util -I/usr/local/qwt-6.2.0-dev/include -I/usr/include/x86_64-linux-gnu/qt5 -I/usr/include/x86_64-linux-gnu/qt5/QtOpenGL -I/usr/include/x86_64-linux-gnu/qt5/QtSvg -I/usr/include/x86_64-linux-gnu/qt5/QtPrintSupport -I/usr/include/x86_64-linux-gnu/qt5/QtWidgets -I/usr/include/x86_64-linux-gnu/qt5/QtGui -I/usr/include/x86_64-linux-gnu/qt5/QtXml -I/usr/include/x86_64-linux-gnu/qt5/QtScript -I/usr/include/x86_64-linux-gnu/qt5/QtConcurrent -I/usr/include/x86_64-linux-gnu/qt5/QtCore -I. -I. -I/usr/lib/x86_64-linux-gnu/qt5/mkspecs/linux-g++ -o momentpropagationcell.o model/latticeboltzmann/passivescalar/momentpropagationcell.cpp
g++ -c -pipe -fopenmp -O3 -march=native -ffast-math -funroll-loops -fomit-frame-pointer -Wall -Wextra -D_REENTRANT -fPIC -DQWT_DLL -DQT_NO_DEBUG -DQT_OPENGL_LIB -DQT_SVG_LIB -DQT_PRINTSUPPORT_LIB -DQT_WIDGETS_LIB -DQT_GUI_LIB -DQT_XML_LIB -DQT_SCRIPT_LIB -DQT_CONCURRENT_LIB -DQT_CORE_LIB -I. -Iview/util -I/usr/local/qwt-6.2.0-dev/include -I/usr/include/x86_64-linux-gnu/qt5 -I/usr/include/x86_64-linux-gnu/qt5/QtOpenGL -I/usr/include/x86_64-linux-gnu/qt5/QtSvg -I/usr/include/x86_64-linux-gnu/qt5/QtPrintSupport -I/usr/include/x86_64-linux-gnu/qt5/QtWidgets -I/usr/include/x86_64-linux-gnu/qt5/QtGui -I/usr/include/x86_64-linux-gnu/qt5/QtXml -I/usr/include/x86_64-linux-gnu/qt5/QtScript -I/usr/include/x86_64-linux-gnu/qt5/QtConcurrent -I/usr/include/x86_64-linux-gnu/qt5/QtCore -I. -I. -I/usr/lib/x86_64-linux-gnu/qt5/mkspecs/linux-g++ -o imageprocessing.o view/imageprocessing.cpp
g++ -c -pipe -fopenmp -O3 -march=native -ffast-math -funroll-loops -fomit-frame-pointer -Wall -Wextra -D_REENTRANT -fPIC -DQWT_DLL -DQT_NO_DEBUG -DQT_OPENGL_LIB -DQT_SVG_LIB -DQT_PRINTSUPPORT_LIB -DQT_WIDGETS_LIB -DQT_GUI_LIB -DQT_XML_LIB -DQT_SCRIPT_LIB -DQT_CONCURRENT_LIB -DQT_CORE_LIB -I. -Iview/util -I/usr/local/qwt-6.2.0-dev/include -I/usr/include/x86_64-linux-gnu/qt5 -I/usr/include/x86_64-linux-gnu/qt5/QtOpenGL -I/usr/include/x86_64-linux-gnu/qt5/QtSvg -I/usr/include/x86_64-linux-gnu/qt5/QtPrintSupport -I/usr/include/x86_64-linux-gnu/qt5/QtWidgets -I/usr/include/x86_64-linux-gnu/qt5/QtGui -I/usr/include/x86_64-linux-gnu/qt5/QtXml -I/usr/include/x86_64-linux-gnu/qt5/QtScript -I/usr/include/x86_64-linux-gnu/qt5/QtConcurrent -I/usr/include/x86_64-linux-gnu/qt5/QtCore -I. -I. -I/usr/lib/x86_64-linux-gnu/qt5/mkspecs/linux-g++ -o geometry.o view/geometry.cpp
g++ -c -pipe -fopenmp -O3 -march=native -ffast-math -funroll-loops -fomit-frame-pointer -Wall -Wextra -D_REENTRANT -fPIC -DQWT_DLL -DQT_NO_DEBUG -DQT_OPENGL_LIB -DQT_SVG_LIB -DQT_PRINTSUPPORT_LIB -DQT_WIDGETS_LIB -DQT_GUI_LIB -DQT_XML_LIB -DQT_SCRIPT_LIB -DQT_CONCURRENT_LIB -DQT_CORE_LIB -I. -Iview/util -I/usr/local/qwt-6.2.0-dev/include -I/usr/include/x86_64-linux-gnu/qt5 -I/usr/include/x86_64-linux-gnu/qt5/QtOpenGL -I/usr/include/x86_64-linux-gnu/qt5/QtSvg -I/usr/include/x86_64-linux-gnu/qt5/QtPrintSupport -I/usr/include/x86_64-linux-gnu/qt5/QtWidgets -I/usr/include/x86_64-linux-gnu/qt5/QtGui -I/usr/include/x86_64-linux-gnu/qt5/QtXml -I/usr/include/x86_64-linux-gnu/qt5/QtScript -I/usr/include/x86_64-linux-gnu/qt5/QtConcurrent -I/usr/include/x86_64-linux-gnu/qt5/QtCore -I. -I. -I/usr/lib/x86_64-linux-gnu/qt5/mkspecs/linux-g++ -o meltingsolidificationcell.o model/latticeboltzmann/meltingsolidification/meltingsolidificationcell.cpp
g++ -c -pipe -fopenmp -O3 -march=native -ffast-math -funroll-loops -fomit-frame-pointer -Wall -Wextra -D_REENTRANT -fPIC -DQWT_DLL -DQT_NO_DEBUG -DQT_OPENGL_LIB -DQT_SVG_LIB -DQT_PRINTSUPPORT_LIB -DQT_WIDGETS_LIB -DQT_GUI_LIB -DQT_XML_LIB -DQT_SCRIPT_LIB -DQT_CONCURRENT_LIB -DQT_CORE_LIB -I. -Iview/util -I/usr/local/qwt-6.2.0-dev/include -I/usr/include/x86_64-linux-gnu/qt5 -I/usr/include/x86_64-linux-gnu/qt5/QtOpenGL -I/usr/include/x86_64-linux-gnu/qt5/QtSvg -I/usr/include/x86_64-linux-gnu/qt5/QtPrintSupport -I/usr/include/x86_64-linux-gnu/qt5/QtWidgets -I/usr/include/x86_64-linux-gnu/qt5/QtGui -I/usr/include/x86_64-linux-gnu/qt5/QtXml -I/usr/include/x86_64-linux-gnu/qt5/QtScript -I/usr/include/x86_64-linux-gnu/qt5/QtConcurrent -I/usr/include/x86_64-linux-gnu/qt5/QtCore -I. -I. -I/usr/lib/x86_64-linux-gnu/qt5/mkspecs/linux-g++ -o kornerimplementation.o model/latticeboltzmann/meltingsolidification/kornerimplementation.cpp
g++ -c -pipe -fopenmp -O3 -march=native -ffast-math -funroll-loops -fomit-frame-pointer -Wall -Wextra -D_REENTRANT -fPIC -DQWT_DLL -DQT_NO_DEBUG -DQT_OPENGL_LIB -DQT_SVG_LIB -DQT_PRINTSUPPORT_LIB -DQT_WIDGETS_LIB -DQT_GUI_LIB -DQT_XML_LIB -DQT_SCRIPT_LIB -DQT_CONCURRENT_LIB -DQT_CORE_LIB -I. -Iview/util -I/usr/local/qwt-6.2.0-dev/include -I/usr/include/x86_64-linux-gnu/qt5 -I/usr/include/x86_64-linux-gnu/qt5/QtOpenGL -I/usr/include/x86_64-linux-gnu/qt5/QtSvg -I/usr/include/x86_64-linux-gnu/qt5/QtPrintSupport -I/usr/include/x86_64-linux-gnu/qt5/QtWidgets -I/usr/include/x86_64-linux-gnu/qt5/QtGui -I/usr/include/x86_64-linux-gnu/qt5/QtXml -I/usr/include/x86_64-linux-gnu/qt5/QtScript -I/usr/include/x86_64-linux-gnu/qt5/QtConcurrent -I/usr/include/x86_64-linux-gnu/qt5/QtCore -I. -I. -I/usr/lib/x86_64-linux-gnu/qt5/mkspecs/linux-g++ -o immersedboundarycontainer.o model/latticeboltzmann/immersed/immersedboundarycontainer.cpp
g++ -c -pipe -fopenmp -O3 -march=native -ffast-math -funroll-loops -fomit-frame-pointer -Wall -Wextra -D_REENTRANT -fPIC -DQWT_DLL -DQT_NO_DEBUG -DQT_OPENGL_LIB -DQT_SVG_LIB -DQT_PRINTSUPPORT_LIB -DQT_WIDGETS_LIB -DQT_GUI_LIB -DQT_XML_LIB -DQT_SCRIPT_LIB -DQT_CONCURRENT_LIB -DQT_CORE_LIB -I. -Iview/util -I/usr/local/qwt-6.2.0-dev/include -I/usr/include/x86_64-linux-gnu/qt5 -I/usr/include/x86_64-linux-gnu/qt5/QtOpenGL -I/usr/include/x86_64-linux-gnu/qt5/QtSvg -I/usr/include/x86_64-linux-gnu/qt5/QtPrintSupport -I/usr/include/x86_64-linux-gnu/qt5/QtWidgets -I/usr/include/x86_64-linux-gnu/qt5/QtGui -I/usr/include/x86_64-linux-gnu/qt5/QtXml -I/usr/include/x86_64-linux-gnu/qt5/QtScript -I/usr/include/x86_64-linux-gnu/qt5/QtConcurrent -I/usr/include/x86_64-linux-gnu/qt5/QtCore -I. -I. -I/usr/lib/x86_64-linux-gnu/qt5/mkspecs/linux-g++ -o immerseditem.o model/latticeboltzmann/immersed/immerseditem.cpp
model/latticeboltzmann/streamline/nextcellevalutor.cpp: In destructor ‘NextCellEvalutor::~NextCellEvalutor()’:
model/latticeboltzmann/streamline/nextcellevalutor.cpp:29:5: warning: deleting object of abstract class type ‘VelocityEvaluator’ which has non-virtual destructor will cause undefined behavior [-Wdelete-non-virtual-dtor]
   29 |     delete ve;
      |     ^~~~~~~~~
model/latticeboltzmann/streamline/euler.cpp: In destructor ‘Euler::~Euler()’:
model/latticeboltzmann/streamline/euler.cpp:30:5: warning: deleting object of abstract class type ‘VelocityEvaluator’ which has non-virtual destructor will cause undefined behavior [-Wdelete-non-virtual-dtor]
   30 |     delete ve;
      |     ^~~~~~~~~
g++ -c -pipe -fopenmp -O3 -march=native -ffast-math -funroll-loops -fomit-frame-pointer -Wall -Wextra -D_REENTRANT -fPIC -DQWT_DLL -DQT_NO_DEBUG -DQT_OPENGL_LIB -DQT_SVG_LIB -DQT_PRINTSUPPORT_LIB -DQT_WIDGETS_LIB -DQT_GUI_LIB -DQT_XML_LIB -DQT_SCRIPT_LIB -DQT_CONCURRENT_LIB -DQT_CORE_LIB -I. -Iview/util -I/usr/local/qwt-6.2.0-dev/include -I/usr/include/x86_64-linux-gnu/qt5 -I/usr/include/x86_64-linux-gnu/qt5/QtOpenGL -I/usr/include/x86_64-linux-gnu/qt5/QtSvg -I/usr/include/x86_64-linux-gnu/qt5/QtPrintSupport -I/usr/include/x86_64-linux-gnu/qt5/QtWidgets -I/usr/include/x86_64-linux-gnu/qt5/QtGui -I/usr/include/x86_64-linux-gnu/qt5/QtXml -I/usr/include/x86_64-linux-gnu/qt5/QtScript -I/usr/include/x86_64-linux-gnu/qt5/QtConcurrent -I/usr/include/x86_64-linux-gnu/qt5/QtCore -I. -I. -I/usr/lib/x86_64-linux-gnu/qt5/mkspecs/linux-g++ -o circleitem.o model/latticeboltzmann/immersed/circleitem.cpp
g++ -c -pipe -fopenmp -O3 -march=native -ffast-math -funroll-loops -fomit-frame-pointer -Wall -Wextra -D_REENTRANT -fPIC -DQWT_DLL -DQT_NO_DEBUG -DQT_OPENGL_LIB -DQT_SVG_LIB -DQT_PRINTSUPPORT_LIB -DQT_WIDGETS_LIB -DQT_GUI_LIB -DQT_XML_LIB -DQT_SCRIPT_LIB -DQT_CONCURRENT_LIB -DQT_CORE_LIB -I. -Iview/util -I/usr/local/qwt-6.2.0-dev/include -I/usr/include/x86_64-linux-gnu/qt5 -I/usr/include/x86_64-linux-gnu/qt5/QtOpenGL -I/usr/include/x86_64-linux-gnu/qt5/QtSvg -I/usr/include/x86_64-linux-gnu/qt5/QtPrintSupport -I/usr/include/x86_64-linux-gnu/qt5/QtWidgets -I/usr/include/x86_64-linux-gnu/qt5/QtGui -I/usr/include/x86_64-linux-gnu/qt5/QtXml -I/usr/include/x86_64-linux-gnu/qt5/QtScript -I/usr/include/x86_64-linux-gnu/qt5/QtConcurrent -I/usr/include/x86_64-linux-gnu/qt5/QtCore -I. -I. -I/usr/lib/x86_64-linux-gnu/qt5/mkspecs/linux-g++ -o lineitem.o model/latticeboltzmann/immersed/lineitem.cpp
g++ -c -pipe -fopenmp -O3 -march=native -ffast-math -funroll-loops -fomit-frame-pointer -Wall -Wextra -D_REENTRANT -fPIC -DQWT_DLL -DQT_NO_DEBUG -DQT_OPENGL_LIB -DQT_SVG_LIB -DQT_PRINTSUPPORT_LIB -DQT_WIDGETS_LIB -DQT_GUI_LIB -DQT_XML_LIB -DQT_SCRIPT_LIB -DQT_CONCURRENT_LIB -DQT_CORE_LIB -I. -Iview/util -I/usr/local/qwt-6.2.0-dev/include -I/usr/include/x86_64-linux-gnu/qt5 -I/usr/include/x86_64-linux-gnu/qt5/QtOpenGL -I/usr/include/x86_64-linux-gnu/qt5/QtSvg -I/usr/include/x86_64-linux-gnu/qt5/QtPrintSupport -I/usr/include/x86_64-linux-gnu/qt5/QtWidgets -I/usr/include/x86_64-linux-gnu/qt5/QtGui -I/usr/include/x86_64-linux-gnu/qt5/QtXml -I/usr/include/x86_64-linux-gnu/qt5/QtScript -I/usr/include/x86_64-linux-gnu/qt5/QtConcurrent -I/usr/include/x86_64-linux-gnu/qt5/QtCore -I. -I. -I/usr/lib/x86_64-linux-gnu/qt5/mkspecs/linux-g++ -o mytwovector3d.o model/math/mytwovector3d.cpp
g++ -c -pipe -fopenmp -O3 -march=native -ffast-math -funroll-loops -fomit-frame-pointer -Wall -Wextra -D_REENTRANT -fPIC -DQWT_DLL -DQT_NO_DEBUG -DQT_OPENGL_LIB -DQT_SVG_LIB -DQT_PRINTSUPPORT_LIB -DQT_WIDGETS_LIB -DQT_GUI_LIB -DQT_XML_LIB -DQT_SCRIPT_LIB -DQT_CONCURRENT_LIB -DQT_CORE_LIB -I. -Iview/util -I/usr/local/qwt-6.2.0-dev/include -I/usr/include/x86_64-linux-gnu/qt5 -I/usr/include/x86_64-linux-gnu/qt5/QtOpenGL -I/usr/include/x86_64-linux-gnu/qt5/QtSvg -I/usr/include/x86_64-linux-gnu/qt5/QtPrintSupport -I/usr/include/x86_64-linux-gnu/qt5/QtWidgets -I/usr/include/x86_64-linux-gnu/qt5/QtGui -I/usr/include/x86_64-linux-gnu/qt5/QtXml -I/usr/include/x86_64-linux-gnu/qt5/QtScript -I/usr/include/x86_64-linux-gnu/qt5/QtConcurrent -I/usr/include/x86_64-linux-gnu/qt5/QtCore -I. -I. -I/usr/lib/x86_64-linux-gnu/qt5/mkspecs/linux-g++ -o immersed.o view/immersed.cpp
g++ -c -pipe -fopenmp -O3 -march=native -ffast-math -funroll-loops -fomit-frame-pointer -Wall -Wextra -D_REENTRANT -fPIC -DQWT_DLL -DQT_NO_DEBUG -DQT_OPENGL_LIB -DQT_SVG_LIB -DQT_PRINTSUPPORT_LIB -DQT_WIDGETS_LIB -DQT_GUI_LIB -DQT_XML_LIB -DQT_SCRIPT_LIB -DQT_CONCURRENT_LIB -DQT_CORE_LIB -I. -Iview/util -I/usr/local/qwt-6.2.0-dev/include -I/usr/include/x86_64-linux-gnu/qt5 -I/usr/include/x86_64-linux-gnu/qt5/QtOpenGL -I/usr/include/x86_64-linux-gnu/qt5/QtSvg -I/usr/include/x86_64-linux-gnu/qt5/QtPrintSupport -I/usr/include/x86_64-linux-gnu/qt5/QtWidgets -I/usr/include/x86_64-linux-gnu/qt5/QtGui -I/usr/include/x86_64-linux-gnu/qt5/QtXml -I/usr/include/x86_64-linux-gnu/qt5/QtScript -I/usr/include/x86_64-linux-gnu/qt5/QtConcurrent -I/usr/include/x86_64-linux-gnu/qt5/QtCore -I. -I. -I/usr/lib/x86_64-linux-gnu/qt5/mkspecs/linux-g++ -o rectangleitem.o model/latticeboltzmann/immersed/rectangleitem.cpp
g++ -c -pipe -fopenmp -O3 -march=native -ffast-math -funroll-loops -fomit-frame-pointer -Wall -Wextra -D_REENTRANT -fPIC -DQWT_DLL -DQT_NO_DEBUG -DQT_OPENGL_LIB -DQT_SVG_LIB -DQT_PRINTSUPPORT_LIB -DQT_WIDGETS_LIB -DQT_GUI_LIB -DQT_XML_LIB -DQT_SCRIPT_LIB -DQT_CONCURRENT_LIB -DQT_CORE_LIB -I. -Iview/util -I/usr/local/qwt-6.2.0-dev/include -I/usr/include/x86_64-linux-gnu/qt5 -I/usr/include/x86_64-linux-gnu/qt5/QtOpenGL -I/usr/include/x86_64-linux-gnu/qt5/QtSvg -I/usr/include/x86_64-linux-gnu/qt5/QtPrintSupport -I/usr/include/x86_64-linux-gnu/qt5/QtWidgets -I/usr/include/x86_64-linux-gnu/qt5/QtGui -I/usr/include/x86_64-linux-gnu/qt5/QtXml -I/usr/include/x86_64-linux-gnu/qt5/QtScript -I/usr/include/x86_64-linux-gnu/qt5/QtConcurrent -I/usr/include/x86_64-linux-gnu/qt5/QtCore -I. -I. -I/usr/lib/x86_64-linux-gnu/qt5/mkspecs/linux-g++ -o fileitem.o model/latticeboltzmann/immersed/fileitem.cpp
g++ -c -pipe -fopenmp -O3 -march=native -ffast-math -funroll-loops -fomit-frame-pointer -Wall -Wextra -D_REENTRANT -fPIC -DQWT_DLL -DQT_NO_DEBUG -DQT_OPENGL_LIB -DQT_SVG_LIB -DQT_PRINTSUPPORT_LIB -DQT_WIDGETS_LIB -DQT_GUI_LIB -DQT_XML_LIB -DQT_SCRIPT_LIB -DQT_CONCURRENT_LIB -DQT_CORE_LIB -I. -Iview/util -I/usr/local/qwt-6.2.0-dev/include -I/usr/include/x86_64-linux-gnu/qt5 -I/usr/include/x86_64-linux-gnu/qt5/QtOpenGL -I/usr/include/x86_64-linux-gnu/qt5/QtSvg -I/usr/include/x86_64-linux-gnu/qt5/QtPrintSupport -I/usr/include/x86_64-linux-gnu/qt5/QtWidgets -I/usr/include/x86_64-linux-gnu/qt5/QtGui -I/usr/include/x86_64-linux-gnu/qt5/QtXml -I/usr/include/x86_64-linux-gnu/qt5/QtScript -I/usr/include/x86_64-linux-gnu/qt5/QtConcurrent -I/usr/include/x86_64-linux-gnu/qt5/QtCore -I. -I. -I/usr/lib/x86_64-linux-gnu/qt5/mkspecs/linux-g++ -o lbopencl.o model/latticeboltzmann/opencl/lbopencl.cpp
model/latticeboltzmann/multi/fecell.cpp: In member function ‘virtual void FECell::preUpdate(double*, BaseCell**, Grid*, Vector3i)’:
model/latticeboltzmann/multi/fecell.cpp:40:12: warning: unused variable ‘A0’ [-Wunused-variable]
   40 |     double A0 = 9 * rho / 4 - 15.0 / 4 * (phi * muPhi + rho / 3);
      |            ^~
model/latticeboltzmann/multi/fecell.cpp:41:12: warning: unused variable ‘Ai’ [-Wunused-variable]
   41 |     double Ai = 3 * (phi * muPhi + rho / 3);
      |            ^~
model/latticeboltzmann/multi/fecell.cpp:37:31: warning: unused parameter ‘epsilon’ [-Wunused-parameter]
   37 | void FECell::preUpdate(double epsilon[], BaseCell* neighbors[], Grid *, Vector3i ) {
      |                        ~~~~~~~^~~~~~~~~
model/latticeboltzmann/streamline/seedgenerator.cpp: In destructor ‘SeedGenerator::~SeedGenerator()’:
model/latticeboltzmann/streamline/seedgenerator.cpp:43:5: warning: deleting object of abstract class type ‘StreamLineAlgorithm’ which has non-virtual destructor will cause undefined behavior [-Wdelete-non-virtual-dtor]
   43 |     delete algorithm;
      |     ^~~~~~~~~~~~~~~~
g++ -pipe -fopenmp -O3 -march=native -ffast-math -funroll-loops -fomit-frame-pointer -Wall -Wextra -dM -E -o moc_predefs.h /usr/lib/x86_64-linux-gnu/qt5/mkspecs/features/data/dummy.cpp
g++ -c -pipe -fopenmp -O3 -march=native -ffast-math -funroll-loops -fomit-frame-pointer -Wall -Wextra -D_REENTRANT -fPIC -DQWT_DLL -DQT_NO_DEBUG -DQT_OPENGL_LIB -DQT_SVG_LIB -DQT_PRINTSUPPORT_LIB -DQT_WIDGETS_LIB -DQT_GUI_LIB -DQT_XML_LIB -DQT_SCRIPT_LIB -DQT_CONCURRENT_LIB -DQT_CORE_LIB -I. -Iview/util -I/usr/local/qwt-6.2.0-dev/include -I/usr/include/x86_64-linux-gnu/qt5 -I/usr/include/x86_64-linux-gnu/qt5/QtOpenGL -I/usr/include/x86_64-linux-gnu/qt5/QtSvg -I/usr/include/x86_64-linux-gnu/qt5/QtPrintSupport -I/usr/include/x86_64-linux-gnu/qt5/QtWidgets -I/usr/include/x86_64-linux-gnu/qt5/QtGui -I/usr/include/x86_64-linux-gnu/qt5/QtXml -I/usr/include/x86_64-linux-gnu/qt5/QtScript -I/usr/include/x86_64-linux-gnu/qt5/QtConcurrent -I/usr/include/x86_64-linux-gnu/qt5/QtCore -I. -I. -I/usr/lib/x86_64-linux-gnu/qt5/mkspecs/linux-g++ -o lbmainwindow.o view/lbmainwindow.cpp
g++ -c -pipe -fopenmp -O3 -march=native -ffast-math -funroll-loops -fomit-frame-pointer -Wall -Wextra -D_REENTRANT -fPIC -DQWT_DLL -DQT_NO_DEBUG -DQT_OPENGL_LIB -DQT_SVG_LIB -DQT_PRINTSUPPORT_LIB -DQT_WIDGETS_LIB -DQT_GUI_LIB -DQT_XML_LIB -DQT_SCRIPT_LIB -DQT_CONCURRENT_LIB -DQT_CORE_LIB -I. -Iview/util -I/usr/local/qwt-6.2.0-dev/include -I/usr/include/x86_64-linux-gnu/qt5 -I/usr/include/x86_64-linux-gnu/qt5/QtOpenGL -I/usr/include/x86_64-linux-gnu/qt5/QtSvg -I/usr/include/x86_64-linux-gnu/qt5/QtPrintSupport -I/usr/include/x86_64-linux-gnu/qt5/QtWidgets -I/usr/include/x86_64-linux-gnu/qt5/QtGui -I/usr/include/x86_64-linux-gnu/qt5/QtXml -I/usr/include/x86_64-linux-gnu/qt5/QtScript -I/usr/include/x86_64-linux-gnu/qt5/QtConcurrent -I/usr/include/x86_64-linux-gnu/qt5/QtCore -I. -I. -I/usr/lib/x86_64-linux-gnu/qt5/mkspecs/linux-g++ -o lbwidget.o view/lbwidget.cpp
/usr/lib/qt5/bin/moc -DQWT_DLL -DQT_NO_DEBUG -DQT_OPENGL_LIB -DQT_SVG_LIB -DQT_PRINTSUPPORT_LIB -DQT_WIDGETS_LIB -DQT_GUI_LIB -DQT_XML_LIB -DQT_SCRIPT_LIB -DQT_CONCURRENT_LIB -DQT_CORE_LIB --include /home/workstationlinux/lbsim_WORKING_OCL/moc_predefs.h -I/usr/lib/x86_64-linux-gnu/qt5/mkspecs/linux-g++ -I/home/workstationlinux/lbsim_WORKING_OCL -I/home/workstationlinux/lbsim_WORKING_OCL/view/util -I/usr/local/qwt-6.2.0-dev/include -I/usr/include/x86_64-linux-gnu/qt5 -I/usr/include/x86_64-linux-gnu/qt5/QtOpenGL -I/usr/include/x86_64-linux-gnu/qt5/QtSvg -I/usr/include/x86_64-linux-gnu/qt5/QtPrintSupport -I/usr/include/x86_64-linux-gnu/qt5/QtWidgets -I/usr/include/x86_64-linux-gnu/qt5/QtGui -I/usr/include/x86_64-linux-gnu/qt5/QtXml -I/usr/include/x86_64-linux-gnu/qt5/QtScript -I/usr/include/x86_64-linux-gnu/qt5/QtConcurrent -I/usr/include/x86_64-linux-gnu/qt5/QtCore -I/usr/include/c++/15 -I/usr/include/x86_64-linux-gnu/c++/15 -I/usr/include/c++/15/backward -I/usr/lib/gcc/x86_64-linux-gnu/15/include -I/usr/local/include -I/usr/include/x86_64-linux-gnu -I/usr/include view/lbmainwindow.h -o moc_lbmainwindow.cpp
/usr/lib/qt5/bin/moc -DQWT_DLL -DQT_NO_DEBUG -DQT_OPENGL_LIB -DQT_SVG_LIB -DQT_PRINTSUPPORT_LIB -DQT_WIDGETS_LIB -DQT_GUI_LIB -DQT_XML_LIB -DQT_SCRIPT_LIB -DQT_CONCURRENT_LIB -DQT_CORE_LIB --include /home/workstationlinux/lbsim_WORKING_OCL/moc_predefs.h -I/usr/lib/x86_64-linux-gnu/qt5/mkspecs/linux-g++ -I/home/workstationlinux/lbsim_WORKING_OCL -I/home/workstationlinux/lbsim_WORKING_OCL/view/util -I/usr/local/qwt-6.2.0-dev/include -I/usr/include/x86_64-linux-gnu/qt5 -I/usr/include/x86_64-linux-gnu/qt5/QtOpenGL -I/usr/include/x86_64-linux-gnu/qt5/QtSvg -I/usr/include/x86_64-linux-gnu/qt5/QtPrintSupport -I/usr/include/x86_64-linux-gnu/qt5/QtWidgets -I/usr/include/x86_64-linux-gnu/qt5/QtGui -I/usr/include/x86_64-linux-gnu/qt5/QtXml -I/usr/include/x86_64-linux-gnu/qt5/QtScript -I/usr/include/x86_64-linux-gnu/qt5/QtConcurrent -I/usr/include/x86_64-linux-gnu/qt5/QtCore -I/usr/include/c++/15 -I/usr/include/x86_64-linux-gnu/c++/15 -I/usr/include/c++/15/backward -I/usr/lib/gcc/x86_64-linux-gnu/15/include -I/usr/local/include -I/usr/include/x86_64-linux-gnu -I/usr/include view/lbwidget.h -o moc_lbwidget.cpp
model/latticeboltzmann/opencl/lbopencl.cpp:74:26: warning: missing terminating " character
   74 |  lastError = std::string("Kernel compilation failed:
      |                          ^
model/latticeboltzmann/opencl/lbopencl.cpp:74:26: error: missing terminating " character
   74 |  lastError = std::string("Kernel compilation failed:
      |                          ^~~~~~~~~~~~~~~~~~~~~~~~~~~
model/latticeboltzmann/opencl/lbopencl.cpp:75:1: warning: missing terminating " character
   75 | ") + log.data();
      | ^
model/latticeboltzmann/opencl/lbopencl.cpp:75:1: error: missing terminating " character
   75 | ") + log.data();
      | ^~~~~~~~~~~~~~~~
/usr/lib/qt5/bin/moc -DQWT_DLL -DQT_NO_DEBUG -DQT_OPENGL_LIB -DQT_SVG_LIB -DQT_PRINTSUPPORT_LIB -DQT_WIDGETS_LIB -DQT_GUI_LIB -DQT_XML_LIB -DQT_SCRIPT_LIB -DQT_CONCURRENT_LIB -DQT_CORE_LIB --include /home/workstationlinux/lbsim_WORKING_OCL/moc_predefs.h -I/usr/lib/x86_64-linux-gnu/qt5/mkspecs/linux-g++ -I/home/workstationlinux/lbsim_WORKING_OCL -I/home/workstationlinux/lbsim_WORKING_OCL/view/util -I/usr/local/qwt-6.2.0-dev/include -I/usr/include/x86_64-linux-gnu/qt5 -I/usr/include/x86_64-linux-gnu/qt5/QtOpenGL -I/usr/include/x86_64-linux-gnu/qt5/QtSvg -I/usr/include/x86_64-linux-gnu/qt5/QtPrintSupport -I/usr/include/x86_64-linux-gnu/qt5/QtWidgets -I/usr/include/x86_64-linux-gnu/qt5/QtGui -I/usr/include/x86_64-linux-gnu/qt5/QtXml -I/usr/include/x86_64-linux-gnu/qt5/QtScript -I/usr/include/x86_64-linux-gnu/qt5/QtConcurrent -I/usr/include/x86_64-linux-gnu/qt5/QtCore -I/usr/include/c++/15 -I/usr/include/x86_64-linux-gnu/c++/15 -I/usr/include/c++/15/backward -I/usr/lib/gcc/x86_64-linux-gnu/15/include -I/usr/local/include -I/usr/include/x86_64-linux-gnu -I/usr/include view/info.h -o moc_info.cpp
model/latticeboltzmann/moving/movingcell.cpp: In member function ‘virtual void MovingCell::preUpdate2(double*, BaseCell**, Grid*, Vector3i)’:
model/latticeboltzmann/moving/movingcell.cpp:67:16: warning: variable ‘d’ set but not used [-Wunused-but-set-variable]
   67 |     MyVector3D d = particle->getD();
      |                ^
/usr/lib/qt5/bin/moc -DQWT_DLL -DQT_NO_DEBUG -DQT_OPENGL_LIB -DQT_SVG_LIB -DQT_PRINTSUPPORT_LIB -DQT_WIDGETS_LIB -DQT_GUI_LIB -DQT_XML_LIB -DQT_SCRIPT_LIB -DQT_CONCURRENT_LIB -DQT_CORE_LIB --include /home/workstationlinux/lbsim_WORKING_OCL/moc_predefs.h -I/usr/lib/x86_64-linux-gnu/qt5/mkspecs/linux-g++ -I/home/workstationlinux/lbsim_WORKING_OCL -I/home/workstationlinux/lbsim_WORKING_OCL/view/util -I/usr/local/qwt-6.2.0-dev/include -I/usr/include/x86_64-linux-gnu/qt5 -I/usr/include/x86_64-linux-gnu/qt5/QtOpenGL -I/usr/include/x86_64-linux-gnu/qt5/QtSvg -I/usr/include/x86_64-linux-gnu/qt5/QtPrintSupport -I/usr/include/x86_64-linux-gnu/qt5/QtWidgets -I/usr/include/x86_64-linux-gnu/qt5/QtGui -I/usr/include/x86_64-linux-gnu/qt5/QtXml -I/usr/include/x86_64-linux-gnu/qt5/QtScript -I/usr/include/x86_64-linux-gnu/qt5/QtConcurrent -I/usr/include/x86_64-linux-gnu/qt5/QtCore -I/usr/include/c++/15 -I/usr/include/x86_64-linux-gnu/c++/15 -I/usr/include/c++/15/backward -I/usr/lib/gcc/x86_64-linux-gnu/15/include -I/usr/local/include -I/usr/include/x86_64-linux-gnu -I/usr/include view/view.h -o moc_view.cpp
In file included from model/latticeboltzmann/multi/mccell.cpp:19:
model/latticeboltzmann/multi/mccell.h: In constructor ‘MCCell::MCCell(SCCell*)’:
model/latticeboltzmann/multi/mccell.h:69:13: warning: ‘MCCell::constantConcentration’ will be initialized after [-Wreorder]
   69 |     double *constantConcentration;
      |             ^~~~~~~~~~~~~~~~~~~~~
model/latticeboltzmann/multi/mccell.h:66:36: warning:   ‘MyVector3D* MCCell::forcesVelocity’ [-Wreorder]
   66 |     MyVector3D compositeVelocity, *forcesVelocity;
      |                                    ^~~~~~~~~~~~~~
model/latticeboltzmann/multi/mccell.cpp:36:1: warning:   when initialized here [-Wreorder]
   36 | MCCell::MCCell(SCCell *from) : constantConcentration(0), forcesVelocity(0), epsilons(0) {
      | ^~~~~~
model/latticeboltzmann/multi/mccell.h:66:36: warning: ‘MCCell::forcesVelocity’ will be initialized after [-Wreorder]
   66 |     MyVector3D compositeVelocity, *forcesVelocity;
      |                                    ^~~~~~~~~~~~~~
model/latticeboltzmann/multi/mccell.h:65:13: warning:   ‘double* MCCell::epsilons’ [-Wreorder]
   65 |     double *epsilons;
      |             ^~~~~~~~
model/latticeboltzmann/multi/mccell.cpp:36:1: warning:   when initialized here [-Wreorder]
   36 | MCCell::MCCell(SCCell *from) : constantConcentration(0), forcesVelocity(0), epsilons(0) {
      | ^~~~~~
model/latticeboltzmann/multi/mccell.cpp: In destructor ‘virtual MCCell::~MCCell()’:
model/latticeboltzmann/multi/mccell.cpp:44:5: warning: deleting object of polymorphic class type ‘MultiComponent’ which has non-virtual destructor might cause undefined behavior [-Wdelete-non-virtual-dtor]
   44 |     delete force;
      |     ^~~~~~~~~~~~
model/latticeboltzmann/multi/mccell.cpp: In member function ‘virtual void MCCell::preUpdate(double*, BaseCell**, Grid*, Vector3i)’:
model/latticeboltzmann/multi/mccell.cpp:51:29: warning: comparison of integer expressions of different signedness: ‘int’ and ‘std::__cxx11::list<SCCell*>::size_type’ {aka ‘long unsigned int’} [-Wsign-compare]
   51 |     for (int comp = 0; comp < lattices.size(); comp++) {
      |                        ~~~~~^~~~~~~~~~~~~~~~~
/usr/lib/qt5/bin/moc -DQWT_DLL -DQT_NO_DEBUG -DQT_OPENGL_LIB -DQT_SVG_LIB -DQT_PRINTSUPPORT_LIB -DQT_WIDGETS_LIB -DQT_GUI_LIB -DQT_XML_LIB -DQT_SCRIPT_LIB -DQT_CONCURRENT_LIB -DQT_CORE_LIB --include /home/workstationlinux/lbsim_WORKING_OCL/moc_predefs.h -I/usr/lib/x86_64-linux-gnu/qt5/mkspecs/linux-g++ -I/home/workstationlinux/lbsim_WORKING_OCL -I/home/workstationlinux/lbsim_WORKING_OCL/view/util -I/usr/local/qwt-6.2.0-dev/include -I/usr/include/x86_64-linux-gnu/qt5 -I/usr/include/x86_64-linux-gnu/qt5/QtOpenGL -I/usr/include/x86_64-linux-gnu/qt5/QtSvg -I/usr/include/x86_64-linux-gnu/qt5/QtPrintSupport -I/usr/include/x86_64-linux-gnu/qt5/QtWidgets -I/usr/include/x86_64-linux-gnu/qt5/QtGui -I/usr/include/x86_64-linux-gnu/qt5/QtXml -I/usr/include/x86_64-linux-gnu/qt5/QtScript -I/usr/include/x86_64-linux-gnu/qt5/QtConcurrent -I/usr/include/x86_64-linux-gnu/qt5/QtCore -I/usr/include/c++/15 -I/usr/include/x86_64-linux-gnu/c++/15 -I/usr/include/c++/15/backward -I/usr/lib/gcc/x86_64-linux-gnu/15/include -I/usr/local/include -I/usr/include/x86_64-linux-gnu -I/usr/include view/colors.h -o moc_colors.cpp
/usr/lib/qt5/bin/moc -DQWT_DLL -DQT_NO_DEBUG -DQT_OPENGL_LIB -DQT_SVG_LIB -DQT_PRINTSUPPORT_LIB -DQT_WIDGETS_LIB -DQT_GUI_LIB -DQT_XML_LIB -DQT_SCRIPT_LIB -DQT_CONCURRENT_LIB -DQT_CORE_LIB --include /home/workstationlinux/lbsim_WORKING_OCL/moc_predefs.h -I/usr/lib/x86_64-linux-gnu/qt5/mkspecs/linux-g++ -I/home/workstationlinux/lbsim_WORKING_OCL -I/home/workstationlinux/lbsim_WORKING_OCL/view/util -I/usr/local/qwt-6.2.0-dev/include -I/usr/include/x86_64-linux-gnu/qt5 -I/usr/include/x86_64-linux-gnu/qt5/QtOpenGL -I/usr/include/x86_64-linux-gnu/qt5/QtSvg -I/usr/include/x86_64-linux-gnu/qt5/QtPrintSupport -I/usr/include/x86_64-linux-gnu/qt5/QtWidgets -I/usr/include/x86_64-linux-gnu/qt5/QtGui -I/usr/include/x86_64-linux-gnu/qt5/QtXml -I/usr/include/x86_64-linux-gnu/qt5/QtScript -I/usr/include/x86_64-linux-gnu/qt5/QtConcurrent -I/usr/include/x86_64-linux-gnu/qt5/QtCore -I/usr/include/c++/15 -I/usr/include/x86_64-linux-gnu/c++/15 -I/usr/include/c++/15/backward -I/usr/lib/gcc/x86_64-linux-gnu/15/include -I/usr/local/include -I/usr/include/x86_64-linux-gnu -I/usr/include view/chart.h -o moc_chart.cpp
model/latticeboltzmann/multi/mccell.cpp:74:23: warning: comparison of integer expressions of different signedness: ‘int’ and ‘std::__cxx11::list<SCCell*>::size_type’ {aka ‘long unsigned int’} [-Wsign-compare]
   74 |     for (int i = 0; i < lattices.size(); i++) {
      |                     ~~^~~~~~~~~~~~~~~~~
/usr/lib/qt5/bin/moc -DQWT_DLL -DQT_NO_DEBUG -DQT_OPENGL_LIB -DQT_SVG_LIB -DQT_PRINTSUPPORT_LIB -DQT_WIDGETS_LIB -DQT_GUI_LIB -DQT_XML_LIB -DQT_SCRIPT_LIB -DQT_CONCURRENT_LIB -DQT_CORE_LIB --include /home/workstationlinux/lbsim_WORKING_OCL/moc_predefs.h -I/usr/lib/x86_64-linux-gnu/qt5/mkspecs/linux-g++ -I/home/workstationlinux/lbsim_WORKING_OCL -I/home/workstationlinux/lbsim_WORKING_OCL/view/util -I/usr/local/qwt-6.2.0-dev/include -I/usr/include/x86_64-linux-gnu/qt5 -I/usr/include/x86_64-linux-gnu/qt5/QtOpenGL -I/usr/include/x86_64-linux-gnu/qt5/QtSvg -I/usr/include/x86_64-linux-gnu/qt5/QtPrintSupport -I/usr/include/x86_64-linux-gnu/qt5/QtWidgets -I/usr/include/x86_64-linux-gnu/qt5/QtGui -I/usr/include/x86_64-linux-gnu/qt5/QtXml -I/usr/include/x86_64-linux-gnu/qt5/QtScript -I/usr/include/x86_64-linux-gnu/qt5/QtConcurrent -I/usr/include/x86_64-linux-gnu/qt5/QtCore -I/usr/include/c++/15 -I/usr/include/x86_64-linux-gnu/c++/15 -I/usr/include/c++/15/backward -I/usr/lib/gcc/x86_64-linux-gnu/15/include -I/usr/local/include -I/usr/include/x86_64-linux-gnu -I/usr/include view/view2.h -o moc_view2.cpp
model/latticeboltzmann/multi/mccell.cpp: In member function ‘void MCCell::config(unsigned int, SCCell*)’:
model/latticeboltzmann/multi/mccell.cpp:233:23: warning: comparison of integer expressions of different signedness: ‘int’ and ‘std::__cxx11::list<SCCell*>::size_type’ {aka ‘long unsigned int’} [-Wsign-compare]
  233 |     for (int i = 0; i < lattices.size(); i++) {
      |                     ~~^~~~~~~~~~~~~~~~~
/usr/lib/qt5/bin/moc -DQWT_DLL -DQT_NO_DEBUG -DQT_OPENGL_LIB -DQT_SVG_LIB -DQT_PRINTSUPPORT_LIB -DQT_WIDGETS_LIB -DQT_GUI_LIB -DQT_XML_LIB -DQT_SCRIPT_LIB -DQT_CONCURRENT_LIB -DQT_CORE_LIB --include /home/workstationlinux/lbsim_WORKING_OCL/moc_predefs.h -I/usr/lib/x86_64-linux-gnu/qt5/mkspecs/linux-g++ -I/home/workstationlinux/lbsim_WORKING_OCL -I/home/workstationlinux/lbsim_WORKING_OCL/view/util -I/usr/local/qwt-6.2.0-dev/include -I/usr/include/x86_64-linux-gnu/qt5 -I/usr/include/x86_64-linux-gnu/qt5/QtOpenGL -I/usr/include/x86_64-linux-gnu/qt5/QtSvg -I/usr/include/x86_64-linux-gnu/qt5/QtPrintSupport -I/usr/include/x86_64-linux-gnu/qt5/QtWidgets -I/usr/include/x86_64-linux-gnu/qt5/QtGui -I/usr/include/x86_64-linux-gnu/qt5/QtXml -I/usr/include/x86_64-linux-gnu/qt5/QtScript -I/usr/include/x86_64-linux-gnu/qt5/QtConcurrent -I/usr/include/x86_64-linux-gnu/qt5/QtCore -I/usr/include/c++/15 -I/usr/include/x86_64-linux-gnu/c++/15 -I/usr/include/c++/15/backward -I/usr/lib/gcc/x86_64-linux-gnu/15/include -I/usr/local/include -I/usr/include/x86_64-linux-gnu -I/usr/include view/util/improvedlineedit.h -o moc_improvedlineedit.cpp
/usr/lib/qt5/bin/moc -DQWT_DLL -DQT_NO_DEBUG -DQT_OPENGL_LIB -DQT_SVG_LIB -DQT_PRINTSUPPORT_LIB -DQT_WIDGETS_LIB -DQT_GUI_LIB -DQT_XML_LIB -DQT_SCRIPT_LIB -DQT_CONCURRENT_LIB -DQT_CORE_LIB --include /home/workstationlinux/lbsim_WORKING_OCL/moc_predefs.h -I/usr/lib/x86_64-linux-gnu/qt5/mkspecs/linux-g++ -I/home/workstationlinux/lbsim_WORKING_OCL -I/home/workstationlinux/lbsim_WORKING_OCL/view/util -I/usr/local/qwt-6.2.0-dev/include -I/usr/include/x86_64-linux-gnu/qt5 -I/usr/include/x86_64-linux-gnu/qt5/QtOpenGL -I/usr/include/x86_64-linux-gnu/qt5/QtSvg -I/usr/include/x86_64-linux-gnu/qt5/QtPrintSupport -I/usr/include/x86_64-linux-gnu/qt5/QtWidgets -I/usr/include/x86_64-linux-gnu/qt5/QtGui -I/usr/include/x86_64-linux-gnu/qt5/QtXml -I/usr/include/x86_64-linux-gnu/qt5/QtScript -I/usr/include/x86_64-linux-gnu/qt5/QtConcurrent -I/usr/include/x86_64-linux-gnu/qt5/QtCore -I/usr/include/c++/15 -I/usr/include/x86_64-linux-gnu/c++/15 -I/usr/include/c++/15/backward -I/usr/lib/gcc/x86_64-linux-gnu/15/include -I/usr/local/include -I/usr/include/x86_64-linux-gnu -I/usr/include view/about.h -o moc_about.cpp
/usr/lib/qt5/bin/moc -DQWT_DLL -DQT_NO_DEBUG -DQT_OPENGL_LIB -DQT_SVG_LIB -DQT_PRINTSUPPORT_LIB -DQT_WIDGETS_LIB -DQT_GUI_LIB -DQT_XML_LIB -DQT_SCRIPT_LIB -DQT_CONCURRENT_LIB -DQT_CORE_LIB --include /home/workstationlinux/lbsim_WORKING_OCL/moc_predefs.h -I/usr/lib/x86_64-linux-gnu/qt5/mkspecs/linux-g++ -I/home/workstationlinux/lbsim_WORKING_OCL -I/home/workstationlinux/lbsim_WORKING_OCL/view/util -I/usr/local/qwt-6.2.0-dev/include -I/usr/include/x86_64-linux-gnu/qt5 -I/usr/include/x86_64-linux-gnu/qt5/QtOpenGL -I/usr/include/x86_64-linux-gnu/qt5/QtSvg -I/usr/include/x86_64-linux-gnu/qt5/QtPrintSupport -I/usr/include/x86_64-linux-gnu/qt5/QtWidgets -I/usr/include/x86_64-linux-gnu/qt5/QtGui -I/usr/include/x86_64-linux-gnu/qt5/QtXml -I/usr/include/x86_64-linux-gnu/qt5/QtScript -I/usr/include/x86_64-linux-gnu/qt5/QtConcurrent -I/usr/include/x86_64-linux-gnu/qt5/QtCore -I/usr/include/c++/15 -I/usr/include/x86_64-linux-gnu/c++/15 -I/usr/include/c++/15/backward -I/usr/lib/gcc/x86_64-linux-gnu/15/include -I/usr/local/include -I/usr/include/x86_64-linux-gnu -I/usr/include view/particles.h -o moc_particles.cpp
/usr/lib/qt5/bin/moc -DQWT_DLL -DQT_NO_DEBUG -DQT_OPENGL_LIB -DQT_SVG_LIB -DQT_PRINTSUPPORT_LIB -DQT_WIDGETS_LIB -DQT_GUI_LIB -DQT_XML_LIB -DQT_SCRIPT_LIB -DQT_CONCURRENT_LIB -DQT_CORE_LIB --include /home/workstationlinux/lbsim_WORKING_OCL/moc_predefs.h -I/usr/lib/x86_64-linux-gnu/qt5/mkspecs/linux-g++ -I/home/workstationlinux/lbsim_WORKING_OCL -I/home/workstationlinux/lbsim_WORKING_OCL/view/util -I/usr/local/qwt-6.2.0-dev/include -I/usr/include/x86_64-linux-gnu/qt5 -I/usr/include/x86_64-linux-gnu/qt5/QtOpenGL -I/usr/include/x86_64-linux-gnu/qt5/QtSvg -I/usr/include/x86_64-linux-gnu/qt5/QtPrintSupport -I/usr/include/x86_64-linux-gnu/qt5/QtWidgets -I/usr/include/x86_64-linux-gnu/qt5/QtGui -I/usr/include/x86_64-linux-gnu/qt5/QtXml -I/usr/include/x86_64-linux-gnu/qt5/QtScript -I/usr/include/x86_64-linux-gnu/qt5/QtConcurrent -I/usr/include/x86_64-linux-gnu/qt5/QtCore -I/usr/include/c++/15 -I/usr/include/x86_64-linux-gnu/c++/15 -I/usr/include/c++/15/backward -I/usr/lib/gcc/x86_64-linux-gnu/15/include -I/usr/local/include -I/usr/include/x86_64-linux-gnu -I/usr/include view/util/historylineedit.h -o moc_historylineedit.cpp
/usr/lib/qt5/bin/moc -DQWT_DLL -DQT_NO_DEBUG -DQT_OPENGL_LIB -DQT_SVG_LIB -DQT_PRINTSUPPORT_LIB -DQT_WIDGETS_LIB -DQT_GUI_LIB -DQT_XML_LIB -DQT_SCRIPT_LIB -DQT_CONCURRENT_LIB -DQT_CORE_LIB --include /home/workstationlinux/lbsim_WORKING_OCL/moc_predefs.h -I/usr/lib/x86_64-linux-gnu/qt5/mkspecs/linux-g++ -I/home/workstationlinux/lbsim_WORKING_OCL -I/home/workstationlinux/lbsim_WORKING_OCL/view/util -I/usr/local/qwt-6.2.0-dev/include -I/usr/include/x86_64-linux-gnu/qt5 -I/usr/include/x86_64-linux-gnu/qt5/QtOpenGL -I/usr/include/x86_64-linux-gnu/qt5/QtSvg -I/usr/include/x86_64-linux-gnu/qt5/QtPrintSupport -I/usr/include/x86_64-linux-gnu/qt5/QtWidgets -I/usr/include/x86_64-linux-gnu/qt5/QtGui -I/usr/include/x86_64-linux-gnu/qt5/QtXml -I/usr/include/x86_64-linux-gnu/qt5/QtScript -I/usr/include/x86_64-linux-gnu/qt5/QtConcurrent -I/usr/include/x86_64-linux-gnu/qt5/QtCore -I/usr/include/c++/15 -I/usr/include/x86_64-linux-gnu/c++/15 -I/usr/include/c++/15/backward -I/usr/lib/gcc/x86_64-linux-gnu/15/include -I/usr/local/include -I/usr/include/x86_64-linux-gnu -I/usr/include view/results.h -o moc_results.cpp
/usr/lib/qt5/bin/moc -DQWT_DLL -DQT_NO_DEBUG -DQT_OPENGL_LIB -DQT_SVG_LIB -DQT_PRINTSUPPORT_LIB -DQT_WIDGETS_LIB -DQT_GUI_LIB -DQT_XML_LIB -DQT_SCRIPT_LIB -DQT_CONCURRENT_LIB -DQT_CORE_LIB --include /home/workstationlinux/lbsim_WORKING_OCL/moc_predefs.h -I/usr/lib/x86_64-linux-gnu/qt5/mkspecs/linux-g++ -I/home/workstationlinux/lbsim_WORKING_OCL -I/home/workstationlinux/lbsim_WORKING_OCL/view/util -I/usr/local/qwt-6.2.0-dev/include -I/usr/include/x86_64-linux-gnu/qt5 -I/usr/include/x86_64-linux-gnu/qt5/QtOpenGL -I/usr/include/x86_64-linux-gnu/qt5/QtSvg -I/usr/include/x86_64-linux-gnu/qt5/QtPrintSupport -I/usr/include/x86_64-linux-gnu/qt5/QtWidgets -I/usr/include/x86_64-linux-gnu/qt5/QtGui -I/usr/include/x86_64-linux-gnu/qt5/QtXml -I/usr/include/x86_64-linux-gnu/qt5/QtScript -I/usr/include/x86_64-linux-gnu/qt5/QtConcurrent -I/usr/include/x86_64-linux-gnu/qt5/QtCore -I/usr/include/c++/15 -I/usr/include/x86_64-linux-gnu/c++/15 -I/usr/include/c++/15/backward -I/usr/lib/gcc/x86_64-linux-gnu/15/include -I/usr/local/include -I/usr/include/x86_64-linux-gnu -I/usr/include view/changes.h -o moc_changes.cpp
/usr/lib/qt5/bin/moc -DQWT_DLL -DQT_NO_DEBUG -DQT_OPENGL_LIB -DQT_SVG_LIB -DQT_PRINTSUPPORT_LIB -DQT_WIDGETS_LIB -DQT_GUI_LIB -DQT_XML_LIB -DQT_SCRIPT_LIB -DQT_CONCURRENT_LIB -DQT_CORE_LIB --include /home/workstationlinux/lbsim_WORKING_OCL/moc_predefs.h -I/usr/lib/x86_64-linux-gnu/qt5/mkspecs/linux-g++ -I/home/workstationlinux/lbsim_WORKING_OCL -I/home/workstationlinux/lbsim_WORKING_OCL/view/util -I/usr/local/qwt-6.2.0-dev/include -I/usr/include/x86_64-linux-gnu/qt5 -I/usr/include/x86_64-linux-gnu/qt5/QtOpenGL -I/usr/include/x86_64-linux-gnu/qt5/QtSvg -I/usr/include/x86_64-linux-gnu/qt5/QtPrintSupport -I/usr/include/x86_64-linux-gnu/qt5/QtWidgets -I/usr/include/x86_64-linux-gnu/qt5/QtGui -I/usr/include/x86_64-linux-gnu/qt5/QtXml -I/usr/include/x86_64-linux-gnu/qt5/QtScript -I/usr/include/x86_64-linux-gnu/qt5/QtConcurrent -I/usr/include/x86_64-linux-gnu/qt5/QtCore -I/usr/include/c++/15 -I/usr/include/x86_64-linux-gnu/c++/15 -I/usr/include/c++/15/backward -I/usr/lib/gcc/x86_64-linux-gnu/15/include -I/usr/local/include -I/usr/include/x86_64-linux-gnu -I/usr/include view/codeeditor.h -o moc_codeeditor.cpp
model/latticeboltzmann/meltingsolidification/meltingsolidificationcell.cpp: In member function ‘virtual void MeltingSolidificationCell::preUpdate(double*, BaseCell**, Grid*, Vector3i)’:
model/latticeboltzmann/meltingsolidification/meltingsolidificationcell.cpp:17:50: warning: unused parameter ‘epsilon’ [-Wunused-parameter]
   17 | void MeltingSolidificationCell::preUpdate(double epsilon[], BaseCell* neighbors[], Grid *grid, Vector3i position) {
      |                                           ~~~~~~~^~~~~~~~~
model/latticeboltzmann/meltingsolidification/meltingsolidificationcell.cpp:17:105: warning: unused parameter ‘position’ [-Wunused-parameter]
   17 | void MeltingSolidificationCell::preUpdate(double epsilon[], BaseCell* neighbors[], Grid *grid, Vector3i position) {
      |                                                                                                ~~~~~~~~~^~~~~~~~
model/latticeboltzmann/meltingsolidification/meltingsolidificationcell.cpp: In member function ‘virtual void MeltingSolidificationCell::preUpdate2(double*, BaseCell**, Grid*, Vector3i)’:
model/latticeboltzmann/meltingsolidification/meltingsolidificationcell.cpp:125:51: warning: unused parameter ‘epsilon’ [-Wunused-parameter]
  125 | void MeltingSolidificationCell::preUpdate2(double epsilon[], BaseCell* neighbors[], Grid *grid, Vector3i position) {
      |                                            ~~~~~~~^~~~~~~~~
model/latticeboltzmann/meltingsolidification/meltingsolidificationcell.cpp:125:91: warning: unused parameter ‘grid’ [-Wunused-parameter]
  125 | void MeltingSolidificationCell::preUpdate2(double epsilon[], BaseCell* neighbors[], Grid *grid, Vector3i position) {
      |                                                                                     ~~~~~~^~~~
model/latticeboltzmann/meltingsolidification/meltingsolidificationcell.cpp:125:106: warning: unused parameter ‘position’ [-Wunused-parameter]
  125 | void MeltingSolidificationCell::preUpdate2(double epsilon[], BaseCell* neighbors[], Grid *grid, Vector3i position) {
      |                                                                                                 ~~~~~~~~~^~~~~~~~
model/latticeboltzmann/meltingsolidification/meltingsolidificationcell.cpp: In member function ‘virtual void MeltingSolidificationCell::postUpdate(Grid*, Vector3i)’:
model/latticeboltzmann/meltingsolidification/meltingsolidificationcell.cpp:187:50: warning: unused parameter ‘grid’ [-Wunused-parameter]
  187 | void MeltingSolidificationCell::postUpdate(Grid *grid, Vector3i position) {
      |                                            ~~~~~~^~~~
model/latticeboltzmann/meltingsolidification/meltingsolidificationcell.cpp:187:65: warning: unused parameter ‘position’ [-Wunused-parameter]
  187 | void MeltingSolidificationCell::postUpdate(Grid *grid, Vector3i position) {
      |                                                        ~~~~~~~~~^~~~~~~~
model/latticeboltzmann/meltingsolidification/meltingsolidificationcell.cpp: In member function ‘virtual void MeltingSolidificationCell::setNextF(int, double, int)’:
model/latticeboltzmann/meltingsolidification/meltingsolidificationcell.cpp:205:46: warning: unused parameter ‘index’ [-Wunused-parameter]
  205 | void MeltingSolidificationCell::setNextF(int index, double value, int component) {
      |                                          ~~~~^~~~~
model/latticeboltzmann/meltingsolidification/meltingsolidificationcell.cpp:205:60: warning: unused parameter ‘value’ [-Wunused-parameter]
  205 | void MeltingSolidificationCell::setNextF(int index, double value, int component) {
      |                                                     ~~~~~~~^~~~~
model/latticeboltzmann/meltingsolidification/meltingsolidificationcell.cpp:205:71: warning: unused parameter ‘component’ [-Wunused-parameter]
  205 | void MeltingSolidificationCell::setNextF(int index, double value, int component) {
      |                                                                   ~~~~^~~~~~~~~
model/latticeboltzmann/meltingsolidification/meltingsolidificationcell.cpp: In member function ‘virtual void MeltingSolidificationCell::passivate(QXmlStreamWriter&)’:
model/latticeboltzmann/meltingsolidification/meltingsolidificationcell.cpp:211:61: warning: unused parameter ‘writer’ [-Wunused-parameter]
  211 | void MeltingSolidificationCell::passivate(QXmlStreamWriter &writer) {
      |                                           ~~~~~~~~~~~~~~~~~~^~~~~~
model/latticeboltzmann/meltingsolidification/meltingsolidificationcell.cpp: In member function ‘virtual void MeltingSolidificationCell::activate(QXmlStreamReader&, Grid*)’:
model/latticeboltzmann/meltingsolidification/meltingsolidificationcell.cpp:214:60: warning: unused parameter ‘reader’ [-Wunused-parameter]
  214 | void MeltingSolidificationCell::activate(QXmlStreamReader &reader, Grid *grid) {
      |                                          ~~~~~~~~~~~~~~~~~~^~~~~~
model/latticeboltzmann/meltingsolidification/meltingsolidificationcell.cpp:214:74: warning: unused parameter ‘grid’ [-Wunused-parameter]
  214 | void MeltingSolidificationCell::activate(QXmlStreamReader &reader, Grid *grid) {
      |                                                                    ~~~~~~^~~~
model/latticeboltzmann/meltingsolidification/meltingsolidificationcell.cpp: In member function ‘virtual MyVector3D MeltingSolidificationCell::getU(int)’:
model/latticeboltzmann/meltingsolidification/meltingsolidificationcell.cpp:232:48: warning: unused parameter ‘index’ [-Wunused-parameter]
  232 | MyVector3D MeltingSolidificationCell::getU(int index) {
      |                                            ~~~~^~~~~
model/latticeboltzmann/meltingsolidification/meltingsolidificationcell.cpp: In member function ‘virtual MyVector3D MeltingSolidificationCell::getForcesVelocity(int)’:
model/latticeboltzmann/meltingsolidification/meltingsolidificationcell.cpp:248:61: warning: unused parameter ‘component’ [-Wunused-parameter]
  248 | MyVector3D MeltingSolidificationCell::getForcesVelocity(int component) {
      |                                                         ~~~~^~~~~~~~~
model/latticeboltzmann/meltingsolidification/meltingsolidificationcell.cpp: In member function ‘virtual void MeltingSolidificationCell::updateFromOpenCL(double*)’:
model/latticeboltzmann/meltingsolidification/meltingsolidificationcell.cpp:260:58: warning: unused parameter ‘data’ [-Wunused-parameter]
  260 | void MeltingSolidificationCell::updateFromOpenCL(double *data) {
      |                                                  ~~~~~~~~^~~~
/usr/lib/qt5/bin/moc -DQWT_DLL -DQT_NO_DEBUG -DQT_OPENGL_LIB -DQT_SVG_LIB -DQT_PRINTSUPPORT_LIB -DQT_WIDGETS_LIB -DQT_GUI_LIB -DQT_XML_LIB -DQT_SCRIPT_LIB -DQT_CONCURRENT_LIB -DQT_CORE_LIB --include /home/workstationlinux/lbsim_WORKING_OCL/moc_predefs.h -I/usr/lib/x86_64-linux-gnu/qt5/mkspecs/linux-g++ -I/home/workstationlinux/lbsim_WORKING_OCL -I/home/workstationlinux/lbsim_WORKING_OCL/view/util -I/usr/local/qwt-6.2.0-dev/include -I/usr/include/x86_64-linux-gnu/qt5 -I/usr/include/x86_64-linux-gnu/qt5/QtOpenGL -I/usr/include/x86_64-linux-gnu/qt5/QtSvg -I/usr/include/x86_64-linux-gnu/qt5/QtPrintSupport -I/usr/include/x86_64-linux-gnu/qt5/QtWidgets -I/usr/include/x86_64-linux-gnu/qt5/QtGui -I/usr/include/x86_64-linux-gnu/qt5/QtXml -I/usr/include/x86_64-linux-gnu/qt5/QtScript -I/usr/include/x86_64-linux-gnu/qt5/QtConcurrent -I/usr/include/x86_64-linux-gnu/qt5/QtCore -I/usr/include/c++/15 -I/usr/include/x86_64-linux-gnu/c++/15 -I/usr/include/c++/15/backward -I/usr/lib/gcc/x86_64-linux-gnu/15/include -I/usr/local/include -I/usr/include/x86_64-linux-gnu -I/usr/include view/interpolation.h -o moc_interpolation.cpp
/usr/lib/qt5/bin/moc -DQWT_DLL -DQT_NO_DEBUG -DQT_OPENGL_LIB -DQT_SVG_LIB -DQT_PRINTSUPPORT_LIB -DQT_WIDGETS_LIB -DQT_GUI_LIB -DQT_XML_LIB -DQT_SCRIPT_LIB -DQT_CONCURRENT_LIB -DQT_CORE_LIB --include /home/workstationlinux/lbsim_WORKING_OCL/moc_predefs.h -I/usr/lib/x86_64-linux-gnu/qt5/mkspecs/linux-g++ -I/home/workstationlinux/lbsim_WORKING_OCL -I/home/workstationlinux/lbsim_WORKING_OCL/view/util -I/usr/local/qwt-6.2.0-dev/include -I/usr/include/x86_64-linux-gnu/qt5 -I/usr/include/x86_64-linux-gnu/qt5/QtOpenGL -I/usr/include/x86_64-linux-gnu/qt5/QtSvg -I/usr/include/x86_64-linux-gnu/qt5/QtPrintSupport -I/usr/include/x86_64-linux-gnu/qt5/QtWidgets -I/usr/include/x86_64-linux-gnu/qt5/QtGui -I/usr/include/x86_64-linux-gnu/qt5/QtXml -I/usr/include/x86_64-linux-gnu/qt5/QtScript -I/usr/include/x86_64-linux-gnu/qt5/QtConcurrent -I/usr/include/x86_64-linux-gnu/qt5/QtCore -I/usr/include/c++/15 -I/usr/include/x86_64-linux-gnu/c++/15 -I/usr/include/c++/15/backward -I/usr/lib/gcc/x86_64-linux-gnu/15/include -I/usr/local/include -I/usr/include/x86_64-linux-gnu -I/usr/include view/animation.h -o moc_animation.cpp
/usr/lib/qt5/bin/moc -DQWT_DLL -DQT_NO_DEBUG -DQT_OPENGL_LIB -DQT_SVG_LIB -DQT_PRINTSUPPORT_LIB -DQT_WIDGETS_LIB -DQT_GUI_LIB -DQT_XML_LIB -DQT_SCRIPT_LIB -DQT_CONCURRENT_LIB -DQT_CORE_LIB --include /home/workstationlinux/lbsim_WORKING_OCL/moc_predefs.h -I/usr/lib/x86_64-linux-gnu/qt5/mkspecs/linux-g++ -I/home/workstationlinux/lbsim_WORKING_OCL -I/home/workstationlinux/lbsim_WORKING_OCL/view/util -I/usr/local/qwt-6.2.0-dev/include -I/usr/include/x86_64-linux-gnu/qt5 -I/usr/include/x86_64-linux-gnu/qt5/QtOpenGL -I/usr/include/x86_64-linux-gnu/qt5/QtSvg -I/usr/include/x86_64-linux-gnu/qt5/QtPrintSupport -I/usr/include/x86_64-linux-gnu/qt5/QtWidgets -I/usr/include/x86_64-linux-gnu/qt5/QtGui -I/usr/include/x86_64-linux-gnu/qt5/QtXml -I/usr/include/x86_64-linux-gnu/qt5/QtScript -I/usr/include/x86_64-linux-gnu/qt5/QtConcurrent -I/usr/include/x86_64-linux-gnu/qt5/QtCore -I/usr/include/c++/15 -I/usr/include/x86_64-linux-gnu/c++/15 -I/usr/include/c++/15/backward -I/usr/lib/gcc/x86_64-linux-gnu/15/include -I/usr/local/include -I/usr/include/x86_64-linux-gnu -I/usr/include view/parameters2.h -o moc_parameters2.cpp
/usr/lib/qt5/bin/moc -DQWT_DLL -DQT_NO_DEBUG -DQT_OPENGL_LIB -DQT_SVG_LIB -DQT_PRINTSUPPORT_LIB -DQT_WIDGETS_LIB -DQT_GUI_LIB -DQT_XML_LIB -DQT_SCRIPT_LIB -DQT_CONCURRENT_LIB -DQT_CORE_LIB --include /home/workstationlinux/lbsim_WORKING_OCL/moc_predefs.h -I/usr/lib/x86_64-linux-gnu/qt5/mkspecs/linux-g++ -I/home/workstationlinux/lbsim_WORKING_OCL -I/home/workstationlinux/lbsim_WORKING_OCL/view/util -I/usr/local/qwt-6.2.0-dev/include -I/usr/include/x86_64-linux-gnu/qt5 -I/usr/include/x86_64-linux-gnu/qt5/QtOpenGL -I/usr/include/x86_64-linux-gnu/qt5/QtSvg -I/usr/include/x86_64-linux-gnu/qt5/QtPrintSupport -I/usr/include/x86_64-linux-gnu/qt5/QtWidgets -I/usr/include/x86_64-linux-gnu/qt5/QtGui -I/usr/include/x86_64-linux-gnu/qt5/QtXml -I/usr/include/x86_64-linux-gnu/qt5/QtScript -I/usr/include/x86_64-linux-gnu/qt5/QtConcurrent -I/usr/include/x86_64-linux-gnu/qt5/QtCore -I/usr/include/c++/15 -I/usr/include/x86_64-linux-gnu/c++/15 -I/usr/include/c++/15/backward -I/usr/lib/gcc/x86_64-linux-gnu/15/include -I/usr/local/include -I/usr/include/x86_64-linux-gnu -I/usr/include view/painterconfig.h -o moc_painterconfig.cpp
/usr/lib/qt5/bin/moc -DQWT_DLL -DQT_NO_DEBUG -DQT_OPENGL_LIB -DQT_SVG_LIB -DQT_PRINTSUPPORT_LIB -DQT_WIDGETS_LIB -DQT_GUI_LIB -DQT_XML_LIB -DQT_SCRIPT_LIB -DQT_CONCURRENT_LIB -DQT_CORE_LIB --include /home/workstationlinux/lbsim_WORKING_OCL/moc_predefs.h -I/usr/lib/x86_64-linux-gnu/qt5/mkspecs/linux-g++ -I/home/workstationlinux/lbsim_WORKING_OCL -I/home/workstationlinux/lbsim_WORKING_OCL/view/util -I/usr/local/qwt-6.2.0-dev/include -I/usr/include/x86_64-linux-gnu/qt5 -I/usr/include/x86_64-linux-gnu/qt5/QtOpenGL -I/usr/include/x86_64-linux-gnu/qt5/QtSvg -I/usr/include/x86_64-linux-gnu/qt5/QtPrintSupport -I/usr/include/x86_64-linux-gnu/qt5/QtWidgets -I/usr/include/x86_64-linux-gnu/qt5/QtGui -I/usr/include/x86_64-linux-gnu/qt5/QtXml -I/usr/include/x86_64-linux-gnu/qt5/QtScript -I/usr/include/x86_64-linux-gnu/qt5/QtConcurrent -I/usr/include/x86_64-linux-gnu/qt5/QtCore -I/usr/include/c++/15 -I/usr/include/x86_64-linux-gnu/c++/15 -I/usr/include/c++/15/backward -I/usr/lib/gcc/x86_64-linux-gnu/15/include -I/usr/local/include -I/usr/include/x86_64-linux-gnu -I/usr/include view/mesher.h -o moc_mesher.cpp
view/painter/camera.cpp: In member function ‘MyQuaternion Camera::getRotation()’:
view/painter/camera.cpp:112:12: warning: implicitly-declared ‘constexpr MyQuaternion::MyQuaternion(const MyQuaternion&)’ is deprecated [-Wdeprecated-copy]
  112 |     return rotation;
      |            ^~~~~~~~
In file included from view/painter/camera.h:22,
                 from view/painter/camera.cpp:19:
view/painter/../../model/math/myquaternion.h:26:10: note: because ‘MyQuaternion’ has user-provided ‘void MyQuaternion::operator=(const MyQuaternion&)’
   26 |     void operator=(const MyQuaternion &operand);
      |          ^~~~~~~~
/usr/lib/qt5/bin/moc -DQWT_DLL -DQT_NO_DEBUG -DQT_OPENGL_LIB -DQT_SVG_LIB -DQT_PRINTSUPPORT_LIB -DQT_WIDGETS_LIB -DQT_GUI_LIB -DQT_XML_LIB -DQT_SCRIPT_LIB -DQT_CONCURRENT_LIB -DQT_CORE_LIB --include /home/workstationlinux/lbsim_WORKING_OCL/moc_predefs.h -I/usr/lib/x86_64-linux-gnu/qt5/mkspecs/linux-g++ -I/home/workstationlinux/lbsim_WORKING_OCL -I/home/workstationlinux/lbsim_WORKING_OCL/view/util -I/usr/local/qwt-6.2.0-dev/include -I/usr/include/x86_64-linux-gnu/qt5 -I/usr/include/x86_64-linux-gnu/qt5/QtOpenGL -I/usr/include/x86_64-linux-gnu/qt5/QtSvg -I/usr/include/x86_64-linux-gnu/qt5/QtPrintSupport -I/usr/include/x86_64-linux-gnu/qt5/QtWidgets -I/usr/include/x86_64-linux-gnu/qt5/QtGui -I/usr/include/x86_64-linux-gnu/qt5/QtXml -I/usr/include/x86_64-linux-gnu/qt5/QtScript -I/usr/include/x86_64-linux-gnu/qt5/QtConcurrent -I/usr/include/x86_64-linux-gnu/qt5/QtCore -I/usr/include/c++/15 -I/usr/include/x86_64-linux-gnu/c++/15 -I/usr/include/c++/15/backward -I/usr/lib/gcc/x86_64-linux-gnu/15/include -I/usr/local/include -I/usr/include/x86_64-linux-gnu -I/usr/include view/moreinfo.h -o moc_moreinfo.cpp
/usr/lib/qt5/bin/moc -DQWT_DLL -DQT_NO_DEBUG -DQT_OPENGL_LIB -DQT_SVG_LIB -DQT_PRINTSUPPORT_LIB -DQT_WIDGETS_LIB -DQT_GUI_LIB -DQT_XML_LIB -DQT_SCRIPT_LIB -DQT_CONCURRENT_LIB -DQT_CORE_LIB --include /home/workstationlinux/lbsim_WORKING_OCL/moc_predefs.h -I/usr/lib/x86_64-linux-gnu/qt5/mkspecs/linux-g++ -I/home/workstationlinux/lbsim_WORKING_OCL -I/home/workstationlinux/lbsim_WORKING_OCL/view/util -I/usr/local/qwt-6.2.0-dev/include -I/usr/include/x86_64-linux-gnu/qt5 -I/usr/include/x86_64-linux-gnu/qt5/QtOpenGL -I/usr/include/x86_64-linux-gnu/qt5/QtSvg -I/usr/include/x86_64-linux-gnu/qt5/QtPrintSupport -I/usr/include/x86_64-linux-gnu/qt5/QtWidgets -I/usr/include/x86_64-linux-gnu/qt5/QtGui -I/usr/include/x86_64-linux-gnu/qt5/QtXml -I/usr/include/x86_64-linux-gnu/qt5/QtScript -I/usr/include/x86_64-linux-gnu/qt5/QtConcurrent -I/usr/include/x86_64-linux-gnu/qt5/QtCore -I/usr/include/c++/15 -I/usr/include/x86_64-linux-gnu/c++/15 -I/usr/include/c++/15/backward -I/usr/lib/gcc/x86_64-linux-gnu/15/include -I/usr/local/include -I/usr/include/x86_64-linux-gnu -I/usr/include view/imageprocessing.h -o moc_imageprocessing.cpp
lbmain.cpp: In function ‘void myMessageHandler(QtMsgType, const char*)’:
lbmain.cpp:30:12: warning: enumeration value ‘QtInfoMsg’ not handled in switch [-Wswitch]
   30 |     switch (type) {
      |            ^
lbmain.cpp: In function ‘int main(int, char**)’:
lbmain.cpp:57:11: warning: ‘void qsrand(uint)’ is deprecated: use QRandomGenerator instead [-Wdeprecated-declarations]
   57 |     qsrand(time(0));
      |     ~~~~~~^~~~~~~~~
In file included from /usr/include/x86_64-linux-gnu/qt5/QtGui/qtguiglobal.h:43,
                 from /usr/include/x86_64-linux-gnu/qt5/QtWidgets/qtwidgetsglobal.h:43,
                 from /usr/include/x86_64-linux-gnu/qt5/QtWidgets/qapplication.h:43,
                 from /usr/include/x86_64-linux-gnu/qt5/QtWidgets/QApplication:1,
                 from lbmain.cpp:19:
/usr/include/x86_64-linux-gnu/qt5/QtCore/qglobal.h:1281:81: note: declared here
 1281 | Q_CORE_EXPORT QT_DEPRECATED_VERSION_X_5_15("use QRandomGenerator instead") void qsrand(uint seed);
      |                                                                                 ^~~~~~
/usr/lib/qt5/bin/moc -DQWT_DLL -DQT_NO_DEBUG -DQT_OPENGL_LIB -DQT_SVG_LIB -DQT_PRINTSUPPORT_LIB -DQT_WIDGETS_LIB -DQT_GUI_LIB -DQT_XML_LIB -DQT_SCRIPT_LIB -DQT_CONCURRENT_LIB -DQT_CORE_LIB --include /home/workstationlinux/lbsim_WORKING_OCL/moc_predefs.h -I/usr/lib/x86_64-linux-gnu/qt5/mkspecs/linux-g++ -I/home/workstationlinux/lbsim_WORKING_OCL -I/home/workstationlinux/lbsim_WORKING_OCL/view/util -I/usr/local/qwt-6.2.0-dev/include -I/usr/include/x86_64-linux-gnu/qt5 -I/usr/include/x86_64-linux-gnu/qt5/QtOpenGL -I/usr/include/x86_64-linux-gnu/qt5/QtSvg -I/usr/include/x86_64-linux-gnu/qt5/QtPrintSupport -I/usr/include/x86_64-linux-gnu/qt5/QtWidgets -I/usr/include/x86_64-linux-gnu/qt5/QtGui -I/usr/include/x86_64-linux-gnu/qt5/QtXml -I/usr/include/x86_64-linux-gnu/qt5/QtScript -I/usr/include/x86_64-linux-gnu/qt5/QtConcurrent -I/usr/include/x86_64-linux-gnu/qt5/QtCore -I/usr/include/c++/15 -I/usr/include/x86_64-linux-gnu/c++/15 -I/usr/include/c++/15/backward -I/usr/lib/gcc/x86_64-linux-gnu/15/include -I/usr/local/include -I/usr/include/x86_64-linux-gnu -I/usr/include view/geometry.h -o moc_geometry.cpp
/usr/lib/qt5/bin/moc -DQWT_DLL -DQT_NO_DEBUG -DQT_OPENGL_LIB -DQT_SVG_LIB -DQT_PRINTSUPPORT_LIB -DQT_WIDGETS_LIB -DQT_GUI_LIB -DQT_XML_LIB -DQT_SCRIPT_LIB -DQT_CONCURRENT_LIB -DQT_CORE_LIB --include /home/workstationlinux/lbsim_WORKING_OCL/moc_predefs.h -I/usr/lib/x86_64-linux-gnu/qt5/mkspecs/linux-g++ -I/home/workstationlinux/lbsim_WORKING_OCL -I/home/workstationlinux/lbsim_WORKING_OCL/view/util -I/usr/local/qwt-6.2.0-dev/include -I/usr/include/x86_64-linux-gnu/qt5 -I/usr/include/x86_64-linux-gnu/qt5/QtOpenGL -I/usr/include/x86_64-linux-gnu/qt5/QtSvg -I/usr/include/x86_64-linux-gnu/qt5/QtPrintSupport -I/usr/include/x86_64-linux-gnu/qt5/QtWidgets -I/usr/include/x86_64-linux-gnu/qt5/QtGui -I/usr/include/x86_64-linux-gnu/qt5/QtXml -I/usr/include/x86_64-linux-gnu/qt5/QtScript -I/usr/include/x86_64-linux-gnu/qt5/QtConcurrent -I/usr/include/x86_64-linux-gnu/qt5/QtCore -I/usr/include/c++/15 -I/usr/include/x86_64-linux-gnu/c++/15 -I/usr/include/c++/15/backward -I/usr/lib/gcc/x86_64-linux-gnu/15/include -I/usr/local/include -I/usr/include/x86_64-linux-gnu -I/usr/include view/immersed.h -o moc_immersed.cpp
g++ -c -pipe -fopenmp -O3 -march=native -ffast-math -funroll-loops -fomit-frame-pointer -Wall -Wextra -D_REENTRANT -fPIC -DQWT_DLL -DQT_NO_DEBUG -DQT_OPENGL_LIB -DQT_SVG_LIB -DQT_PRINTSUPPORT_LIB -DQT_WIDGETS_LIB -DQT_GUI_LIB -DQT_XML_LIB -DQT_SCRIPT_LIB -DQT_CONCURRENT_LIB -DQT_CORE_LIB -I. -Iview/util -I/usr/local/qwt-6.2.0-dev/include -I/usr/include/x86_64-linux-gnu/qt5 -I/usr/include/x86_64-linux-gnu/qt5/QtOpenGL -I/usr/include/x86_64-linux-gnu/qt5/QtSvg -I/usr/include/x86_64-linux-gnu/qt5/QtPrintSupport -I/usr/include/x86_64-linux-gnu/qt5/QtWidgets -I/usr/include/x86_64-linux-gnu/qt5/QtGui -I/usr/include/x86_64-linux-gnu/qt5/QtXml -I/usr/include/x86_64-linux-gnu/qt5/QtScript -I/usr/include/x86_64-linux-gnu/qt5/QtConcurrent -I/usr/include/x86_64-linux-gnu/qt5/QtCore -I. -I. -I/usr/lib/x86_64-linux-gnu/qt5/mkspecs/linux-g++ -o moc_lbmainwindow.o moc_lbmainwindow.cpp
g++ -c -pipe -fopenmp -O3 -march=native -ffast-math -funroll-loops -fomit-frame-pointer -Wall -Wextra -D_REENTRANT -fPIC -DQWT_DLL -DQT_NO_DEBUG -DQT_OPENGL_LIB -DQT_SVG_LIB -DQT_PRINTSUPPORT_LIB -DQT_WIDGETS_LIB -DQT_GUI_LIB -DQT_XML_LIB -DQT_SCRIPT_LIB -DQT_CONCURRENT_LIB -DQT_CORE_LIB -I. -Iview/util -I/usr/local/qwt-6.2.0-dev/include -I/usr/include/x86_64-linux-gnu/qt5 -I/usr/include/x86_64-linux-gnu/qt5/QtOpenGL -I/usr/include/x86_64-linux-gnu/qt5/QtSvg -I/usr/include/x86_64-linux-gnu/qt5/QtPrintSupport -I/usr/include/x86_64-linux-gnu/qt5/QtWidgets -I/usr/include/x86_64-linux-gnu/qt5/QtGui -I/usr/include/x86_64-linux-gnu/qt5/QtXml -I/usr/include/x86_64-linux-gnu/qt5/QtScript -I/usr/include/x86_64-linux-gnu/qt5/QtConcurrent -I/usr/include/x86_64-linux-gnu/qt5/QtCore -I. -I. -I/usr/lib/x86_64-linux-gnu/qt5/mkspecs/linux-g++ -o moc_lbwidget.o moc_lbwidget.cpp
g++ -c -pipe -fopenmp -O3 -march=native -ffast-math -funroll-loops -fomit-frame-pointer -Wall -Wextra -D_REENTRANT -fPIC -DQWT_DLL -DQT_NO_DEBUG -DQT_OPENGL_LIB -DQT_SVG_LIB -DQT_PRINTSUPPORT_LIB -DQT_WIDGETS_LIB -DQT_GUI_LIB -DQT_XML_LIB -DQT_SCRIPT_LIB -DQT_CONCURRENT_LIB -DQT_CORE_LIB -I. -Iview/util -I/usr/local/qwt-6.2.0-dev/include -I/usr/include/x86_64-linux-gnu/qt5 -I/usr/include/x86_64-linux-gnu/qt5/QtOpenGL -I/usr/include/x86_64-linux-gnu/qt5/QtSvg -I/usr/include/x86_64-linux-gnu/qt5/QtPrintSupport -I/usr/include/x86_64-linux-gnu/qt5/QtWidgets -I/usr/include/x86_64-linux-gnu/qt5/QtGui -I/usr/include/x86_64-linux-gnu/qt5/QtXml -I/usr/include/x86_64-linux-gnu/qt5/QtScript -I/usr/include/x86_64-linux-gnu/qt5/QtConcurrent -I/usr/include/x86_64-linux-gnu/qt5/QtCore -I. -I. -I/usr/lib/x86_64-linux-gnu/qt5/mkspecs/linux-g++ -o moc_info.o moc_info.cpp
g++ -c -pipe -fopenmp -O3 -march=native -ffast-math -funroll-loops -fomit-frame-pointer -Wall -Wextra -D_REENTRANT -fPIC -DQWT_DLL -DQT_NO_DEBUG -DQT_OPENGL_LIB -DQT_SVG_LIB -DQT_PRINTSUPPORT_LIB -DQT_WIDGETS_LIB -DQT_GUI_LIB -DQT_XML_LIB -DQT_SCRIPT_LIB -DQT_CONCURRENT_LIB -DQT_CORE_LIB -I. -Iview/util -I/usr/local/qwt-6.2.0-dev/include -I/usr/include/x86_64-linux-gnu/qt5 -I/usr/include/x86_64-linux-gnu/qt5/QtOpenGL -I/usr/include/x86_64-linux-gnu/qt5/QtSvg -I/usr/include/x86_64-linux-gnu/qt5/QtPrintSupport -I/usr/include/x86_64-linux-gnu/qt5/QtWidgets -I/usr/include/x86_64-linux-gnu/qt5/QtGui -I/usr/include/x86_64-linux-gnu/qt5/QtXml -I/usr/include/x86_64-linux-gnu/qt5/QtScript -I/usr/include/x86_64-linux-gnu/qt5/QtConcurrent -I/usr/include/x86_64-linux-gnu/qt5/QtCore -I. -I. -I/usr/lib/x86_64-linux-gnu/qt5/mkspecs/linux-g++ -o moc_view.o moc_view.cpp
g++ -c -pipe -fopenmp -O3 -march=native -ffast-math -funroll-loops -fomit-frame-pointer -Wall -Wextra -D_REENTRANT -fPIC -DQWT_DLL -DQT_NO_DEBUG -DQT_OPENGL_LIB -DQT_SVG_LIB -DQT_PRINTSUPPORT_LIB -DQT_WIDGETS_LIB -DQT_GUI_LIB -DQT_XML_LIB -DQT_SCRIPT_LIB -DQT_CONCURRENT_LIB -DQT_CORE_LIB -I. -Iview/util -I/usr/local/qwt-6.2.0-dev/include -I/usr/include/x86_64-linux-gnu/qt5 -I/usr/include/x86_64-linux-gnu/qt5/QtOpenGL -I/usr/include/x86_64-linux-gnu/qt5/QtSvg -I/usr/include/x86_64-linux-gnu/qt5/QtPrintSupport -I/usr/include/x86_64-linux-gnu/qt5/QtWidgets -I/usr/include/x86_64-linux-gnu/qt5/QtGui -I/usr/include/x86_64-linux-gnu/qt5/QtXml -I/usr/include/x86_64-linux-gnu/qt5/QtScript -I/usr/include/x86_64-linux-gnu/qt5/QtConcurrent -I/usr/include/x86_64-linux-gnu/qt5/QtCore -I. -I. -I/usr/lib/x86_64-linux-gnu/qt5/mkspecs/linux-g++ -o moc_colors.o moc_colors.cpp
model/latticeboltzmann/meltingsolidification/meltingsolidificationcell.cpp: In member function ‘virtual void MeltingSolidificationCell::preUpdate(double*, BaseCell**, Grid*, Vector3i)’:
model/latticeboltzmann/meltingsolidification/meltingsolidificationcell.cpp:34:9: warning: this statement may fall through [-Wimplicit-fallthrough=]
   34 |         }
      |         ^
g++ -c -pipe -fopenmp -O3 -march=native -ffast-math -funroll-loops -fomit-frame-pointer -Wall -Wextra -D_REENTRANT -fPIC -DQWT_DLL -DQT_NO_DEBUG -DQT_OPENGL_LIB -DQT_SVG_LIB -DQT_PRINTSUPPORT_LIB -DQT_WIDGETS_LIB -DQT_GUI_LIB -DQT_XML_LIB -DQT_SCRIPT_LIB -DQT_CONCURRENT_LIB -DQT_CORE_LIB -I. -Iview/util -I/usr/local/qwt-6.2.0-dev/include -I/usr/include/x86_64-linux-gnu/qt5 -I/usr/include/x86_64-linux-gnu/qt5/QtOpenGL -I/usr/include/x86_64-linux-gnu/qt5/QtSvg -I/usr/include/x86_64-linux-gnu/qt5/QtPrintSupport -I/usr/include/x86_64-linux-gnu/qt5/QtWidgets -I/usr/include/x86_64-linux-gnu/qt5/QtGui -I/usr/include/x86_64-linux-gnu/qt5/QtXml -I/usr/include/x86_64-linux-gnu/qt5/QtScript -I/usr/include/x86_64-linux-gnu/qt5/QtConcurrent -I/usr/include/x86_64-linux-gnu/qt5/QtCore -I. -I. -I/usr/lib/x86_64-linux-gnu/qt5/mkspecs/linux-g++ -o moc_view2.o moc_view2.cpp
model/latticeboltzmann/meltingsolidification/meltingsolidificationcell.cpp:35:5: note: here
   35 |     case 'L':
      |     ^~~~
g++ -c -pipe -fopenmp -O3 -march=native -ffast-math -funroll-loops -fomit-frame-pointer -Wall -Wextra -D_REENTRANT -fPIC -DQWT_DLL -DQT_NO_DEBUG -DQT_OPENGL_LIB -DQT_SVG_LIB -DQT_PRINTSUPPORT_LIB -DQT_WIDGETS_LIB -DQT_GUI_LIB -DQT_XML_LIB -DQT_SCRIPT_LIB -DQT_CONCURRENT_LIB -DQT_CORE_LIB -I. -Iview/util -I/usr/local/qwt-6.2.0-dev/include -I/usr/include/x86_64-linux-gnu/qt5 -I/usr/include/x86_64-linux-gnu/qt5/QtOpenGL -I/usr/include/x86_64-linux-gnu/qt5/QtSvg -I/usr/include/x86_64-linux-gnu/qt5/QtPrintSupport -I/usr/include/x86_64-linux-gnu/qt5/QtWidgets -I/usr/include/x86_64-linux-gnu/qt5/QtGui -I/usr/include/x86_64-linux-gnu/qt5/QtXml -I/usr/include/x86_64-linux-gnu/qt5/QtScript -I/usr/include/x86_64-linux-gnu/qt5/QtConcurrent -I/usr/include/x86_64-linux-gnu/qt5/QtCore -I. -I. -I/usr/lib/x86_64-linux-gnu/qt5/mkspecs/linux-g++ -o moc_improvedlineedit.o moc_improvedlineedit.cpp
g++ -c -pipe -fopenmp -O3 -march=native -ffast-math -funroll-loops -fomit-frame-pointer -Wall -Wextra -D_REENTRANT -fPIC -DQWT_DLL -DQT_NO_DEBUG -DQT_OPENGL_LIB -DQT_SVG_LIB -DQT_PRINTSUPPORT_LIB -DQT_WIDGETS_LIB -DQT_GUI_LIB -DQT_XML_LIB -DQT_SCRIPT_LIB -DQT_CONCURRENT_LIB -DQT_CORE_LIB -I. -Iview/util -I/usr/local/qwt-6.2.0-dev/include -I/usr/include/x86_64-linux-gnu/qt5 -I/usr/include/x86_64-linux-gnu/qt5/QtOpenGL -I/usr/include/x86_64-linux-gnu/qt5/QtSvg -I/usr/include/x86_64-linux-gnu/qt5/QtPrintSupport -I/usr/include/x86_64-linux-gnu/qt5/QtWidgets -I/usr/include/x86_64-linux-gnu/qt5/QtGui -I/usr/include/x86_64-linux-gnu/qt5/QtXml -I/usr/include/x86_64-linux-gnu/qt5/QtScript -I/usr/include/x86_64-linux-gnu/qt5/QtConcurrent -I/usr/include/x86_64-linux-gnu/qt5/QtCore -I. -I. -I/usr/lib/x86_64-linux-gnu/qt5/mkspecs/linux-g++ -o moc_about.o moc_about.cpp
g++ -c -pipe -fopenmp -O3 -march=native -ffast-math -funroll-loops -fomit-frame-pointer -Wall -Wextra -D_REENTRANT -fPIC -DQWT_DLL -DQT_NO_DEBUG -DQT_OPENGL_LIB -DQT_SVG_LIB -DQT_PRINTSUPPORT_LIB -DQT_WIDGETS_LIB -DQT_GUI_LIB -DQT_XML_LIB -DQT_SCRIPT_LIB -DQT_CONCURRENT_LIB -DQT_CORE_LIB -I. -Iview/util -I/usr/local/qwt-6.2.0-dev/include -I/usr/include/x86_64-linux-gnu/qt5 -I/usr/include/x86_64-linux-gnu/qt5/QtOpenGL -I/usr/include/x86_64-linux-gnu/qt5/QtSvg -I/usr/include/x86_64-linux-gnu/qt5/QtPrintSupport -I/usr/include/x86_64-linux-gnu/qt5/QtWidgets -I/usr/include/x86_64-linux-gnu/qt5/QtGui -I/usr/include/x86_64-linux-gnu/qt5/QtXml -I/usr/include/x86_64-linux-gnu/qt5/QtScript -I/usr/include/x86_64-linux-gnu/qt5/QtConcurrent -I/usr/include/x86_64-linux-gnu/qt5/QtCore -I. -I. -I/usr/lib/x86_64-linux-gnu/qt5/mkspecs/linux-g++ -o moc_chart.o moc_chart.cpp
g++ -c -pipe -fopenmp -O3 -march=native -ffast-math -funroll-loops -fomit-frame-pointer -Wall -Wextra -D_REENTRANT -fPIC -DQWT_DLL -DQT_NO_DEBUG -DQT_OPENGL_LIB -DQT_SVG_LIB -DQT_PRINTSUPPORT_LIB -DQT_WIDGETS_LIB -DQT_GUI_LIB -DQT_XML_LIB -DQT_SCRIPT_LIB -DQT_CONCURRENT_LIB -DQT_CORE_LIB -I. -Iview/util -I/usr/local/qwt-6.2.0-dev/include -I/usr/include/x86_64-linux-gnu/qt5 -I/usr/include/x86_64-linux-gnu/qt5/QtOpenGL -I/usr/include/x86_64-linux-gnu/qt5/QtSvg -I/usr/include/x86_64-linux-gnu/qt5/QtPrintSupport -I/usr/include/x86_64-linux-gnu/qt5/QtWidgets -I/usr/include/x86_64-linux-gnu/qt5/QtGui -I/usr/include/x86_64-linux-gnu/qt5/QtXml -I/usr/include/x86_64-linux-gnu/qt5/QtScript -I/usr/include/x86_64-linux-gnu/qt5/QtConcurrent -I/usr/include/x86_64-linux-gnu/qt5/QtCore -I. -I. -I/usr/lib/x86_64-linux-gnu/qt5/mkspecs/linux-g++ -o moc_changes.o moc_changes.cpp
g++ -c -pipe -fopenmp -O3 -march=native -ffast-math -funroll-loops -fomit-frame-pointer -Wall -Wextra -D_REENTRANT -fPIC -DQWT_DLL -DQT_NO_DEBUG -DQT_OPENGL_LIB -DQT_SVG_LIB -DQT_PRINTSUPPORT_LIB -DQT_WIDGETS_LIB -DQT_GUI_LIB -DQT_XML_LIB -DQT_SCRIPT_LIB -DQT_CONCURRENT_LIB -DQT_CORE_LIB -I. -Iview/util -I/usr/local/qwt-6.2.0-dev/include -I/usr/include/x86_64-linux-gnu/qt5 -I/usr/include/x86_64-linux-gnu/qt5/QtOpenGL -I/usr/include/x86_64-linux-gnu/qt5/QtSvg -I/usr/include/x86_64-linux-gnu/qt5/QtPrintSupport -I/usr/include/x86_64-linux-gnu/qt5/QtWidgets -I/usr/include/x86_64-linux-gnu/qt5/QtGui -I/usr/include/x86_64-linux-gnu/qt5/QtXml -I/usr/include/x86_64-linux-gnu/qt5/QtScript -I/usr/include/x86_64-linux-gnu/qt5/QtConcurrent -I/usr/include/x86_64-linux-gnu/qt5/QtCore -I. -I. -I/usr/lib/x86_64-linux-gnu/qt5/mkspecs/linux-g++ -o moc_results.o moc_results.cpp
g++ -c -pipe -fopenmp -O3 -march=native -ffast-math -funroll-loops -fomit-frame-pointer -Wall -Wextra -D_REENTRANT -fPIC -DQWT_DLL -DQT_NO_DEBUG -DQT_OPENGL_LIB -DQT_SVG_LIB -DQT_PRINTSUPPORT_LIB -DQT_WIDGETS_LIB -DQT_GUI_LIB -DQT_XML_LIB -DQT_SCRIPT_LIB -DQT_CONCURRENT_LIB -DQT_CORE_LIB -I. -Iview/util -I/usr/local/qwt-6.2.0-dev/include -I/usr/include/x86_64-linux-gnu/qt5 -I/usr/include/x86_64-linux-gnu/qt5/QtOpenGL -I/usr/include/x86_64-linux-gnu/qt5/QtSvg -I/usr/include/x86_64-linux-gnu/qt5/QtPrintSupport -I/usr/include/x86_64-linux-gnu/qt5/QtWidgets -I/usr/include/x86_64-linux-gnu/qt5/QtGui -I/usr/include/x86_64-linux-gnu/qt5/QtXml -I/usr/include/x86_64-linux-gnu/qt5/QtScript -I/usr/include/x86_64-linux-gnu/qt5/QtConcurrent -I/usr/include/x86_64-linux-gnu/qt5/QtCore -I. -I. -I/usr/lib/x86_64-linux-gnu/qt5/mkspecs/linux-g++ -o moc_historylineedit.o moc_historylineedit.cpp
g++ -c -pipe -fopenmp -O3 -march=native -ffast-math -funroll-loops -fomit-frame-pointer -Wall -Wextra -D_REENTRANT -fPIC -DQWT_DLL -DQT_NO_DEBUG -DQT_OPENGL_LIB -DQT_SVG_LIB -DQT_PRINTSUPPORT_LIB -DQT_WIDGETS_LIB -DQT_GUI_LIB -DQT_XML_LIB -DQT_SCRIPT_LIB -DQT_CONCURRENT_LIB -DQT_CORE_LIB -I. -Iview/util -I/usr/local/qwt-6.2.0-dev/include -I/usr/include/x86_64-linux-gnu/qt5 -I/usr/include/x86_64-linux-gnu/qt5/QtOpenGL -I/usr/include/x86_64-linux-gnu/qt5/QtSvg -I/usr/include/x86_64-linux-gnu/qt5/QtPrintSupport -I/usr/include/x86_64-linux-gnu/qt5/QtWidgets -I/usr/include/x86_64-linux-gnu/qt5/QtGui -I/usr/include/x86_64-linux-gnu/qt5/QtXml -I/usr/include/x86_64-linux-gnu/qt5/QtScript -I/usr/include/x86_64-linux-gnu/qt5/QtConcurrent -I/usr/include/x86_64-linux-gnu/qt5/QtCore -I. -I. -I/usr/lib/x86_64-linux-gnu/qt5/mkspecs/linux-g++ -o moc_particles.o moc_particles.cpp
g++ -c -pipe -fopenmp -O3 -march=native -ffast-math -funroll-loops -fomit-frame-pointer -Wall -Wextra -D_REENTRANT -fPIC -DQWT_DLL -DQT_NO_DEBUG -DQT_OPENGL_LIB -DQT_SVG_LIB -DQT_PRINTSUPPORT_LIB -DQT_WIDGETS_LIB -DQT_GUI_LIB -DQT_XML_LIB -DQT_SCRIPT_LIB -DQT_CONCURRENT_LIB -DQT_CORE_LIB -I. -Iview/util -I/usr/local/qwt-6.2.0-dev/include -I/usr/include/x86_64-linux-gnu/qt5 -I/usr/include/x86_64-linux-gnu/qt5/QtOpenGL -I/usr/include/x86_64-linux-gnu/qt5/QtSvg -I/usr/include/x86_64-linux-gnu/qt5/QtPrintSupport -I/usr/include/x86_64-linux-gnu/qt5/QtWidgets -I/usr/include/x86_64-linux-gnu/qt5/QtGui -I/usr/include/x86_64-linux-gnu/qt5/QtXml -I/usr/include/x86_64-linux-gnu/qt5/QtScript -I/usr/include/x86_64-linux-gnu/qt5/QtConcurrent -I/usr/include/x86_64-linux-gnu/qt5/QtCore -I. -I. -I/usr/lib/x86_64-linux-gnu/qt5/mkspecs/linux-g++ -o moc_interpolation.o moc_interpolation.cpp
g++ -c -pipe -fopenmp -O3 -march=native -ffast-math -funroll-loops -fomit-frame-pointer -Wall -Wextra -D_REENTRANT -fPIC -DQWT_DLL -DQT_NO_DEBUG -DQT_OPENGL_LIB -DQT_SVG_LIB -DQT_PRINTSUPPORT_LIB -DQT_WIDGETS_LIB -DQT_GUI_LIB -DQT_XML_LIB -DQT_SCRIPT_LIB -DQT_CONCURRENT_LIB -DQT_CORE_LIB -I. -Iview/util -I/usr/local/qwt-6.2.0-dev/include -I/usr/include/x86_64-linux-gnu/qt5 -I/usr/include/x86_64-linux-gnu/qt5/QtOpenGL -I/usr/include/x86_64-linux-gnu/qt5/QtSvg -I/usr/include/x86_64-linux-gnu/qt5/QtPrintSupport -I/usr/include/x86_64-linux-gnu/qt5/QtWidgets -I/usr/include/x86_64-linux-gnu/qt5/QtGui -I/usr/include/x86_64-linux-gnu/qt5/QtXml -I/usr/include/x86_64-linux-gnu/qt5/QtScript -I/usr/include/x86_64-linux-gnu/qt5/QtConcurrent -I/usr/include/x86_64-linux-gnu/qt5/QtCore -I. -I. -I/usr/lib/x86_64-linux-gnu/qt5/mkspecs/linux-g++ -o moc_codeeditor.o moc_codeeditor.cpp
g++ -c -pipe -fopenmp -O3 -march=native -ffast-math -funroll-loops -fomit-frame-pointer -Wall -Wextra -D_REENTRANT -fPIC -DQWT_DLL -DQT_NO_DEBUG -DQT_OPENGL_LIB -DQT_SVG_LIB -DQT_PRINTSUPPORT_LIB -DQT_WIDGETS_LIB -DQT_GUI_LIB -DQT_XML_LIB -DQT_SCRIPT_LIB -DQT_CONCURRENT_LIB -DQT_CORE_LIB -I. -Iview/util -I/usr/local/qwt-6.2.0-dev/include -I/usr/include/x86_64-linux-gnu/qt5 -I/usr/include/x86_64-linux-gnu/qt5/QtOpenGL -I/usr/include/x86_64-linux-gnu/qt5/QtSvg -I/usr/include/x86_64-linux-gnu/qt5/QtPrintSupport -I/usr/include/x86_64-linux-gnu/qt5/QtWidgets -I/usr/include/x86_64-linux-gnu/qt5/QtGui -I/usr/include/x86_64-linux-gnu/qt5/QtXml -I/usr/include/x86_64-linux-gnu/qt5/QtScript -I/usr/include/x86_64-linux-gnu/qt5/QtConcurrent -I/usr/include/x86_64-linux-gnu/qt5/QtCore -I. -I. -I/usr/lib/x86_64-linux-gnu/qt5/mkspecs/linux-g++ -o moc_animation.o moc_animation.cpp
g++ -c -pipe -fopenmp -O3 -march=native -ffast-math -funroll-loops -fomit-frame-pointer -Wall -Wextra -D_REENTRANT -fPIC -DQWT_DLL -DQT_NO_DEBUG -DQT_OPENGL_LIB -DQT_SVG_LIB -DQT_PRINTSUPPORT_LIB -DQT_WIDGETS_LIB -DQT_GUI_LIB -DQT_XML_LIB -DQT_SCRIPT_LIB -DQT_CONCURRENT_LIB -DQT_CORE_LIB -I. -Iview/util -I/usr/local/qwt-6.2.0-dev/include -I/usr/include/x86_64-linux-gnu/qt5 -I/usr/include/x86_64-linux-gnu/qt5/QtOpenGL -I/usr/include/x86_64-linux-gnu/qt5/QtSvg -I/usr/include/x86_64-linux-gnu/qt5/QtPrintSupport -I/usr/include/x86_64-linux-gnu/qt5/QtWidgets -I/usr/include/x86_64-linux-gnu/qt5/QtGui -I/usr/include/x86_64-linux-gnu/qt5/QtXml -I/usr/include/x86_64-linux-gnu/qt5/QtScript -I/usr/include/x86_64-linux-gnu/qt5/QtConcurrent -I/usr/include/x86_64-linux-gnu/qt5/QtCore -I. -I. -I/usr/lib/x86_64-linux-gnu/qt5/mkspecs/linux-g++ -o moc_parameters2.o moc_parameters2.cpp
g++ -c -pipe -fopenmp -O3 -march=native -ffast-math -funroll-loops -fomit-frame-pointer -Wall -Wextra -D_REENTRANT -fPIC -DQWT_DLL -DQT_NO_DEBUG -DQT_OPENGL_LIB -DQT_SVG_LIB -DQT_PRINTSUPPORT_LIB -DQT_WIDGETS_LIB -DQT_GUI_LIB -DQT_XML_LIB -DQT_SCRIPT_LIB -DQT_CONCURRENT_LIB -DQT_CORE_LIB -I. -Iview/util -I/usr/local/qwt-6.2.0-dev/include -I/usr/include/x86_64-linux-gnu/qt5 -I/usr/include/x86_64-linux-gnu/qt5/QtOpenGL -I/usr/include/x86_64-linux-gnu/qt5/QtSvg -I/usr/include/x86_64-linux-gnu/qt5/QtPrintSupport -I/usr/include/x86_64-linux-gnu/qt5/QtWidgets -I/usr/include/x86_64-linux-gnu/qt5/QtGui -I/usr/include/x86_64-linux-gnu/qt5/QtXml -I/usr/include/x86_64-linux-gnu/qt5/QtScript -I/usr/include/x86_64-linux-gnu/qt5/QtConcurrent -I/usr/include/x86_64-linux-gnu/qt5/QtCore -I. -I. -I/usr/lib/x86_64-linux-gnu/qt5/mkspecs/linux-g++ -o moc_mesher.o moc_mesher.cpp
g++ -c -pipe -fopenmp -O3 -march=native -ffast-math -funroll-loops -fomit-frame-pointer -Wall -Wextra -D_REENTRANT -fPIC -DQWT_DLL -DQT_NO_DEBUG -DQT_OPENGL_LIB -DQT_SVG_LIB -DQT_PRINTSUPPORT_LIB -DQT_WIDGETS_LIB -DQT_GUI_LIB -DQT_XML_LIB -DQT_SCRIPT_LIB -DQT_CONCURRENT_LIB -DQT_CORE_LIB -I. -Iview/util -I/usr/local/qwt-6.2.0-dev/include -I/usr/include/x86_64-linux-gnu/qt5 -I/usr/include/x86_64-linux-gnu/qt5/QtOpenGL -I/usr/include/x86_64-linux-gnu/qt5/QtSvg -I/usr/include/x86_64-linux-gnu/qt5/QtPrintSupport -I/usr/include/x86_64-linux-gnu/qt5/QtWidgets -I/usr/include/x86_64-linux-gnu/qt5/QtGui -I/usr/include/x86_64-linux-gnu/qt5/QtXml -I/usr/include/x86_64-linux-gnu/qt5/QtScript -I/usr/include/x86_64-linux-gnu/qt5/QtConcurrent -I/usr/include/x86_64-linux-gnu/qt5/QtCore -I. -I. -I/usr/lib/x86_64-linux-gnu/qt5/mkspecs/linux-g++ -o moc_painterconfig.o moc_painterconfig.cpp
g++ -c -pipe -fopenmp -O3 -march=native -ffast-math -funroll-loops -fomit-frame-pointer -Wall -Wextra -D_REENTRANT -fPIC -DQWT_DLL -DQT_NO_DEBUG -DQT_OPENGL_LIB -DQT_SVG_LIB -DQT_PRINTSUPPORT_LIB -DQT_WIDGETS_LIB -DQT_GUI_LIB -DQT_XML_LIB -DQT_SCRIPT_LIB -DQT_CONCURRENT_LIB -DQT_CORE_LIB -I. -Iview/util -I/usr/local/qwt-6.2.0-dev/include -I/usr/include/x86_64-linux-gnu/qt5 -I/usr/include/x86_64-linux-gnu/qt5/QtOpenGL -I/usr/include/x86_64-linux-gnu/qt5/QtSvg -I/usr/include/x86_64-linux-gnu/qt5/QtPrintSupport -I/usr/include/x86_64-linux-gnu/qt5/QtWidgets -I/usr/include/x86_64-linux-gnu/qt5/QtGui -I/usr/include/x86_64-linux-gnu/qt5/QtXml -I/usr/include/x86_64-linux-gnu/qt5/QtScript -I/usr/include/x86_64-linux-gnu/qt5/QtConcurrent -I/usr/include/x86_64-linux-gnu/qt5/QtCore -I. -I. -I/usr/lib/x86_64-linux-gnu/qt5/mkspecs/linux-g++ -o moc_moreinfo.o moc_moreinfo.cpp
g++ -c -pipe -fopenmp -O3 -march=native -ffast-math -funroll-loops -fomit-frame-pointer -Wall -Wextra -D_REENTRANT -fPIC -DQWT_DLL -DQT_NO_DEBUG -DQT_OPENGL_LIB -DQT_SVG_LIB -DQT_PRINTSUPPORT_LIB -DQT_WIDGETS_LIB -DQT_GUI_LIB -DQT_XML_LIB -DQT_SCRIPT_LIB -DQT_CONCURRENT_LIB -DQT_CORE_LIB -I. -Iview/util -I/usr/local/qwt-6.2.0-dev/include -I/usr/include/x86_64-linux-gnu/qt5 -I/usr/include/x86_64-linux-gnu/qt5/QtOpenGL -I/usr/include/x86_64-linux-gnu/qt5/QtSvg -I/usr/include/x86_64-linux-gnu/qt5/QtPrintSupport -I/usr/include/x86_64-linux-gnu/qt5/QtWidgets -I/usr/include/x86_64-linux-gnu/qt5/QtGui -I/usr/include/x86_64-linux-gnu/qt5/QtXml -I/usr/include/x86_64-linux-gnu/qt5/QtScript -I/usr/include/x86_64-linux-gnu/qt5/QtConcurrent -I/usr/include/x86_64-linux-gnu/qt5/QtCore -I. -I. -I/usr/lib/x86_64-linux-gnu/qt5/mkspecs/linux-g++ -o moc_immersed.o moc_immersed.cpp
g++ -c -pipe -fopenmp -O3 -march=native -ffast-math -funroll-loops -fomit-frame-pointer -Wall -Wextra -D_REENTRANT -fPIC -DQWT_DLL -DQT_NO_DEBUG -DQT_OPENGL_LIB -DQT_SVG_LIB -DQT_PRINTSUPPORT_LIB -DQT_WIDGETS_LIB -DQT_GUI_LIB -DQT_XML_LIB -DQT_SCRIPT_LIB -DQT_CONCURRENT_LIB -DQT_CORE_LIB -I. -Iview/util -I/usr/local/qwt-6.2.0-dev/include -I/usr/include/x86_64-linux-gnu/qt5 -I/usr/include/x86_64-linux-gnu/qt5/QtOpenGL -I/usr/include/x86_64-linux-gnu/qt5/QtSvg -I/usr/include/x86_64-linux-gnu/qt5/QtPrintSupport -I/usr/include/x86_64-linux-gnu/qt5/QtWidgets -I/usr/include/x86_64-linux-gnu/qt5/QtGui -I/usr/include/x86_64-linux-gnu/qt5/QtXml -I/usr/include/x86_64-linux-gnu/qt5/QtScript -I/usr/include/x86_64-linux-gnu/qt5/QtConcurrent -I/usr/include/x86_64-linux-gnu/qt5/QtCore -I. -I. -I/usr/lib/x86_64-linux-gnu/qt5/mkspecs/linux-g++ -o moc_geometry.o moc_geometry.cpp
g++ -c -pipe -fopenmp -O3 -march=native -ffast-math -funroll-loops -fomit-frame-pointer -Wall -Wextra -D_REENTRANT -fPIC -DQWT_DLL -DQT_NO_DEBUG -DQT_OPENGL_LIB -DQT_SVG_LIB -DQT_PRINTSUPPORT_LIB -DQT_WIDGETS_LIB -DQT_GUI_LIB -DQT_XML_LIB -DQT_SCRIPT_LIB -DQT_CONCURRENT_LIB -DQT_CORE_LIB -I. -Iview/util -I/usr/local/qwt-6.2.0-dev/include -I/usr/include/x86_64-linux-gnu/qt5 -I/usr/include/x86_64-linux-gnu/qt5/QtOpenGL -I/usr/include/x86_64-linux-gnu/qt5/QtSvg -I/usr/include/x86_64-linux-gnu/qt5/QtPrintSupport -I/usr/include/x86_64-linux-gnu/qt5/QtWidgets -I/usr/include/x86_64-linux-gnu/qt5/QtGui -I/usr/include/x86_64-linux-gnu/qt5/QtXml -I/usr/include/x86_64-linux-gnu/qt5/QtScript -I/usr/include/x86_64-linux-gnu/qt5/QtConcurrent -I/usr/include/x86_64-linux-gnu/qt5/QtCore -I. -I. -I/usr/lib/x86_64-linux-gnu/qt5/mkspecs/linux-g++ -o moc_imageprocessing.o moc_imageprocessing.cpp
view/painter/painter.cpp: In member function ‘void Painter::paintIsolines()’:
view/painter/painter.cpp:374:20: warning: comparison of integer expressions of different signedness: ‘GLuint’ {aka ‘unsigned int’} and ‘int’ [-Wsign-compare]
  374 |     if (isolinesDL == -1 || isolinesAge != grid->getSimulation()->getIterations() || isolinesRepaint) {
      |         ~~~~~~~~~~~^~~~~
view/painter/painter.cpp:377:24: warning: comparison of integer expressions of different signedness: ‘GLuint’ {aka ‘unsigned int’} and ‘int’ [-Wsign-compare]
  377 |         if (isolinesDL != -1) {
      |             ~~~~~~~~~~~^~~~~
view/painter/painter.cpp: In member function ‘void Painter::paintIsosurfaces()’:
view/painter/painter.cpp:425:23: warning: comparison of integer expressions of different signedness: ‘GLuint’ {aka ‘unsigned int’} and ‘int’ [-Wsign-compare]
  425 |     if (isosurfacesDL == -1 || isolinesAge != grid->getSimulation()->getIterations() || isolinesRepaint) {
      |         ~~~~~~~~~~~~~~^~~~~
view/painter/painter.cpp:428:27: warning: comparison of integer expressions of different signedness: ‘GLuint’ {aka ‘unsigned int’} and ‘int’ [-Wsign-compare]
  428 |         if (isosurfacesDL != -1) {
      |             ~~~~~~~~~~~~~~^~~~~
view/painter/painter.cpp: In member function ‘void Painter::paintKorner(bool)’:
view/painter/painter.cpp:790:32: warning: unused parameter ‘doPaint’ [-Wunused-parameter]
  790 | void Painter::paintKorner(bool doPaint) {
      |                           ~~~~~^~~~~~~
view/parameters2.cpp: In member function ‘void Parameters2::on_inletFormula_textEdited(const QString&)’:
view/parameters2.cpp:678:61: warning: unused parameter ‘arg1’ [-Wunused-parameter]
  678 | void Parameters2::on_inletFormula_textEdited(const QString &arg1) {
      |                                              ~~~~~~~~~~~~~~~^~~~
view/painter/painter.cpp: In member function ‘void Painter::setIsolineSeeder(IsolineSeeder*)’:
view/painter/painter.cpp:1452:9: warning: deleting object of abstract class type ‘IsolineSeeder’ which has non-virtual destructor will cause undefined behavior [-Wdelete-non-virtual-dtor]
 1452 |         delete this->isolineSeeder;
      |         ^~~~~~~~~~~~~~~~~~~~~~~~~~
view/immersed.cpp: In member function ‘void Immersed::on_immersedType_currentIndexChanged(const QString&)’:
view/immersed.cpp:30:5: warning: deleting object of abstract class type ‘ImmersedItem’ which has non-virtual destructor will cause undefined behavior [-Wdelete-non-virtual-dtor]
   30 |     delete item;
      |     ^~~~~~~~~~~
view/immersed.cpp:26:67: warning: unused parameter ‘immersed’ [-Wunused-parameter]
   26 | void Immersed::on_immersedType_currentIndexChanged(const QString &immersed) {
      |                                                    ~~~~~~~~~~~~~~~^~~~~~~~
model/latticeboltzmann/opencl/lbopencl.cpp: In member function ‘bool LBOpenCL::checkError(cl_int, const std::string&)’:
model/latticeboltzmann/opencl/lbopencl.cpp:54:8: error: invalid use of incomplete type ‘class QDebug’
   54 |  qDebug() << "OpenCL ERROR:" << QString::fromStdString(lastError);
In file included from /usr/include/x86_64-linux-gnu/qt5/QtCore/qglobal.h:1305,
                 from /usr/include/x86_64-linux-gnu/qt5/QtCore/qalgorithms.h:43,
                 from /usr/include/x86_64-linux-gnu/qt5/QtCore/qlist.h:43,
                 from /usr/include/x86_64-linux-gnu/qt5/QtCore/QList:1,
                 from model/latticeboltzmann/opencl/../lbgrid.h:26,
                 from model/latticeboltzmann/opencl/lbopencl.cpp:2:
/usr/include/x86_64-linux-gnu/qt5/QtCore/qlogging.h:57:7: note: forward declaration of ‘class QDebug’
   57 | class QDebug;
      |       ^~~~~~
model/latticeboltzmann/opencl/lbopencl.cpp: In member function ‘bool LBOpenCL::buildProgram(const std::string&)’:
model/latticeboltzmann/opencl/lbopencl.cpp:76:8: error: invalid use of incomplete type ‘class QDebug’
   76 |  qDebug() << "OpenCL Build Error:" << log.data();
/usr/include/x86_64-linux-gnu/qt5/QtCore/qlogging.h:57:7: note: forward declaration of ‘class QDebug’
   57 | class QDebug;
      |       ^~~~~~
model/latticeboltzmann/opencl/lbopencl.cpp:80:8: error: invalid use of incomplete type ‘class QDebug’
   80 |  qDebug() << "Kernel compiled successfully";
/usr/include/x86_64-linux-gnu/qt5/QtCore/qlogging.h:57:7: note: forward declaration of ‘class QDebug’
   57 | class QDebug;
      |       ^~~~~~
model/latticeboltzmann/opencl/lbopencl.cpp:88:8: error: invalid use of incomplete type ‘class QDebug’
   88 |  qDebug() << "Kernels created successfully";
/usr/include/x86_64-linux-gnu/qt5/QtCore/qlogging.h:57:7: note: forward declaration of ‘class QDebug’
   57 | class QDebug;
      |       ^~~~~~
model/latticeboltzmann/opencl/lbopencl.cpp: In member function ‘bool LBOpenCL::initialize(bool)’:
model/latticeboltzmann/opencl/lbopencl.cpp:95:8: error: invalid use of incomplete type ‘class QDebug’
   95 |  qDebug() << "OpenCL: Getting platforms...";
/usr/include/x86_64-linux-gnu/qt5/QtCore/qlogging.h:57:7: note: forward declaration of ‘class QDebug’
   57 | class QDebug;
      |       ^~~~~~
model/latticeboltzmann/opencl/lbopencl.cpp:108:8: error: invalid use of incomplete type ‘class QDebug’
  108 |  qDebug() << "OpenCL: Found" << numPlatforms << "platforms";
/usr/include/x86_64-linux-gnu/qt5/QtCore/qlogging.h:57:7: note: forward declaration of ‘class QDebug’
   57 | class QDebug;
      |       ^~~~~~
model/latticeboltzmann/opencl/lbopencl.cpp:115:8: error: invalid use of incomplete type ‘class QDebug’
  115 |  qDebug() << "No GPU devices found, trying CPU...";
/usr/include/x86_64-linux-gnu/qt5/QtCore/qlogging.h:57:7: note: forward declaration of ‘class QDebug’
   57 | class QDebug;
      |       ^~~~~~
model/latticeboltzmann/opencl/lbopencl.cpp:134:8: error: invalid use of incomplete type ‘class QDebug’
  134 |  qDebug() << "OpenCL device:" << QString::fromStdString(deviceName);
/usr/include/x86_64-linux-gnu/qt5/QtCore/qlogging.h:57:7: note: forward declaration of ‘class QDebug’
   57 | class QDebug;
      |       ^~~~~~
model/latticeboltzmann/opencl/lbopencl.cpp:136:8: error: invalid use of incomplete type ‘class QDebug’
  136 |  qDebug() << "OpenCL: Creating context...";
/usr/include/x86_64-linux-gnu/qt5/QtCore/qlogging.h:57:7: note: forward declaration of ‘class QDebug’
   57 | class QDebug;
      |       ^~~~~~
model/latticeboltzmann/opencl/lbopencl.cpp:140:8: error: invalid use of incomplete type ‘class QDebug’
  140 |  qDebug() << "OpenCL: Creating command queue...";
/usr/include/x86_64-linux-gnu/qt5/QtCore/qlogging.h:57:7: note: forward declaration of ‘class QDebug’
   57 | class QDebug;
      |       ^~~~~~
model/latticeboltzmann/opencl/lbopencl.cpp:144:8: error: invalid use of incomplete type ‘class QDebug’
  144 |  qDebug() << "OpenCL: Loading kernel...";
/usr/include/x86_64-linux-gnu/qt5/QtCore/qlogging.h:57:7: note: forward declaration of ‘class QDebug’
   57 | class QDebug;
      |       ^~~~~~
model/latticeboltzmann/opencl/lbopencl.cpp:148:8: error: invalid use of incomplete type ‘class QDebug’
  148 |  qDebug() << QString::fromStdString(lastError);
/usr/include/x86_64-linux-gnu/qt5/QtCore/qlogging.h:57:7: note: forward declaration of ‘class QDebug’
   57 | class QDebug;
      |       ^~~~~~
model/latticeboltzmann/opencl/lbopencl.cpp:159:8: error: invalid use of incomplete type ‘class QDebug’
  159 |  qDebug() << "OpenCL initialization complete!";
/usr/include/x86_64-linux-gnu/qt5/QtCore/qlogging.h:57:7: note: forward declaration of ‘class QDebug’
   57 | class QDebug;
      |       ^~~~~~
model/latticeboltzmann/opencl/lbopencl.cpp: In member function ‘bool LBOpenCL::loadFromGrid()’:
model/latticeboltzmann/opencl/lbopencl.cpp:176:8: error: invalid use of incomplete type ‘class QDebug’
  176 |  qDebug() << "OpenCL: Loading grid" << width << "x" << height << "x" << length << "=" << totalCells << "cells";
/usr/include/x86_64-linux-gnu/qt5/QtCore/qlogging.h:57:7: note: forward declaration of ‘class QDebug’
   57 | class QDebug;
      |       ^~~~~~
model/latticeboltzmann/opencl/lbopencl.cpp:180:8: error: invalid use of incomplete type ‘class QDebug’
  180 |  qDebug() << QString::fromStdString(lastError);
/usr/include/x86_64-linux-gnu/qt5/QtCore/qlogging.h:57:7: note: forward declaration of ‘class QDebug’
   57 | class QDebug;
      |       ^~~~~~
model/latticeboltzmann/opencl/lbopencl.cpp:189:8: error: invalid use of incomplete type ‘class QDebug’
  189 |  qDebug() << "OpenCL: Allocating buffers...";
/usr/include/x86_64-linux-gnu/qt5/QtCore/qlogging.h:57:7: note: forward declaration of ‘class QDebug’
   57 | class QDebug;
      |       ^~~~~~
model/latticeboltzmann/opencl/lbopencl.cpp:212:8: error: invalid use of incomplete type ‘class QDebug’
  212 |  qDebug() << "OpenCL: Buffers allocated successfully";
/usr/include/x86_64-linux-gnu/qt5/QtCore/qlogging.h:57:7: note: forward declaration of ‘class QDebug’
   57 | class QDebug;
      |       ^~~~~~
model/latticeboltzmann/opencl/lbopencl.cpp:218:8: error: invalid use of incomplete type ‘class QDebug’
  218 |  qDebug() << "OpenCL: Copying grid data to host buffers...";
/usr/include/x86_64-linux-gnu/qt5/QtCore/qlogging.h:57:7: note: forward declaration of ‘class QDebug’
   57 | class QDebug;
      |       ^~~~~~
model/latticeboltzmann/opencl/lbopencl.cpp:225:8: error: invalid use of incomplete type ‘class QDebug’
  225 |  qDebug() << "INDEX OUT OF BOUNDS:" << idx << "at" << x << y << z;
/usr/include/x86_64-linux-gnu/qt5/QtCore/qlogging.h:57:7: note: forward declaration of ‘class QDebug’
   57 | class QDebug;
      |       ^~~~~~
model/latticeboltzmann/opencl/lbopencl.cpp:252:8: error: invalid use of incomplete type ‘class QDebug’
  252 |  qDebug() << "OpenCL: Writing to GPU buffers...";
/usr/include/x86_64-linux-gnu/qt5/QtCore/qlogging.h:57:7: note: forward declaration of ‘class QDebug’
   57 | class QDebug;
      |       ^~~~~~
model/latticeboltzmann/opencl/lbopencl.cpp:262:8: error: invalid use of incomplete type ‘class QDebug’
  262 |  qDebug() << "OpenCL: Setting kernel arguments...";
/usr/include/x86_64-linux-gnu/qt5/QtCore/qlogging.h:57:7: note: forward declaration of ‘class QDebug’
   57 | class QDebug;
      |       ^~~~~~
model/latticeboltzmann/opencl/lbopencl.cpp:294:8: error: invalid use of incomplete type ‘class QDebug’
  294 |  qDebug() << "OpenCL: Grid loaded successfully!";
/usr/include/x86_64-linux-gnu/qt5/QtCore/qlogging.h:57:7: note: forward declaration of ‘class QDebug’
   57 | class QDebug;
      |       ^~~~~~
model/latticeboltzmann/opencl/lbopencl.cpp: In member function ‘bool LBOpenCL::execute(int)’:
model/latticeboltzmann/opencl/lbopencl.cpp:316:2: error: ‘err’ was not declared in this scope; did you mean ‘errno’?
  316 |  err = clFinish(queue);
      |  ^~~
      |  errno
make: *** [Makefile:2354: lbopencl.o] Errore 1
make: *** Attesa per i processi non terminati....
model/latticeboltzmann/lbgrid.cpp: In constructor ‘Grid::Grid()’:
model/latticeboltzmann/lbgrid.cpp:89:9: error: cannot convert ‘BaseCell***’ to ‘BaseCell**’ in assignment
   89 |  grid = new BaseCell**[config->getTotalSites()];
      |         ^~~~~~~~~~~~~~~~~~~~~~~~~~~~~~~~~~~~~~~
      |         |
      |         BaseCell***
model/latticeboltzmann/lbgrid.cpp:90:19: error: cannot convert ‘BaseCell***’ to ‘BaseCell**’ in assignment
   90 |  neighborsCache = new BaseCell**[config->getTotalSites() * config->getModel()];
      |                   ^~~~~~~~~~~~~~~~~~~~~~~~~~~~~~~~~~~~~~~~~~~~~~~~~~~~~~~~~~~~
      |                   |
      |                   BaseCell***
model/latticeboltzmann/lbgrid.cpp: In member function ‘void Grid::init(int, int, int, bool)’:
model/latticeboltzmann/lbgrid.cpp:155:9: error: cannot convert ‘BaseCell***’ to ‘BaseCell**’ in assignment
  155 |  grid = new BaseCell**[config->getTotalSites()];
      |         ^~~~~~~~~~~~~~~~~~~~~~~~~~~~~~~~~~~~~~~
      |         |
      |         BaseCell***
model/latticeboltzmann/lbgrid.cpp:156:19: error: cannot convert ‘BaseCell***’ to ‘BaseCell**’ in assignment
  156 |  neighborsCache = new BaseCell**[config->getTotalSites() * config->getModel()];
      |                   ^~~~~~~~~~~~~~~~~~~~~~~~~~~~~~~~~~~~~~~~~~~~~~~~~~~~~~~~~~~~
      |                   |
      |                   BaseCell***
model/latticeboltzmann/lbgrid.cpp: In member function ‘MyVector3D Grid::getFlux(int, int, int)’:
model/latticeboltzmann/lbgrid.cpp:1200:44: warning: unused parameter ‘z’ [-Wunused-parameter]
 1200 | MyVector3D Grid::getFlux(int x, int y, int z) {
      |                                        ~~~~^
make: *** [Makefile:1381: lbgrid.o] Errore 1
view/lbwidget.cpp: In member function ‘virtual void LBWidget::wheelEvent(QWheelEvent*)’:
view/lbwidget.cpp:197:66: warning: ‘int QWheelEvent::delta() const’ is deprecated: Use angleDelta() [-Wdeprecated-declarations]
  197 |     painter->getCamera()->resize(width(), height(), -event->delta() * 0.001);
      |                                                      ~~~~~~~~~~~~^~
In file included from /usr/include/x86_64-linux-gnu/qt5/QtGui/QMouseEvent:1,
                 from view/lbwidget.cpp:38:
/usr/include/x86_64-linux-gnu/qt5/QtGui/qevent.h:219:16: note: declared here
  219 |     inline int delta() const  { return qt4D; }
      |                ^~~~~
